<html>
<body>
<pre>
<h1>µVision Build Log</h1>
<h2>Project:</h2>
F:\work1123\stm32f4x7_eth_iap\STM32F4x7_ETH_IAP_V1.0.0\Project\MDK-ARM\Project.uvproj
Project File Date:  06/12/2016

<h2>Output:</h2>
Build target 'STM324xG_EVAL'
compiling system_stm32f4xx.c...
assembling startup_stm32f4xx.s...
compiling tftpserver.c...
..\src\tftpserver.c(116): warning: C4017W: packet may be used before being set
compiling flash_if.c...
compiling httpserver.c...
compiling main.c...
compiling netconf.c...
..\src\netconf.c(199): warning: C4017W: iptab may be used before being set
compiling stm32f4x7_eth_bsp.c...
compiling stm32f4xx_it.c...
compiling tcpip.c...
compiling api_lib.c...
compiling api_msg.c...
compiling err.c...
compiling netbuf.c...
compiling netdb.c...
compiling netifapi.c...
compiling sockets.c...
compiling ip_frag.c...
compiling autoip.c...
compiling icmp.c...
compiling igmp.c...
compiling inet.c...
compiling inet_chksum.c...
compiling ip.c...
compiling ip_addr.c...
compiling udp.c...
compiling dhcp.c...
compiling dns.c...
compiling init.c...
compiling mem.c...
..\..\Utilities\Third_Party\lwip_v1.3.2\src\core\mem.c(184): warning:  #550-D: variable "mem_sem" was set but never used
compiling memp.c...
compiling netif.c...
compiling pbuf.c...
compiling raw.c...
compiling stats.c...
compiling sys.c...
compiling tcp.c...
compiling tcp_in.c...
compiling tcp_out.c...
..\..\Utilities\Third_Party\lwip_v1.3.2\src\core\tcp_out.c(465): warning:  #550-D: variable "tcphdr" was set but never used
..\..\Utilities\Third_Party\lwip_v1.3.2\src\core\tcp_out.c(935): warning:  #550-D: variable "tcphdr" was set but never used
compiling etharp.c...
compiling ethernetif.c...
compiling stm32f4xx_sdio.c...
compiling stm32f4xx_syscfg.c...
compiling stm32f4xx_usart.c...
compiling misc.c...
compiling stm32f4xx_dma.c...
compiling stm32f4xx_exti.c...
compiling stm32f4xx_flash.c...
compiling stm32f4xx_fsmc.c...
compiling stm32f4xx_gpio.c...
compiling stm32f4xx_i2c.c...
compiling stm32f4xx_rcc.c...
compiling stm32f4x7_eth.c...
compiling stm324xg_eval_lcd.c...
compiling stm324xg_eval.c...
linking...
.\STM324xG_EVAL\STM324xG_EVAL.axf: error: L6047U: The size of this image (38864 bytes) exceeds the maximum allowed for this version of the linker
".\STM324xG_EVAL\STM324xG_EVAL.axf" - 1 Errors, 5 Warning(s).
Target not created
Build target 'STM324xG_EVAL'
linking...
.\STM324xG_EVAL\STM324xG_EVAL.axf: error: L6047U: The size of this image (38864 bytes) exceeds the maximum allowed for this version of the linker
".\STM324xG_EVAL\STM324xG_EVAL.axf" - 1 Errors, 0 Warning(s).
Target not created
Build target 'STM324xG_EVAL'
linking...
Program Size: Code=30876 RO-data=7636 RW-data=352 ZI-data=32880  
".\STM324xG_EVAL\STM324xG_EVAL.axf" - 0 Errors, 0 Warning(s).
Build target 'STM324xG_EVAL'
linking...
Program Size: Code=30876 RO-data=7636 RW-data=352 ZI-data=32880  
".\STM324xG_EVAL\STM324xG_EVAL.axf" - 0 Errors, 0 Warning(s).
Rebuild target 'STM324xG_EVAL'
compiling system_stm32f4xx.c...
assembling startup_stm32f4xx.s...
compiling tftpserver.c...
..\src\tftpserver.c(116): warning: C4017W: packet may be used before being set
compiling flash_if.c...
compiling httpserver.c...
compiling main.c...
compiling netconf.c...
..\src\netconf.c(199): warning: C4017W: iptab may be used before being set
compiling stm32f4x7_eth_bsp.c...
compiling stm32f4xx_it.c...
compiling tcpip.c...
compiling api_lib.c...
compiling api_msg.c...
compiling err.c...
compiling netbuf.c...
compiling netdb.c...
compiling netifapi.c...
compiling sockets.c...
compiling ip_frag.c...
compiling autoip.c...
compiling icmp.c...
compiling igmp.c...
compiling inet.c...
compiling inet_chksum.c...
compiling ip.c...
compiling ip_addr.c...
compiling udp.c...
compiling dhcp.c...
compiling dns.c...
compiling init.c...
compiling mem.c...
..\..\Utilities\Third_Party\lwip_v1.3.2\src\core\mem.c(184): warning:  #550-D: variable "mem_sem" was set but never used
compiling memp.c...
compiling netif.c...
compiling pbuf.c...
compiling raw.c...
compiling stats.c...
compiling sys.c...
compiling tcp.c...
compiling tcp_in.c...
compiling tcp_out.c...
..\..\Utilities\Third_Party\lwip_v1.3.2\src\core\tcp_out.c(465): warning:  #550-D: variable "tcphdr" was set but never used
..\..\Utilities\Third_Party\lwip_v1.3.2\src\core\tcp_out.c(935): warning:  #550-D: variable "tcphdr" was set but never used
compiling etharp.c...
compiling ethernetif.c...
compiling stm32f4xx_sdio.c...
compiling stm32f4xx_syscfg.c...
compiling stm32f4xx_usart.c...
compiling misc.c...
compiling stm32f4xx_dma.c...
compiling stm32f4xx_exti.c...
compiling stm32f4xx_flash.c...
compiling stm32f4xx_fsmc.c...
compiling stm32f4xx_gpio.c...
compiling stm32f4xx_i2c.c...
compiling stm32f4xx_rcc.c...
compiling stm32f4x7_eth.c...
compiling stm324xg_eval_lcd.c...
compiling stm324xg_eval.c...
linking...
Program Size: Code=30876 RO-data=7636 RW-data=352 ZI-data=32880  
".\STM324xG_EVAL\STM324xG_EVAL.axf" - 0 Errors, 5 Warning(s).
Build target 'STM324xG_EVAL'
compiling system_stm32f4xx.c...
assembling startup_stm32f4xx.s...
compiling tftpserver.c...
..\src\tftpserver.c(116): warning: C4017W: packet may be used before being set
compiling flash_if.c...
compiling httpserver.c...
compiling main.c...
compiling netconf.c...
..\src\netconf.c(199): warning: C4017W: iptab may be used before being set
compiling stm32f4x7_eth_bsp.c...
compiling stm32f4xx_it.c...
compiling tcpip.c...
compiling api_lib.c...
compiling api_msg.c...
compiling err.c...
compiling netbuf.c...
compiling netdb.c...
compiling netifapi.c...
compiling sockets.c...
compiling ip_frag.c...
compiling autoip.c...
compiling icmp.c...
compiling igmp.c...
compiling inet.c...
compiling inet_chksum.c...
compiling ip.c...
compiling ip_addr.c...
compiling udp.c...
compiling dhcp.c...
compiling dns.c...
compiling init.c...
compiling mem.c...
..\..\Utilities\Third_Party\lwip_v1.3.2\src\core\mem.c(184): warning:  #550-D: variable "mem_sem" was set but never used
compiling memp.c...
compiling netif.c...
compiling pbuf.c...
compiling raw.c...
compiling stats.c...
compiling sys.c...
compiling tcp.c...
compiling tcp_in.c...
compiling tcp_out.c...
..\..\Utilities\Third_Party\lwip_v1.3.2\src\core\tcp_out.c(465): warning:  #550-D: variable "tcphdr" was set but never used
..\..\Utilities\Third_Party\lwip_v1.3.2\src\core\tcp_out.c(935): warning:  #550-D: variable "tcphdr" was set but never used
compiling etharp.c...
compiling ethernetif.c...
compiling stm32f4xx_sdio.c...
compiling stm32f4xx_syscfg.c...
compiling stm32f4xx_usart.c...
compiling misc.c...
compiling stm32f4xx_dma.c...
compiling stm32f4xx_exti.c...
compiling stm32f4xx_flash.c...
compiling stm32f4xx_fsmc.c...
compiling stm32f4xx_gpio.c...
compiling stm32f4xx_i2c.c...
compiling stm32f4xx_rcc.c...
compiling stm32f4x7_eth.c...
compiling stm324xg_eval_lcd.c...
compiling stm324xg_eval.c...
linking...
Program Size: Code=30876 RO-data=7636 RW-data=352 ZI-data=32880  
".\STM324xG_EVAL\STM324xG_EVAL.axf" - 0 Errors, 5 Warning(s).
Build target 'STM324xG_EVAL'
compiling system_stm32f4xx.c...
compiling tftpserver.c...
..\src\tftpserver.c(116): warning: C4017W: packet may be used before being set
compiling flash_if.c...
compiling httpserver.c...
compiling main.c...
compiling netconf.c...
..\src\netconf.c(199): warning: C4017W: iptab may be used before being set
compiling stm32f4x7_eth_bsp.c...
compiling stm32f4xx_it.c...
compiling tcpip.c...
compiling api_lib.c...
compiling api_msg.c...
compiling err.c...
compiling netbuf.c...
compiling netdb.c...
compiling netifapi.c...
compiling sockets.c...
compiling ip_frag.c...
compiling autoip.c...
compiling icmp.c...
compiling igmp.c...
compiling inet.c...
compiling inet_chksum.c...
compiling ip.c...
compiling ip_addr.c...
compiling udp.c...
compiling dhcp.c...
compiling dns.c...
compiling init.c...
compiling mem.c...
..\..\Utilities\Third_Party\lwip_v1.3.2\src\core\mem.c(184): warning:  #550-D: variable "mem_sem" was set but never used
compiling memp.c...
compiling netif.c...
compiling pbuf.c...
compiling raw.c...
compiling stats.c...
compiling sys.c...
compiling tcp.c...
compiling tcp_in.c...
compiling tcp_out.c...
..\..\Utilities\Third_Party\lwip_v1.3.2\src\core\tcp_out.c(465): warning:  #550-D: variable "tcphdr" was set but never used
..\..\Utilities\Third_Party\lwip_v1.3.2\src\core\tcp_out.c(935): warning:  #550-D: variable "tcphdr" was set but never used
compiling etharp.c...
compiling ethernetif.c...
compiling stm32f4xx_sdio.c...
compiling stm32f4xx_syscfg.c...
compiling stm32f4xx_usart.c...
compiling misc.c...
compiling stm32f4xx_dma.c...
compiling stm32f4xx_exti.c...
compiling stm32f4xx_flash.c...
compiling stm32f4xx_fsmc.c...
compiling stm32f4xx_gpio.c...
compiling stm32f4xx_i2c.c...
compiling stm32f4xx_rcc.c...
compiling stm32f4x7_eth.c...
compiling stm324xg_eval_lcd.c...
compiling stm324xg_eval.c...
linking...
Program Size: Code=30876 RO-data=7636 RW-data=352 ZI-data=32880  
FromELF: creating hex file...
After Build - User command #1: C:\Keil\ARM\ARMCC\bin\fromelf.exe
ARM FromELF, 5.03 [Build 76] [MDK-ARM Standard]
ARM image conversion utility
fromelf [options] input_file
Options:
       --help         display this help screen
       --vsn          display version information
       --output file  the output file. (defaults to stdout for -text format)
       --nodebug      do not put debug areas in the output image
       --nolinkview   do not put sections in the output image
Binary Output Formats:
       --bin          Plain Binary
       --m32          Motorola 32 bit Hex
       --i32          Intel 32 bit Hex
       --vhx          Byte Oriented Hex format
       --base addr    Optionally set base address for m32,i32
Output Formats Requiring Debug Information
       --fieldoffsets Assembly Language Description of Structures/Classes
       --expandarrays Arrays inside and outside structures are expanded
Other Output Formats:
       --elf         ELF
       --text        Text Information
                Flags for Text Information
                -v          verbose
                -a          print data addresses (For images built with debug)
                -c          disassemble code
                -d          print contents of data section
                -e          print exception tables
                -g          print debug tables
                -r          print relocation information
                -s          print symbol table
                -t          print string table
                -y          print dynamic segment contents
                -z          print code and data size information
Software supplied by: ARM Limited
".\STM324xG_EVAL\STM324xG_EVAL.axf" - 0 Errors, 5 Warning(s).
Build target 'STM324xG_EVAL'
linking...
Program Size: Code=30876 RO-data=7636 RW-data=352 ZI-data=32880  
FromELF: creating hex file...
After Build - User command #1: C:\Keil\ARM\ARMCC\bin\fromelf.exe--bin--STM324xG_EVAL./test.bin
--- Error: User Command terminated, Exit-Code = 1
".\STM324xG_EVAL\STM324xG_EVAL.axf" - 1 Errors, 0 Warning(s).
Target not created
Build target 'STM324xG_EVAL'
linking...
Program Size: Code=30876 RO-data=7636 RW-data=352 ZI-data=32880  
FromELF: creating hex file...
After Build - User command #1: C:\Keil\ARM\ARMCC\bin\fromelf.exe--bin--STM324xG_EVAL./test.bin.
--- Error: User Command terminated, Exit-Code = 1
".\STM324xG_EVAL\STM324xG_EVAL.axf" - 1 Errors, 0 Warning(s).
Target not created
Build target 'STM324xG_EVAL'
linking...
Program Size: Code=30876 RO-data=7636 RW-data=352 ZI-data=32880  
FromELF: creating hex file...
".\STM324xG_EVAL\STM324xG_EVAL.axf" - 0 Errors, 0 Warning(s).
Build target 'STM324xG_EVAL'
linking...
Program Size: Code=30876 RO-data=7636 RW-data=352 ZI-data=32880  
FromELF: creating hex file...
After Build - User command #1: fromelf.exe --bin -o "F:\work1123\stm32f4x7_eth_iap\STM32F4x7_ETH_IAP_V1.0.0\Project\MDK-ARM\STM324xG_EVAL\STM324xG_EVAL.bin" "F:\work1123\stm32f4x7_eth_iap\STM32F4x7_ETH_IAP_V1.0.0\Project\MDK-ARM\STM324xG_EVAL\STM324xG_EVAL.axf"
".\STM324xG_EVAL\STM324xG_EVAL.axf" - 0 Errors, 0 Warning(s).
Build target 'STM324xG_EVAL'
linking...
Program Size: Code=30876 RO-data=7636 RW-data=352 ZI-data=32880  
FromELF: creating hex file...
After Build - User command #1: fromelf.exe --bin -o "F:\work1123\stm32f4x7_eth_iap\STM32F4x7_ETH_IAP_V1.0.0\Project\MDK-ARM\STM324xG_EVAL\test.bin" "F:\work1123\stm32f4x7_eth_iap\STM32F4x7_ETH_IAP_V1.0.0\Project\MDK-ARM\STM324xG_EVAL\test.axf"
".\STM324xG_EVAL\test.axf" - 0 Errors, 0 Warning(s).
Build target 'STM324xG_EVAL'
compiling tftpserver.c...
..\src\tftpserver.c(116): warning: C4017W: packet may be used before being set
compiling flash_if.c...
compiling httpserver.c...
compiling main.c...
compiling netconf.c...
compiling stm32f4x7_eth_bsp.c...
compiling stm32f4xx_it.c...
compiling tcpip.c...
compiling api_lib.c...
compiling api_msg.c...
compiling err.c...
compiling netbuf.c...
compiling netdb.c...
compiling netifapi.c...
compiling sockets.c...
compiling ip_frag.c...
compiling autoip.c...
compiling icmp.c...
compiling igmp.c...
compiling inet.c...
compiling inet_chksum.c...
compiling ip.c...
compiling ip_addr.c...
compiling udp.c...
compiling dhcp.c...
compiling dns.c...
compiling init.c...
compiling mem.c...
..\..\Utilities\Third_Party\lwip_v1.3.2\src\core\mem.c(184): warning:  #550-D: variable "mem_sem" was set but never used
compiling memp.c...
compiling netif.c...
compiling pbuf.c...
compiling raw.c...
compiling stats.c...
compiling sys.c...
compiling tcp.c...
compiling tcp_in.c...
compiling tcp_out.c...
compiling etharp.c...
compiling ethernetif.c...
linking...
Program Size: Code=13340 RO-data=5116 RW-data=188 ZI-data=32420  
FromELF: creating hex file...
After Build - User command #1: fromelf.exe --bin -o "F:\work1123\stm32f4x7_eth_iap\STM32F4x7_ETH_IAP_V1.0.0\Project\MDK-ARM\STM324xG_EVAL\test.bin" "F:\work1123\stm32f4x7_eth_iap\STM32F4x7_ETH_IAP_V1.0.0\Project\MDK-ARM\STM324xG_EVAL\test.axf"
".\STM324xG_EVAL\test.axf" - 0 Errors, 2 Warning(s).
