ARM Linker, 5.03 [Build 76] [MDK-ARM Standard]

==============================================================================

Section Cross References

    system_stm32f4xx.o(i.SystemCoreClockUpdate) refers to system_stm32f4xx.o(.data) for .data
    system_stm32f4xx.o(i.SystemInit) refers to system_stm32f4xx.o(i.SetSysClock) for SetSysClock
    startup_stm32f4xx.o(RESET) refers to startup_stm32f4xx.o(STACK) for __initial_sp
    startup_stm32f4xx.o(RESET) refers to startup_stm32f4xx.o(.text) for Reset_Handler
    startup_stm32f4xx.o(RESET) refers to stm32f4xx_it.o(i.NMI_Handler) for NMI_Handler
    startup_stm32f4xx.o(RESET) refers to stm32f4xx_it.o(i.HardFault_Handler) for HardFault_Handler
    startup_stm32f4xx.o(RESET) refers to stm32f4xx_it.o(i.MemManage_Handler) for MemManage_Handler
    startup_stm32f4xx.o(RESET) refers to stm32f4xx_it.o(i.BusFault_Handler) for BusFault_Handler
    startup_stm32f4xx.o(RESET) refers to stm32f4xx_it.o(i.UsageFault_Handler) for UsageFault_Handler
    startup_stm32f4xx.o(RESET) refers to stm32f4xx_it.o(i.SVC_Handler) for SVC_Handler
    startup_stm32f4xx.o(RESET) refers to stm32f4xx_it.o(i.DebugMon_Handler) for DebugMon_Handler
    startup_stm32f4xx.o(RESET) refers to stm32f4xx_it.o(i.PendSV_Handler) for PendSV_Handler
    startup_stm32f4xx.o(RESET) refers to stm32f4xx_it.o(i.SysTick_Handler) for SysTick_Handler
    startup_stm32f4xx.o(RESET) refers to stm32f4xx_it.o(i.EXTI15_10_IRQHandler) for EXTI15_10_IRQHandler
    startup_stm32f4xx.o(.text) refers to system_stm32f4xx.o(i.SystemInit) for SystemInit
    startup_stm32f4xx.o(.text) refers to entry.o(.ARM.Collect$$$$00000000) for __main
    tftpserver.o(i.IAP_tftp_cleanup_wr) refers to mem.o(i.mem_free) for mem_free
    tftpserver.o(i.IAP_tftp_cleanup_wr) refers to udp.o(i.udp_disconnect) for udp_disconnect
    tftpserver.o(i.IAP_tftp_cleanup_wr) refers to udp.o(i.udp_remove) for udp_remove
    tftpserver.o(i.IAP_tftp_cleanup_wr) refers to udp.o(i.udp_recv) for udp_recv
    tftpserver.o(i.IAP_tftp_cleanup_wr) refers to tftpserver.o(i.IAP_tftp_recv_callback) for IAP_tftp_recv_callback
    tftpserver.o(i.IAP_tftp_cleanup_wr) refers to tftpserver.o(.data) for .data
    tftpserver.o(i.IAP_tftp_extract_block) refers to inet.o(i.ntohs) for ntohs
    tftpserver.o(i.IAP_tftp_process_write) refers to mem.o(i.mem_malloc) for mem_malloc
    tftpserver.o(i.IAP_tftp_process_write) refers to udp.o(i.udp_recv) for udp_recv
    tftpserver.o(i.IAP_tftp_process_write) refers to flash_if.o(i.FLASH_If_Init) for FLASH_If_Init
    tftpserver.o(i.IAP_tftp_process_write) refers to flash_if.o(i.FLASH_If_Erase) for FLASH_If_Erase
    tftpserver.o(i.IAP_tftp_process_write) refers to tftpserver.o(i.IAP_tftp_send_ack_packet) for IAP_tftp_send_ack_packet
    tftpserver.o(i.IAP_tftp_process_write) refers to stm324xg_eval_lcd.o(i.LCD_GetFont) for LCD_GetFont
    tftpserver.o(i.IAP_tftp_process_write) refers to stm324xg_eval_lcd.o(i.LCD_DisplayStringLine) for LCD_DisplayStringLine
    tftpserver.o(i.IAP_tftp_process_write) refers to stm324xg_eval_lcd.o(i.LCD_SetTextColor) for LCD_SetTextColor
    tftpserver.o(i.IAP_tftp_process_write) refers to tftpserver.o(i.IAP_tftp_cleanup_wr) for IAP_tftp_cleanup_wr
    tftpserver.o(i.IAP_tftp_process_write) refers to tftpserver.o(i.IAP_wrq_recv_callback) for IAP_wrq_recv_callback
    tftpserver.o(i.IAP_tftp_process_write) refers to tftpserver.o(.data) for .data
    tftpserver.o(i.IAP_tftp_recv_callback) refers to udp.o(i.udp_new) for udp_new
    tftpserver.o(i.IAP_tftp_recv_callback) refers to udp.o(i.udp_bind) for udp_bind
    tftpserver.o(i.IAP_tftp_recv_callback) refers to stm324xg_eval_lcd.o(i.LCD_SetTextColor) for LCD_SetTextColor
    tftpserver.o(i.IAP_tftp_recv_callback) refers to stm324xg_eval_lcd.o(i.LCD_GetFont) for LCD_GetFont
    tftpserver.o(i.IAP_tftp_recv_callback) refers to stm324xg_eval_lcd.o(i.LCD_DisplayStringLine) for LCD_DisplayStringLine
    tftpserver.o(i.IAP_tftp_recv_callback) refers to udp.o(i.udp_remove) for udp_remove
    tftpserver.o(i.IAP_tftp_recv_callback) refers to strncpy.o(.text) for strncpy
    tftpserver.o(i.IAP_tftp_recv_callback) refers to stm324xg_eval_lcd.o(i.LCD_Clear) for LCD_Clear
    tftpserver.o(i.IAP_tftp_recv_callback) refers to printf3.o(i.__0sprintf$3) for __2sprintf
    tftpserver.o(i.IAP_tftp_recv_callback) refers to tftpserver.o(i.IAP_tftp_process_write) for IAP_tftp_process_write
    tftpserver.o(i.IAP_tftp_recv_callback) refers to pbuf.o(i.pbuf_free) for pbuf_free
    tftpserver.o(i.IAP_tftp_recv_callback) refers to ip_addr.o(.constdata) for ip_addr_any
    tftpserver.o(i.IAP_tftp_send_ack_packet) refers to inet.o(i.htons) for htons
    tftpserver.o(i.IAP_tftp_send_ack_packet) refers to pbuf.o(i.pbuf_alloc) for pbuf_alloc
    tftpserver.o(i.IAP_tftp_send_ack_packet) refers to udp.o(i.udp_sendto) for udp_sendto
    tftpserver.o(i.IAP_tftp_send_ack_packet) refers to pbuf.o(i.pbuf_free) for pbuf_free
[...]
    i.tcp_sent                               0x08007254   Section        0  tcp.o(i.tcp_sent)
    i.tcp_slowtmr                            0x0800725c   Section        0  tcp.o(i.tcp_slowtmr)
    i.tcp_timewait_input                     0x08007488   Section        0  tcp_in.o(i.tcp_timewait_input)
    tcp_timewait_input                       0x08007489   Thumb Code   100  tcp_in.o(i.tcp_timewait_input)
    i.tcp_tmr                                0x080074f4   Section        0  tcp.o(i.tcp_tmr)
    i.tcp_update_rcv_ann_wnd                 0x08007514   Section        0  tcp.o(i.tcp_update_rcv_ann_wnd)
    i.tcp_write                              0x08007548   Section        0  tcp_out.o(i.tcp_write)
    i.tcp_zero_window_probe                  0x08007576   Section        0  tcp_out.o(i.tcp_zero_window_probe)
    i.udp_bind                               0x08007608   Section        0  udp.o(i.udp_bind)
    i.udp_connect                            0x08007664   Section        0  udp.o(i.udp_connect)
    i.udp_disconnect                         0x080076b0   Section        0  udp.o(i.udp_disconnect)
    i.udp_input                              0x080076c8   Section        0  udp.o(i.udp_input)
    i.udp_new                                0x08007858   Section        0  udp.o(i.udp_new)
    i.udp_recv                               0x08007872   Section        0  udp.o(i.udp_recv)
    i.udp_remove                             0x08007878   Section        0  udp.o(i.udp_remove)
    i.udp_sendto                             0x080078a4   Section        0  udp.o(i.udp_sendto)
    i.udp_sendto_if                          0x080078cc   Section        0  udp.o(i.udp_sendto_if)
    i.update_arp_entry                       0x0800797c   Section        0  etharp.o(i.update_arp_entry)
    update_arp_entry                         0x0800797d   Thumb Code   162  etharp.o(i.update_arp_entry)
    .constdata                               0x08007a24   Section      662  httpserver.o(.constdata)
    data_index_html                          0x08007a24   Data         662  httpserver.o(.constdata)
    .constdata                               0x08007cba   Section      411  httpserver.o(.constdata)
    data_reset_html                          0x08007cba   Data         411  httpserver.o(.constdata)
    .constdata                               0x08007e55   Section      634  httpserver.o(.constdata)
    data_upload_html                         0x08007e55   Data         634  httpserver.o(.constdata)
    .constdata                               0x080080cf   Section      571  httpserver.o(.constdata)
    data_uploaddone_html                     0x080080cf   Data         571  httpserver.o(.constdata)
    .constdata                               0x0800830c   Section       16  httpserver.o(.constdata)
    .constdata                               0x0800831c   Section       16  httpserver.o(.constdata)
    .constdata                               0x0800832c   Section       16  httpserver.o(.constdata)
    .constdata                               0x0800833c   Section       51  httpserver.o(.constdata)
    http_crnl_2                              0x0800833c   Data           4  httpserver.o(.constdata)
    octet_stream                             0x08008350   Data          14  httpserver.o(.constdata)
    Content_Length                           0x0800835e   Data          17  httpserver.o(.constdata)
    .constdata                               0x0800836f   Section        4  ip_addr.o(.constdata)
    .constdata                               0x08008373   Section        4  ip_addr.o(.constdata)
    .constdata                               0x08008378   Section       36  memp.o(.constdata)
    memp_sizes                               0x08008378   Data          18  memp.o(.constdata)
    memp_num                                 0x0800838a   Data          18  memp.o(.constdata)
    .constdata                               0x0800839c   Section       20  tcp.o(.constdata)
    .constdata                               0x080083b0   Section       12  etharp.o(.constdata)
    .constdata                               0x080083bc   Section     4560  stm324xg_eval_lcd.o(.constdata)
    .constdata                               0x0800958c   Section       92  stm324xg_eval.o(.constdata)
    .conststring                             0x080095e8   Section      104  tcp.o(.conststring)
    .data                                    0x20000000   Section       12  tftpserver.o(.data)
    total_count                              0x20000000   Data           4  tftpserver.o(.data)
    Flash_Write_Address                      0x20000004   Data           4  tftpserver.o(.data)
    UDPpcb                                   0x20000008   Data           4  tftpserver.o(.data)
    .data                                    0x2000000c   Section       36  httpserver.o(.data)
    LeftBytes                                0x2000000c   Data           1  httpserver.o(.data)
    resetpage                                0x2000000d   Data           1  httpserver.o(.data)
    DataFlag                                 0x20000010   Data           4  httpserver.o(.data)
    size                                     0x20000014   Data           4  httpserver.o(.data)
    TotalReceived                            0x20000018   Data           4  httpserver.o(.data)
    ContentLengthOffset                      0x2000001c   Data           4  httpserver.o(.data)
    BrowserFlag                              0x20000020   Data           4  httpserver.o(.data)
    TotalData                                0x20000024   Data           4  httpserver.o(.data)
    FlashWriteAddress                        0x20000028   Data           4  httpserver.o(.data)
    LeftBytesTab                             0x2000002c   Data           4  httpserver.o(.data)
    .data                                    0x20000030   Section       16  main.o(.data)
    .data                                    0x20000040   Section       24  netconf.o(.data)
    .data                                    0x20000058   Section        8  stm32f4x7_eth_bsp.o(.data)
    .data                                    0x20000060   Section        8  ip_frag.o(.data)
    ip_reass_pbufcount                       0x20000060   Data           2  ip_frag.o(.data)
    reassdatagrams                           0x20000064   Data           4  ip_frag.o(.data)
    .data                                    0x20000068   Section       12  ip.o(.data)
    ip_id                                    0x20000068   Data           2  ip.o(.data)
    .data                                    0x20000074   Section        4  udp.o(.data)
    .data                                    0x20000078   Section        4  dhcp.o(.data)
    xid                                      0x20000078   Data           4  dhcp.o(.data)
    .data                                    0x2000007c   Section       16  mem.o(.data)
    mem_sem                                  0x2000007c   Data           1  mem.o(.data)
    ram                                      0x20000080   Data           4  mem.o(.data)
    ram_end                                  0x20000084   Data           4  mem.o(.data)
    lfree                                    0x20000088   Data           4  mem.o(.data)
    .data                                    0x2000008c   Section       12  netif.o(.data)
    netifnum                                 0x2000008c   Data           1  netif.o(.data)
    .data                                    0x20000098   Section        4  raw.o(.data)
    raw_pcbs                                 0x20000098   Data           4  raw.o(.data)
    .data                                    0x2000009c   Section       76  tcp.o(.data)
    tcp_timer                                0x2000009c   Data           1  tcp.o(.data)
    port                                     0x2000009e   Data           2  tcp.o(.data)
    iss                                      0x200000a0   Data           4  tcp.o(.data)
    .data                                    0x200000e8   Section       28  tcp_in.o(.data)
    flags                                    0x200000e8   Data           1  tcp_in.o(.data)
    recv_flags                               0x200000e9   Data           1  tcp_in.o(.data)
    tcplen                                   0x200000ea   Data           2  tcp_in.o(.data)
    tcphdr                                   0x200000ec   Data           4  tcp_in.o(.data)
    iphdr                                    0x200000f0   Data           4  tcp_in.o(.data)
    seqno                                    0x200000f4   Data           4  tcp_in.o(.data)
    ackno                                    0x200000f8   Data           4  tcp_in.o(.data)
    recv_data                                0x200000fc   Data           4  tcp_in.o(.data)
    .data                                    0x20000104   Section        1  etharp.o(.data)
    etharp_cached_entry                      0x20000104   Data           1  etharp.o(.data)
    .data                                    0x20000105   Section       16  stm32f4xx_rcc.o(.data)
    APBAHBPrescTable                         0x20000105   Data          16  stm32f4xx_rcc.o(.data)
    .data                                    0x20000118   Section       12  stm32f4x7_eth.o(.data)
    .data                                    0x20000124   Section       16  stm324xg_eval_lcd.o(.data)
    TextColor                                0x20000124   Data           2  stm324xg_eval_lcd.o(.data)
    BackColor                                0x20000126   Data           2  stm324xg_eval_lcd.o(.data)
    LCD_Currentfonts                         0x20000128   Data           4  stm324xg_eval_lcd.o(.data)
    .data                                    0x20000134   Section       44  stm324xg_eval.o(.data)
    .bss                                     0x20000160   Section       56  netconf.o(.bss)
    .bss                                     0x20000198   Section     1504  ip_frag.o(.bss)
    buf                                      0x20000198   Data        1504  ip_frag.o(.bss)
    .bss                                     0x20000778   Section     4116  mem.o(.bss)
    ram_heap                                 0x20000778   Data        4116  mem.o(.bss)
    .bss                                     0x2000178c   Section    10383  memp.o(.bss)
    memp_tab                                 0x2000178c   Data          36  memp.o(.bss)
    memp_memory                              0x200017b0   Data       10347  memp.o(.bss)
    .bss                                     0x2000401c   Section       20  tcp_in.o(.bss)
    inseg                                    0x2000401c   Data          20  tcp_in.o(.bss)
    .bss                                     0x20004030   Section      200  etharp.o(.bss)
    arp_table                                0x20004030   Data         200  etharp.o(.bss)
    .bss                                     0x200040f8   Section      160  stm32f4x7_eth.o(.bss)
    .bss                                     0x20004198   Section      160  stm32f4x7_eth.o(.bss)
    .bss                                     0x20004238   Section     7620  stm32f4x7_eth.o(.bss)
    .bss                                     0x20005ffc   Section     7620  stm32f4x7_eth.o(.bss)
    .bss                                     0x20007dc0   Section       12  stm32f4x7_eth.o(.bss)
    STACK                                    0x20007dd0   Section     1024  startup_stm32f4xx.o(STACK)

    Global Symbols

    Symbol Name                              Value     Ov Type        Size  Object(Section)

    BuildAttributes$$THM_ISAv4$E$P$D$K$B$S$7EM$VFPi3$EXTD16$VFPS$VFMA$PE$A:L22UL41UL21$X:L11$S22US41US21$IEEE1$IW$USESV6$~STKCKD$USESV7$~SHL$OSPACE$ROPI$EBA8$MICROLIB$REQ8$PRES8$EABIv2 0x00000000   Number         0  anon$$obj.o ABSOLUTE
    __ARM_use_no_argv                        0x00000000   Number         0  main.o ABSOLUTE
    _printf_a                                0x00000000   Number         0  stubs.o ABSOLUTE
    _printf_c                                0x00000000   Number         0  stubs.o ABSOLUTE
    _printf_charcount                        0x00000000   Number         0  stubs.o ABSOLUTE
    _printf_d                                0x00000000   Number         0  stubs.o ABSOLUTE
    _printf_e                                0x00000000   Number         0  stubs.o ABSOLUTE
    _printf_f                                0x00000000   Number         0  stubs.o ABSOLUTE
    _printf_flags                            0x00000000   Number         0  stubs.o ABSOLUTE
    _printf_fp_dec                           0x00000000   Number         0  stubs.o ABSOLUTE
    _printf_fp_hex                           0x00000000   Number         0  stubs.o ABSOLUTE
    _printf_g                                0x00000000   Number         0  stubs.o ABSOLUTE
    _printf_i                                0x00000000   Number         0  stubs.o ABSOLUTE
    _printf_int_dec                          0x00000000   Number         0  stubs.o ABSOLUTE
    _printf_l                                0x00000000   Number         0  stubs.o ABSOLUTE
    _printf_lc                               0x00000000   Number         0  stubs.o ABSOLUTE
    _printf_ll                               0x00000000   Number         0  stubs.o ABSOLUTE
    _printf_lld                              0x00000000   Number         0  stubs.o ABSOLUTE
    _printf_lli                              0x00000000   Number         0  stubs.o ABSOLUTE
    _printf_llo                              0x00000000   Number         0  stubs.o ABSOLUTE
    _printf_llu                              0x00000000   Number         0  stubs.o ABSOLUTE
    _printf_llx                              0x00000000   Number         0  stubs.o ABSOLUTE
    _printf_longlong_dec                     0x00000000   Number         0  stubs.o ABSOLUTE
    _printf_longlong_hex                     0x00000000   Number         0  stubs.o ABSOLUTE
    _printf_longlong_oct                     0x00000000   Number         0  stubs.o ABSOLUTE
    _printf_ls                               0x00000000   Number         0  stubs.o ABSOLUTE
    _printf_mbtowc                           0x00000000   Number         0  stubs.o ABSOLUTE
    _printf_n                                0x00000000   Number         0  stubs.o ABSOLUTE
    _printf_o                                0x00000000   Number         0  stubs.o ABSOLUTE
    _printf_p                                0x00000000   Number         0  stubs.o ABSOLUTE
    _printf_percent                          0x00000000   Number         0  stubs.o ABSOLUTE
    _printf_pre_padding                      0x00000000   Number         0  stubs.o ABSOLUTE
    _printf_return_value                     0x00000000   Number         0  stubs.o ABSOLUTE
    _printf_s                                0x00000000   Number         0  stubs.o ABSOLUTE
    _printf_sizespec                         0x00000000   Number         0  stubs.o ABSOLUTE
    _printf_str                              0x00000000   Number         0  stubs.o ABSOLUTE
    _printf_truncate_signed                  0x00000000   Number         0  stubs.o ABSOLUTE
    _printf_truncate_unsigned                0x00000000   Number         0  stubs.o ABSOLUTE
    _printf_u                                0x00000000   Number         0  stubs.o ABSOLUTE
    _printf_wc                               0x00000000   Number         0  stubs.o ABSOLUTE
    _printf_wctomb                           0x00000000   Number         0  stubs.o ABSOLUTE
    _printf_widthprec                        0x00000000   Number         0  stubs.o ABSOLUTE
    _printf_x                                0x00000000   Number         0  stubs.o ABSOLUTE
    __cpp_initialize__aeabi_                  - Undefined Weak Reference
    __cxa_finalize                            - Undefined Weak Reference
    _clock_init                               - Undefined Weak Reference
    _microlib_exit                            - Undefined Weak Reference
    __Vectors_Size                           0x00000188   Number         0  startup_stm32f4xx.o ABSOLUTE
    __Vectors                                0x08000000   Data           4  startup_stm32f4xx.o(RESET)
    __Vectors_End                            0x08000188   Data           0  startup_stm32f4xx.o(RESET)
    __main                                   0x08000189   Thumb Code     0  entry.o(.ARM.Collect$$$$00000000)
    _main_stk                                0x08000189   Thumb Code     0  entry2.o(.ARM.Collect$$$$00000001)
    _main_scatterload                        0x0800018d   Thumb Code     0  entry5.o(.ARM.Collect$$$$00000004)
    __main_after_scatterload                 0x08000191   Thumb Code     0  entry5.o(.ARM.Collect$$$$00000004)
    _main_clock                              0x08000191   Thumb Code     0  entry7b.o(.ARM.Collect$$$$00000008)
    _main_cpp_init                           0x08000191   Thumb Code     0  entry8b.o(.ARM.Collect$$$$0000000A)
    _main_init                               0x08000191   Thumb Code     0  entry9a.o(.ARM.Collect$$$$0000000B)
    __rt_final_cpp                           0x08000199   Thumb Code     0  entry10a.o(.ARM.Collect$$$$0000000D)
    __rt_final_exit                          0x08000199   Thumb Code     0  entry11a.o(.ARM.Collect$$$$0000000F)
    Reset_Handler                            0x0800019d   Thumb Code     8  startup_stm32f4xx.o(.text)
    ADC_IRQHandler                           0x080001b7   Thumb Code     0  startup_stm32f4xx.o(.text)
    CAN1_RX0_IRQHandler                      0x080001b7   Thumb Code     0  startup_stm32f4xx.o(.text)
    CAN1_RX1_IRQHandler                      0x080001b7   Thumb Code     0  startup_stm32f4xx.o(.text)
    CAN1_SCE_IRQHandler                      0x080001b7   Thumb Code     0  startup_stm32f4xx.o(.text)
    CAN1_TX_IRQHandler                       0x080001b7   Thumb Code     0  startup_stm32f4xx.o(.text)
    CAN2_RX0_IRQHandler                      0x080001b7   Thumb Code     0  startup_stm32f4xx.o(.text)
    CAN2_RX1_IRQHandler                      0x080001b7   Thumb Code     0  startup_stm32f4xx.o(.text)
    CAN2_SCE_IRQHandler                      0x080001b7   Thumb Code     0  startup_stm32f4xx.o(.text)
    CAN2_TX_IRQHandler                       0x080001b7   Thumb Code     0  startup_stm32f4xx.o(.text)
    CRYP_IRQHandler                          0x080001b7   Thumb Code     0  startup_stm32f4xx.o(.text)
    DCMI_IRQHandler                          0x080001b7   Thumb Code     0  startup_stm32f4xx.o(.text)
    DMA1_Stream0_IRQHandler                  0x080001b7   Thumb Code     0  startup_stm32f4xx.o(.text)
    DMA1_Stream1_IRQHandler                  0x080001b7   Thumb Code     0  startup_stm32f4xx.o(.text)
    DMA1_Stream2_IRQHandler                  0x080001b7   Thumb Code     0  startup_stm32f4xx.o(.text)
    DMA1_Stream3_IRQHandler                  0x080001b7   Thumb Code     0  startup_stm32f4xx.o(.text)
    DMA1_Stream4_IRQHandler                  0x080001b7   Thumb Code     0  startup_stm32f4xx.o(.text)
    DMA1_Stream5_IRQHandler                  0x080001b7   Thumb Code     0  startup_stm32f4xx.o(.text)
    DMA1_Stream6_IRQHandler                  0x080001b7   Thumb Code     0  startup_stm32f4xx.o(.text)
    DMA1_Stream7_IRQHandler                  0x080001b7   Thumb Code     0  startup_stm32f4xx.o(.text)
    DMA2_Stream0_IRQHandler                  0x080001b7   Thumb Code     0  startup_stm32f4xx.o(.text)
    DMA2_Stream1_IRQHandler                  0x080001b7   Thumb Code     0  startup_stm32f4xx.o(.text)
    DMA2_Stream2_IRQHandler                  0x080001b7   Thumb Code     0  startup_stm32f4xx.o(.text)
    DMA2_Stream3_IRQHandler                  0x080001b7   Thumb Code     0  startup_stm32f4xx.o(.text)
    DMA2_Stream4_IRQHandler                  0x080001b7   Thumb Code     0  startup_stm32f4xx.o(.text)
    DMA2_Stream5_IRQHandler                  0x080001b7   Thumb Code     0  startup_stm32f4xx.o(.text)
    DMA2_Stream6_IRQHandler                  0x080001b7   Thumb Code     0  startup_stm32f4xx.o(.text)
    DMA2_Stream7_IRQHandler                  0x080001b7   Thumb Code     0  startup_stm32f4xx.o(.text)
    ETH_IRQHandler                           0x080001b7   Thumb Code     0  startup_stm32f4xx.o(.text)
    ETH_WKUP_IRQHandler                      0x080001b7   Thumb Code     0  startup_stm32f4xx.o(.text)
    EXTI0_IRQHandler                         0x080001b7   Thumb Code     0  startup_stm32f4xx.o(.text)
    EXTI1_IRQHandler                         0x080001b7   Thumb Code     0  startup_stm32f4xx.o(.text)
    EXTI2_IRQHandler                         0x080001b7   Thumb Code     0  startup_stm32f4xx.o(.text)
    EXTI3_IRQHandler                         0x080001b7   Thumb Code     0  startup_stm32f4xx.o(.text)
    EXTI4_IRQHandler                         0x080001b7   Thumb Code     0  startup_stm32f4xx.o(.text)
    EXTI9_5_IRQHandler                       0x080001b7   Thumb Code     0  startup_stm32f4xx.o(.text)
    FLASH_IRQHandler                         0x080001b7   Thumb Code     0  startup_stm32f4xx.o(.text)
    FPU_IRQHandler                           0x080001b7   Thumb Code     0  startup_stm32f4xx.o(.text)
    FSMC_IRQHandler                          0x080001b7   Thumb Code     0  startup_stm32f4xx.o(.text)
    HASH_RNG_IRQHandler                      0x080001b7   Thumb Code     0  startup_stm32f4xx.o(.text)
    I2C1_ER_IRQHandler                       0x080001b7   Thumb Code     0  startup_stm32f4xx.o(.text)
    I2C1_EV_IRQHandler                       0x080001b7   Thumb Code     0  startup_stm32f4xx.o(.text)
    I2C2_ER_IRQHandler                       0x080001b7   Thumb Code     0  startup_stm32f4xx.o(.text)
    I2C2_EV_IRQHandler                       0x080001b7   Thumb Code     0  startup_stm32f4xx.o(.text)
    I2C3_ER_IRQHandler                       0x080001b7   Thumb Code     0  startup_stm32f4xx.o(.text)
    I2C3_EV_IRQHandler                       0x080001b7   Thumb Code     0  startup_stm32f4xx.o(.text)
    OTG_FS_IRQHandler                        0x080001b7   Thumb Code     0  startup_stm32f4xx.o(.text)
    OTG_FS_WKUP_IRQHandler                   0x080001b7   Thumb Code     0  startup_stm32f4xx.o(.text)
    OTG_HS_EP1_IN_IRQHandler                 0x080001b7   Thumb Code     0  startup_stm32f4xx.o(.text)
    OTG_HS_EP1_OUT_IRQHandler                0x080001b7   Thumb Code     0  startup_stm32f4xx.o(.text)
    OTG_HS_IRQHandler                        0x080001b7   Thumb Code     0  startup_stm32f4xx.o(.text)
    OTG_HS_WKUP_IRQHandler                   0x080001b7   Thumb Code     0  startup_stm32f4xx.o(.text)
    PVD_IRQHandler                           0x080001b7   Thumb Code     0  startup_stm32f4xx.o(.text)
    RCC_IRQHandler                           0x080001b7   Thumb Code     0  startup_stm32f4xx.o(.text)
    RTC_Alarm_IRQHandler                     0x080001b7   Thumb Code     0  startup_stm32f4xx.o(.text)
    RTC_WKUP_IRQHandler                      0x080001b7   Thumb Code     0  startup_stm32f4xx.o(.text)
    SDIO_IRQHandler                          0x080001b7   Thumb Code     0  startup_stm32f4xx.o(.text)
    SPI1_IRQHandler                          0x080001b7   Thumb Code     0  startup_stm32f4xx.o(.text)
    SPI2_IRQHandler                          0x080001b7   Thumb Code     0  startup_stm32f4xx.o(.text)
    SPI3_IRQHandler                          0x080001b7   Thumb Code     0  startup_stm32f4xx.o(.text)
    TAMP_STAMP_IRQHandler                    0x080001b7   Thumb Code     0  startup_stm32f4xx.o(.text)
    TIM1_BRK_TIM9_IRQHandler                 0x080001b7   Thumb Code     0  startup_stm32f4xx.o(.text)
    TIM1_CC_IRQHandler                       0x080001b7   Thumb Code     0  startup_stm32f4xx.o(.text)
    TIM1_TRG_COM_TIM11_IRQHandler            0x080001b7   Thumb Code     0  startup_stm32f4xx.o(.text)
    TIM1_UP_TIM10_IRQHandler                 0x080001b7   Thumb Code     0  startup_stm32f4xx.o(.text)
    TIM2_IRQHandler                          0x080001b7   Thumb Code     0  startup_stm32f4xx.o(.text)
    TIM3_IRQHandler                          0x080001b7   Thumb Code     0  startup_stm32f4xx.o(.text)
    TIM4_IRQHandler                          0x080001b7   Thumb Code     0  startup_stm32f4xx.o(.text)
    TIM5_IRQHandler                          0x080001b7   Thumb Code     0  startup_stm32f4xx.o(.text)
    TIM6_DAC_IRQHandler                      0x080001b7   Thumb Code     0  startup_stm32f4xx.o(.text)
    TIM7_IRQHandler                          0x080001b7   Thumb Code     0  startup_stm32f4xx.o(.text)
    TIM8_BRK_TIM12_IRQHandler                0x080001b7   Thumb Code     0  startup_stm32f4xx.o(.text)
    TIM8_CC_IRQHandler                       0x080001b7   Thumb Code     0  startup_stm32f4xx.o(.text)
    TIM8_TRG_COM_TIM14_IRQHandler            0x080001b7   Thumb Code     0  startup_stm32f4xx.o(.text)
    TIM8_UP_TIM13_IRQHandler                 0x080001b7   Thumb Code     0  startup_stm32f4xx.o(.text)
    UART4_IRQHandler                         0x080001b7   Thumb Code     0  startup_stm32f4xx.o(.text)
    UART5_IRQHandler                         0x080001b7   Thumb Code     0  startup_stm32f4xx.o(.text)
    USART1_IRQHandler                        0x080001b7   Thumb Code     0  startup_stm32f4xx.o(.text)
    USART2_IRQHandler                        0x080001b7   Thumb Code     0  startup_stm32f4xx.o(.text)
    USART3_IRQHandler                        0x080001b7   Thumb Code     0  startup_stm32f4xx.o(.text)
    USART6_IRQHandler                        0x080001b7   Thumb Code     0  startup_stm32f4xx.o(.text)
    WWDG_IRQHandler                          0x080001b7   Thumb Code     0  startup_stm32f4xx.o(.text)
    __aeabi_memcpy                           0x080001c1   Thumb Code    36  memcpya.o(.text)
    __aeabi_memcpy4                          0x080001c1   Thumb Code     0  memcpya.o(.text)
    __aeabi_memcpy8                          0x080001c1   Thumb Code     0  memcpya.o(.text)
    __aeabi_memset                           0x080001e5   Thumb Code    14  memseta.o(.text)
    __aeabi_memset4                          0x080001e5   Thumb Code     0  memseta.o(.text)
    __aeabi_memset8                          0x080001e5   Thumb Code     0  memseta.o(.text)
    __aeabi_memclr                           0x080001f3   Thumb Code     4  memseta.o(.text)
    __aeabi_memclr4                          0x080001f3   Thumb Code     0  memseta.o(.text)
    __aeabi_memclr8                          0x080001f3   Thumb Code     0  memseta.o(.text)
    _memset$wrapper                          0x080001f7   Thumb Code    18  memseta.o(.text)
    strncpy                                  0x08000209   Thumb Code    24  strncpy.o(.text)
    strcmp                                   0x08000221   Thumb Code    28  strcmp.o(.text)
    memcmp                                   0x0800023d   Thumb Code    26  memcmp.o(.text)
    strncmp                                  0x08000257   Thumb Code    30  strncmp.o(.text)
    __aeabi_uidiv                            0x08000275   Thumb Code     0  uidiv.o(.text)
    __aeabi_uidivmod                         0x08000275   Thumb Code    44  uidiv.o(.text)
    __scatterload                            0x080002a1   Thumb Code    28  init.o(.text)
    __scatterload_rt2                        0x080002a1   Thumb Code     0  init.o(.text)
    __decompress                             0x080002c5   Thumb Code     0  __dczerorl2.o(.text)
    __decompress1                            0x080002c5   Thumb Code    92  __dczerorl2.o(.text)
    BusFault_Handler                         0x08000321   Thumb Code     2  stm32f4xx_it.o(i.BusFault_Handler)
    DebugMon_Handler                         0x08000323   Thumb Code     2  stm32f4xx_it.o(i.DebugMon_Handler)
    ETH_BSP_Config                           0x08000325   Thumb Code   132  stm32f4x7_eth_bsp.o(i.ETH_BSP_Config)
    ETH_CheckFrameReceived                   0x080003d9   Thumb Code    96  stm32f4x7_eth.o(i.ETH_CheckFrameReceived)
    ETH_DMAReceptionCmd                      0x0800043d   Thumb Code    22  stm32f4x7_eth.o(i.ETH_DMAReceptionCmd)
    ETH_DMARxDescChainInit                   0x08000459   Thumb Code    74  stm32f4x7_eth.o(i.ETH_DMARxDescChainInit)
    ETH_DMATransmissionCmd                   0x080004b1   Thumb Code    22  stm32f4x7_eth.o(i.ETH_DMATransmissionCmd)
    ETH_DMATxDescChainInit                   0x080004cd   Thumb Code    62  stm32f4x7_eth.o(i.ETH_DMATxDescChainInit)
    ETH_DMATxDescChecksumInsertionConfig     0x08000515   Thumb Code     8  stm32f4x7_eth.o(i.ETH_DMATxDescChecksumInsertionConfig)
    ETH_DeInit                               0x0800051d   Thumb Code    24  stm32f4x7_eth.o(i.ETH_DeInit)
    ETH_FlushTransmitFIFO                    0x08000549   Thumb Code    12  stm32f4x7_eth.o(i.ETH_FlushTransmitFIFO)
    ETH_GetSoftwareResetStatus               0x080006c5   Thumb Code    14  stm32f4x7_eth.o(i.ETH_GetSoftwareResetStatus)
    ETH_Get_Received_Frame                   0x080006d9   Thumb Code    42  stm32f4x7_eth.o(i.ETH_Get_Received_Frame)
    ETH_Init                                 0x08000709   Thumb Code   522  stm32f4x7_eth.o(i.ETH_Init)
    ETH_MACAddressConfig                     0x0800094d   Thumb Code    22  stm32f4x7_eth.o(i.ETH_MACAddressConfig)
    ETH_MACReceptionCmd                      0x080009e1   Thumb Code    22  stm32f4x7_eth.o(i.ETH_MACReceptionCmd)
    ETH_MACTransmissionCmd                   0x080009fd   Thumb Code    22  stm32f4x7_eth.o(i.ETH_MACTransmissionCmd)
    ETH_Prepare_Transmit_Descriptors         0x08000a19   Thumb Code   164  stm32f4x7_eth.o(i.ETH_Prepare_Transmit_Descriptors)
    ETH_ReadPHYRegister                      0x08000ac5   Thumb Code    80  stm32f4x7_eth.o(i.ETH_ReadPHYRegister)
    ETH_SoftwareReset                        0x08000b1d   Thumb Code    12  stm32f4x7_eth.o(i.ETH_SoftwareReset)
    ETH_Start                                0x08000b2d   Thumb Code    34  stm32f4x7_eth.o(i.ETH_Start)
    ETH_StructInit                           0x08000b4f   Thumb Code   136  stm32f4x7_eth.o(i.ETH_StructInit)
    ETH_WritePHYRegister                     0x08000bd9   Thumb Code    76  stm32f4x7_eth.o(i.ETH_WritePHYRegister)
    EXTI15_10_IRQHandler                     0x08000c2d   Thumb Code    34  stm32f4xx_it.o(i.EXTI15_10_IRQHandler)
    EXTI_ClearITPendingBit                   0x08000c51   Thumb Code     6  stm32f4xx_exti.o(i.EXTI_ClearITPendingBit)
    EXTI_GetITStatus                         0x08000c5d   Thumb Code    28  stm32f4xx_exti.o(i.EXTI_GetITStatus)
    EXTI_Init                                0x08000c7d   Thumb Code   108  stm32f4xx_exti.o(i.EXTI_Init)
    Eth_Link_EXTIConfig                      0x08000ced   Thumb Code   110  stm32f4x7_eth_bsp.o(i.Eth_Link_EXTIConfig)
    Eth_Link_ITHandler                       0x08000d61   Thumb Code   116  stm32f4x7_eth_bsp.o(i.Eth_Link_ITHandler)
    Eth_Link_PHYITConfig                     0x08000e21   Thumb Code    54  stm32f4x7_eth_bsp.o(i.Eth_Link_PHYITConfig)
    FLASH_EraseSector                        0x08000e59   Thumb Code   104  stm32f4xx_flash.o(i.FLASH_EraseSector)
    FLASH_GetStatus                          0x08000ec5   Thumb Code    46  stm32f4xx_flash.o(i.FLASH_GetStatus)
    FLASH_If_Erase                           0x08000ef9   Thumb Code    80  flash_if.o(i.FLASH_If_Erase)
    FLASH_If_Init                            0x08000f4d   Thumb Code     4  flash_if.o(i.FLASH_If_Init)
    FLASH_If_Write                           0x08000f51   Thumb Code    74  flash_if.o(i.FLASH_If_Write)
    FLASH_ProgramWord                        0x08000fa1   Thumb Code    56  stm32f4xx_flash.o(i.FLASH_ProgramWord)
    FLASH_Unlock                             0x08000fdd   Thumb Code    22  stm32f4xx_flash.o(i.FLASH_Unlock)
    FLASH_WaitForLastOperation               0x08001001   Thumb Code    30  stm32f4xx_flash.o(i.FLASH_WaitForLastOperation)
    FSMC_NORSRAMCmd                          0x08001021   Thumb Code    28  stm32f4xx_fsmc.o(i.FSMC_NORSRAMCmd)
    FSMC_NORSRAMInit                         0x08001041   Thumb Code   192  stm32f4xx_fsmc.o(i.FSMC_NORSRAMInit)
    GPIO_Init                                0x08001101   Thumb Code   162  stm32f4xx_gpio.o(i.GPIO_Init)
    GPIO_PinAFConfig                         0x080011a3   Thumb Code    32  stm32f4xx_gpio.o(i.GPIO_PinAFConfig)
    GPIO_ReadInputDataBit                    0x080011c3   Thumb Code    14  stm32f4xx_gpio.o(i.GPIO_ReadInputDataBit)
    HardFault_Handler                        0x080011d1   Thumb Code     2  stm32f4xx_it.o(i.HardFault_Handler)
    IAP_httpd_init                           0x0800125d   Thumb Code    34  httpserver.o(i.IAP_httpd_init)
    IAP_tftpd_init                           0x08001571   Thumb Code    90  tftpserver.o(i.IAP_tftpd_init)
    LCD_Clear                                0x080017b5   Thumb Code    38  stm324xg_eval_lcd.o(i.LCD_Clear)
    LCD_ClearLine                            0x080017dd   Thumb Code    44  stm324xg_eval_lcd.o(i.LCD_ClearLine)
    LCD_CtrlLinesConfig                      0x0800180d   Thumb Code   292  stm324xg_eval_lcd.o(i.LCD_CtrlLinesConfig)
    LCD_DisplayChar                          0x08001941   Thumb Code    26  stm324xg_eval_lcd.o(i.LCD_DisplayChar)
    LCD_DisplayStringLine                    0x08001961   Thumb Code    52  stm324xg_eval_lcd.o(i.LCD_DisplayStringLine)
    LCD_DrawChar                             0x08001999   Thumb Code   120  stm324xg_eval_lcd.o(i.LCD_DrawChar)
    LCD_FSMCConfig                           0x08001a15   Thumb Code    88  stm324xg_eval_lcd.o(i.LCD_FSMCConfig)
    LCD_GetFont                              0x08001a6d   Thumb Code     6  stm324xg_eval_lcd.o(i.LCD_GetFont)
    LCD_LED_Init                             0x08001a79   Thumb Code   114  main.o(i.LCD_LED_Init)
    LCD_ReadReg                              0x08001b4d   Thumb Code    10  stm324xg_eval_lcd.o(i.LCD_ReadReg)
    LCD_SetBackColor                         0x08001b59   Thumb Code    12  stm324xg_eval_lcd.o(i.LCD_SetBackColor)
    LCD_SetCursor                            0x08001b69   Thumb Code    24  stm324xg_eval_lcd.o(i.LCD_SetCursor)
    LCD_SetTextColor                         0x08001b81   Thumb Code    12  stm324xg_eval_lcd.o(i.LCD_SetTextColor)
    LCD_WriteReg                             0x08001b91   Thumb Code    10  stm324xg_eval_lcd.o(i.LCD_WriteReg)
    LwIP_DHCP_Process_Handle                 0x08001b9d   Thumb Code   402  netconf.o(i.LwIP_DHCP_Process_Handle)
    LwIP_Init                                0x08001e05   Thumb Code    56  netconf.o(i.LwIP_Init)
    LwIP_Periodic_Handle                     0x08001e49   Thumb Code   112  netconf.o(i.LwIP_Periodic_Handle)
    LwIP_Pkt_Handle                          0x08001ebd   Thumb Code     6  netconf.o(i.LwIP_Pkt_Handle)
    MemManage_Handler                        0x08001ec9   Thumb Code     2  stm32f4xx_it.o(i.MemManage_Handler)
    NMI_Handler                              0x08001ecb   Thumb Code     2  stm32f4xx_it.o(i.NMI_Handler)
    NVIC_Init                                0x08001ecd   Thumb Code    92  misc.o(i.NVIC_Init)
    NVIC_PriorityGroupConfig                 0x08001f31   Thumb Code    10  misc.o(i.NVIC_PriorityGroupConfig)
    PendSV_Handler                           0x08001fb5   Thumb Code     2  stm32f4xx_it.o(i.PendSV_Handler)
    RCC_AHB1PeriphClockCmd                   0x08001fb9   Thumb Code    18  stm32f4xx_rcc.o(i.RCC_AHB1PeriphClockCmd)
    RCC_AHB1PeriphResetCmd                   0x08001fd1   Thumb Code    18  stm32f4xx_rcc.o(i.RCC_AHB1PeriphResetCmd)
    RCC_AHB3PeriphClockCmd                   0x08001fe9   Thumb Code    18  stm32f4xx_rcc.o(i.RCC_AHB3PeriphClockCmd)
    RCC_APB2PeriphClockCmd                   0x08002001   Thumb Code    18  stm32f4xx_rcc.o(i.RCC_APB2PeriphClockCmd)
    RCC_GetClocksFreq                        0x08002019   Thumb Code   132  stm32f4xx_rcc.o(i.RCC_GetClocksFreq)
    RCC_MCO1Config                           0x080020ad   Thumb Code    16  stm32f4xx_rcc.o(i.RCC_MCO1Config)
    STM324xG_LCD_Init                        0x080020c1   Thumb Code  1040  stm324xg_eval_lcd.o(i.STM324xG_LCD_Init)
    STM_EVAL_LEDInit                         0x080024d5   Thumb Code    62  stm324xg_eval.o(i.STM_EVAL_LEDInit)
    STM_EVAL_LEDOn                           0x0800251d   Thumb Code    16  stm324xg_eval.o(i.STM_EVAL_LEDOn)
    STM_EVAL_LEDToggle                       0x08002535   Thumb Code    20  stm324xg_eval.o(i.STM_EVAL_LEDToggle)
    STM_EVAL_PBGetState                      0x08002551   Thumb Code    16  stm324xg_eval.o(i.STM_EVAL_PBGetState)
    STM_EVAL_PBInit                          0x08002569   Thumb Code   156  stm324xg_eval.o(i.STM_EVAL_PBInit)
    SVC_Handler                              0x0800260d   Thumb Code     2  stm32f4xx_it.o(i.SVC_Handler)
    SYSCFG_ETH_MediaInterfaceConfig          0x08002611   Thumb Code     6  stm32f4xx_syscfg.o(i.SYSCFG_ETH_MediaInterfaceConfig)
    SYSCFG_EXTILineConfig                    0x0800261d   Thumb Code    34  stm32f4xx_syscfg.o(i.SYSCFG_EXTILineConfig)
    SysTick_CLKSourceConfig                  0x080026f9   Thumb Code    24  misc.o(i.SysTick_CLKSourceConfig)
    SysTick_Handler                          0x08002711   Thumb Code     4  stm32f4xx_it.o(i.SysTick_Handler)
    SystemInit                               0x08002715   Thumb Code    74  system_stm32f4xx.o(i.SystemInit)
    Time_Update                              0x08002771   Thumb Code    10  main.o(i.Time_Update)
    UsageFault_Handler                       0x08002781   Thumb Code     2  stm32f4xx_it.o(i.UsageFault_Handler)
    __0sprintf$3                             0x08002785   Thumb Code    34  printf3.o(i.__0sprintf$3)
    __1sprintf$3                             0x08002785   Thumb Code     0  printf3.o(i.__0sprintf$3)
    __2sprintf                               0x08002785   Thumb Code     0  printf3.o(i.__0sprintf$3)
    __scatterload_copy                       0x080027ad   Thumb Code    14  handlers.o(i.__scatterload_copy)
    __scatterload_null                       0x080027bb   Thumb Code     2  handlers.o(i.__scatterload_null)
    __scatterload_zeroinit                   0x080027bd   Thumb Code    14  handlers.o(i.__scatterload_zeroinit)
    autoip_arp_reply                         0x080029b9   Thumb Code   150  autoip.o(i.autoip_arp_reply)
    autoip_start                             0x08002a51   Thumb Code   140  autoip.o(i.autoip_start)
    dhcp_arp_reply                           0x08002b79   Thumb Code    30  dhcp.o(i.dhcp_arp_reply)
    dhcp_coarse_tmr                          0x08002c99   Thumb Code    90  dhcp.o(i.dhcp_coarse_tmr)
    dhcp_fine_tmr                            0x08002f65   Thumb Code    46  dhcp.o(i.dhcp_fine_tmr)
    dhcp_release                             0x0800345d   Thumb Code   176  dhcp.o(i.dhcp_release)
    dhcp_renew                               0x08003511   Thumb Code   144  dhcp.o(i.dhcp_renew)
    dhcp_start                               0x080036a9   Thumb Code   148  dhcp.o(i.dhcp_start)
    dhcp_stop                                0x08003745   Thumb Code    46  dhcp.o(i.dhcp_stop)
    etharp_arp_input                         0x08003865   Thumb Code   250  etharp.o(i.etharp_arp_input)
    etharp_ip_input                          0x08003965   Thumb Code    44  etharp.o(i.etharp_ip_input)
    etharp_output                            0x08003991   Thumb Code   178  etharp.o(i.etharp_output)
    etharp_query                             0x08003a49   Thumb Code   252  etharp.o(i.etharp_query)
    etharp_raw                               0x08003b49   Thumb Code   178  etharp.o(i.etharp_raw)
    etharp_request                           0x08003c01   Thumb Code    32  etharp.o(i.etharp_request)
    etharp_tmr                               0x08003c5d   Thumb Code    80  etharp.o(i.etharp_tmr)
    ethernet_input                           0x08003cb1   Thumb Code    84  etharp.o(i.ethernet_input)
    ethernetif_init                          0x08003d05   Thumb Code    30  ethernetif.o(i.ethernetif_init)
    ethernetif_input                         0x08003d2d   Thumb Code    38  ethernetif.o(i.ethernetif_input)
    htonl                                    0x08003ef9   Thumb Code     4  inet.o(i.htonl)
    htons                                    0x08003efd   Thumb Code     4  inet.o(i.htons)
    icmp_dest_unreach                        0x08004559   Thumb Code     8  icmp.o(i.icmp_dest_unreach)
    icmp_input                               0x08004561   Thumb Code   276  icmp.o(i.icmp_input)
    icmp_time_exceeded                       0x080046db   Thumb Code     8  icmp.o(i.icmp_time_exceeded)
    inet_chksum                              0x080046e3   Thumb Code    12  inet_chksum.o(i.inet_chksum)
    inet_chksum_pbuf                         0x080046ef   Thumb Code    72  inet_chksum.o(i.inet_chksum_pbuf)
    ip_addr_isbroadcast                      0x08004737   Thumb Code    48  ip_addr.o(i.ip_addr_isbroadcast)
    ip_frag                                  0x08004769   Thumb Code   294  ip_frag.o(i.ip_frag)
    ip_input                                 0x08004895   Thumb Code   386  ip.o(i.ip_input)
    ip_output                                0x08004a21   Thumb Code    52  ip.o(i.ip_output)
    ip_output_if                             0x08004a55   Thumb Code   200  ip.o(i.ip_output_if)
    ip_reass                                 0x08004b21   Thumb Code   398  ip_frag.o(i.ip_reass)
    ip_route                                 0x08004ead   Thumb Code    62  ip.o(i.ip_route)
    main                                     0x08005059   Thumb Code   106  main.o(i.main)
    mem_free                                 0x080050d1   Thumb Code    38  mem.o(i.mem_free)
    mem_init                                 0x080050fd   Thumb Code    44  mem.o(i.mem_init)
    mem_malloc                               0x08005131   Thumb Code   164  mem.o(i.mem_malloc)
    mem_realloc                              0x080051d9   Thumb Code   190  mem.o(i.mem_realloc)
    memp_free                                0x0800529d   Thumb Code    18  memp.o(i.memp_free)
    memp_init                                0x080052b5   Thumb Code    78  memp.o(i.memp_init)
    memp_malloc                              0x0800530d   Thumb Code    28  memp.o(i.memp_malloc)
    netif_add                                0x0800532d   Thumb Code    70  netif.o(i.netif_add)
    netif_is_up                              0x08005379   Thumb Code    10  netif.o(i.netif_is_up)
    netif_set_addr                           0x08005383   Thumb Code    32  netif.o(i.netif_set_addr)
    netif_set_default                        0x080053a5   Thumb Code     6  netif.o(i.netif_set_default)
    netif_set_down                           0x080053b1   Thumb Code    18  netif.o(i.netif_set_down)
    netif_set_gw                             0x080053c3   Thumb Code     8  netif.o(i.netif_set_gw)
    netif_set_ipaddr                         0x080053cd   Thumb Code    96  netif.o(i.netif_set_ipaddr)
    netif_set_netmask                        0x08005435   Thumb Code     8  netif.o(i.netif_set_netmask)
    netif_set_up                             0x0800543d   Thumb Code    28  netif.o(i.netif_set_up)
    ntohl                                    0x08005459   Thumb Code     4  inet.o(i.ntohl)
    ntohs                                    0x0800545d   Thumb Code     4  inet.o(i.ntohs)
    pbuf_alloc                               0x08005461   Thumb Code   272  pbuf.o(i.pbuf_alloc)
    pbuf_cat                                 0x08005571   Thumb Code    40  pbuf.o(i.pbuf_cat)
    pbuf_chain                               0x08005599   Thumb Code    18  pbuf.o(i.pbuf_chain)
    pbuf_clen                                0x080055ab   Thumb Code    18  pbuf.o(i.pbuf_clen)
    pbuf_copy                                0x080055bd   Thumb Code   144  pbuf.o(i.pbuf_copy)
    pbuf_copy_partial                        0x0800564d   Thumb Code   104  pbuf.o(i.pbuf_copy_partial)
    pbuf_free                                0x080056b5   Thumb Code    68  pbuf.o(i.pbuf_free)
    pbuf_header                              0x080056f9   Thumb Code    96  pbuf.o(i.pbuf_header)
    pbuf_realloc                             0x08005759   Thumb Code    78  pbuf.o(i.pbuf_realloc)
    pbuf_ref                                 0x080057a7   Thumb Code    12  pbuf.o(i.pbuf_ref)
    raw_input                                0x08005809   Thumb Code   100  raw.o(i.raw_input)
    tcp_abandon                              0x0800589d   Thumb Code   144  tcp.o(i.tcp_abandon)
    tcp_accept                               0x08005931   Thumb Code     4  tcp.o(i.tcp_accept)
    tcp_alloc                                0x0800593d   Thumb Code   232  tcp.o(i.tcp_alloc)
    tcp_arg                                  0x08005a31   Thumb Code     4  tcp.o(i.tcp_arg)
    tcp_bind                                 0x08005a35   Thumb Code   182  tcp.o(i.tcp_bind)
    tcp_close                                0x08005af1   Thumb Code   148  tcp.o(i.tcp_close)
    tcp_eff_send_mss                         0x08005b89   Thumb Code    32  tcp.o(i.tcp_eff_send_mss)
    tcp_enqueue                              0x08005ba9   Thumb Code   830  tcp_out.o(i.tcp_enqueue)
    tcp_err                                  0x08005ee7   Thumb Code     6  tcp.o(i.tcp_err)
    tcp_fasttmr                              0x08005eed   Thumb Code    86  tcp.o(i.tcp_fasttmr)
    tcp_input                                0x08005f49   Thumb Code   732  tcp_in.o(i.tcp_input)
    tcp_keepalive                            0x08006239   Thumb Code    70  tcp_out.o(i.tcp_keepalive)
    tcp_listen_with_backlog                  0x08006369   Thumb Code   118  tcp.o(i.tcp_listen_with_backlog)
    tcp_new                                  0x080063e9   Thumb Code     6  tcp.o(i.tcp_new)
    tcp_next_iss                             0x08006451   Thumb Code    12  tcp.o(i.tcp_next_iss)
    tcp_output                               0x08006461   Thumb Code   424  tcp_out.o(i.tcp_output)
    tcp_pcb_purge                            0x080067bd   Thumb Code    48  tcp.o(i.tcp_pcb_purge)
    tcp_pcb_remove                           0x080067ed   Thumb Code    86  tcp.o(i.tcp_pcb_remove)
    tcp_poll                                 0x08006849   Thumb Code    10  tcp.o(i.tcp_poll)
    tcp_recv                                 0x08006fdd   Thumb Code     6  tcp.o(i.tcp_recv)
    tcp_recv_null                            0x08006fe3   Thumb Code    36  tcp.o(i.tcp_recv_null)
    tcp_recved                               0x08007007   Thumb Code    60  tcp.o(i.tcp_recved)
    tcp_rexmit                               0x08007043   Thumb Code    72  tcp_out.o(i.tcp_rexmit)
    tcp_rexmit_fast                          0x0800708b   Thumb Code    90  tcp_out.o(i.tcp_rexmit_fast)
    tcp_rexmit_rto                           0x080070e5   Thumb Code    46  tcp_out.o(i.tcp_rexmit_rto)
    tcp_rst                                  0x08007113   Thumb Code   156  tcp_out.o(i.tcp_rst)
    tcp_seg_free                             0x080071af   Thumb Code    32  tcp.o(i.tcp_seg_free)
    tcp_segs_free                            0x080071cf   Thumb Code    26  tcp.o(i.tcp_segs_free)
    tcp_send_ctrl                            0x080071e9   Thumb Code    22  tcp_out.o(i.tcp_send_ctrl)
    tcp_send_empty_ack                       0x080071ff   Thumb Code    86  tcp_out.o(i.tcp_send_empty_ack)
    tcp_sent                                 0x08007255   Thumb Code     6  tcp.o(i.tcp_sent)
    tcp_slowtmr                              0x0800725d   Thumb Code   540  tcp.o(i.tcp_slowtmr)
    tcp_tmr                                  0x080074f5   Thumb Code    28  tcp.o(i.tcp_tmr)
    tcp_update_rcv_ann_wnd                   0x08007515   Thumb Code    52  tcp.o(i.tcp_update_rcv_ann_wnd)
    tcp_write                                0x08007549   Thumb Code    46  tcp_out.o(i.tcp_write)
    tcp_zero_window_probe                    0x08007577   Thumb Code   144  tcp_out.o(i.tcp_zero_window_probe)
    udp_bind                                 0x08007609   Thumb Code    86  udp.o(i.udp_bind)
    udp_connect                              0x08007665   Thumb Code    70  udp.o(i.udp_connect)
    udp_disconnect                           0x080076b1   Thumb Code    20  udp.o(i.udp_disconnect)
    udp_input                                0x080076c9   Thumb Code   396  udp.o(i.udp_input)
    udp_new                                  0x08007859   Thumb Code    26  udp.o(i.udp_new)
    udp_recv                                 0x08007873   Thumb Code     6  udp.o(i.udp_recv)
    udp_remove                               0x08007879   Thumb Code    40  udp.o(i.udp_remove)
    udp_sendto                               0x080078a5   Thumb Code    40  udp.o(i.udp_sendto)
    udp_sendto_if                            0x080078cd   Thumb Code   176  udp.o(i.udp_sendto_if)
    file_index_html                          0x0800830c   Data          16  httpserver.o(.constdata)
    file_reset_html                          0x0800831c   Data          16  httpserver.o(.constdata)
    file_upload_html                         0x0800832c   Data          16  httpserver.o(.constdata)
    file_uploaddone_html                     0x08008340   Data          16  httpserver.o(.constdata)
    ip_addr_any                              0x0800836f   Data           4  ip_addr.o(.constdata)
    ip_addr_broadcast                        0x08008373   Data           4  ip_addr.o(.constdata)
    tcp_persist_backoff                      0x0800839c   Data           7  tcp.o(.constdata)
    tcp_backoff                              0x080083a3   Data          13  tcp.o(.constdata)
    ethbroadcast                             0x080083b0   Data           6  etharp.o(.constdata)
    ethzero                                  0x080083b6   Data           6  etharp.o(.constdata)
    ASCII16x24_Table                         0x080083bc   Data        4560  stm324xg_eval_lcd.o(.constdata)
    COM_TX_PIN                               0x0800958c   Data           2  stm324xg_eval.o(.constdata)
    COM_RX_PIN                               0x0800958e   Data           2  stm324xg_eval.o(.constdata)
    COM_TX_PIN_SOURCE                        0x08009590   Data           2  stm324xg_eval.o(.constdata)
    COM_RX_PIN_SOURCE                        0x08009592   Data           2  stm324xg_eval.o(.constdata)
    COM_TX_AF                                0x08009594   Data           2  stm324xg_eval.o(.constdata)
    COM_RX_AF                                0x08009596   Data           2  stm324xg_eval.o(.constdata)
    COM_USART_CLK                            0x08009598   Data           4  stm324xg_eval.o(.constdata)
    COM_TX_PORT_CLK                          0x0800959c   Data           4  stm324xg_eval.o(.constdata)
    COM_RX_PORT_CLK                          0x080095a0   Data           4  stm324xg_eval.o(.constdata)
    BUTTON_PIN                               0x080095a4   Data           6  stm324xg_eval.o(.constdata)
    BUTTON_EXTI_LINE                         0x080095aa   Data           6  stm324xg_eval.o(.constdata)
    BUTTON_PORT_SOURCE                       0x080095b0   Data           6  stm324xg_eval.o(.constdata)
    BUTTON_PIN_SOURCE                        0x080095b6   Data           6  stm324xg_eval.o(.constdata)
    BUTTON_IRQn                              0x080095bc   Data           6  stm324xg_eval.o(.constdata)
    GPIO_PIN                                 0x080095c2   Data           8  stm324xg_eval.o(.constdata)
    GPIO_CLK                                 0x080095cc   Data          16  stm324xg_eval.o(.constdata)
    BUTTON_CLK                               0x080095dc   Data          12  stm324xg_eval.o(.constdata)
    Region$$Table$$Base                      0x08009650   Number         0  anon$$obj.o(Region$$Table)
    Region$$Table$$Limit                     0x08009670   Number         0  anon$$obj.o(Region$$Table)
    htmlpage                                 0x2000000e   Data           1  httpserver.o(.data)
    LocalTime                                0x20000030   Data           4  main.o(.data)
    timingdelay                              0x20000034   Data           4  main.o(.data)
    Jump_To_Application                      0x20000038   Data           4  main.o(.data)
    JumpAddress                              0x2000003c   Data           4  main.o(.data)
    DHCP_state                               0x20000040   Data           1  netconf.o(.data)
    TCPTimer                                 0x20000044   Data           4  netconf.o(.data)
    ARPTimer                                 0x20000048   Data           4  netconf.o(.data)
    IPaddress                                0x2000004c   Data           4  netconf.o(.data)
    DHCPfineTimer                            0x20000050   Data           4  netconf.o(.data)
    DHCPcoarseTimer                          0x20000054   Data           4  netconf.o(.data)
    EthLinkStatus                            0x20000058   Data           1  stm32f4x7_eth_bsp.o(.data)
    EthInitStatus                            0x2000005c   Data           4  stm32f4x7_eth_bsp.o(.data)
    current_netif                            0x2000006c   Data           4  ip.o(.data)
    current_header                           0x20000070   Data           4  ip.o(.data)
    udp_pcbs                                 0x20000074   Data           4  udp.o(.data)
    netif_list                               0x20000090   Data           4  netif.o(.data)
    netif_default                            0x20000094   Data           4  netif.o(.data)
    tcp_ticks                                0x200000a4   Data           4  tcp.o(.data)
    tcp_bound_pcbs                           0x200000a8   Data           4  tcp.o(.data)
    tcp_listen_pcbs                          0x200000ac   Data           4  tcp.o(.data)
    tcp_active_pcbs                          0x200000b0   Data           4  tcp.o(.data)
    tcp_tw_pcbs                              0x200000b4   Data           4  tcp.o(.data)
    tcp_tmp_pcb                              0x200000b8   Data           4  tcp.o(.data)
    tcp_state_str                            0x200000bc   Data          44  tcp.o(.data)
    tcp_input_pcb                            0x20000100   Data           4  tcp_in.o(.data)
    DMATxDescToSet                           0x20000118   Data           4  stm32f4x7_eth.o(.data)
    DMARxDescToGet                           0x2000011c   Data           4  stm32f4x7_eth.o(.data)
    DMA_RX_FRAME_infos                       0x20000120   Data           4  stm32f4x7_eth.o(.data)
    Font16x24                                0x2000012c   Data           8  stm324xg_eval_lcd.o(.data)
    COM_USART                                0x20000134   Data           4  stm324xg_eval.o(.data)
    COM_TX_PORT                              0x20000138   Data           4  stm324xg_eval.o(.data)
    COM_RX_PORT                              0x2000013c   Data           4  stm324xg_eval.o(.data)
    NVIC_InitStructure                       0x20000140   Data           4  stm324xg_eval.o(.data)
    GPIO_PORT                                0x20000144   Data          16  stm324xg_eval.o(.data)
    BUTTON_PORT                              0x20000154   Data          12  stm324xg_eval.o(.data)
    netif                                    0x20000160   Data          56  netconf.o(.bss)
    DMARxDscrTab                             0x200040f8   Data         160  stm32f4x7_eth.o(.bss)
    DMATxDscrTab                             0x20004198   Data         160  stm32f4x7_eth.o(.bss)
    Rx_Buff                                  0x20004238   Data        7620  stm32f4x7_eth.o(.bss)
    Tx_Buff                                  0x20005ffc   Data        7620  stm32f4x7_eth.o(.bss)
    RX_Frame_Descriptor                      0x20007dc0   Data          12  stm32f4x7_eth.o(.bss)
    __initial_sp                             0x200081d0   Data           0  startup_stm32f4xx.o(STACK)



==============================================================================

Memory Map of the image

  Image Entry point : 0x08000189

  Load Region LR_IROM1 (Base: 0x08000000, Size: 0x000097d0, Max: 0x00100000, ABSOLUTE, COMPRESSED[0x000096cc])

    Execution Region ER_IROM1 (Base: 0x08000000, Size: 0x00009670, Max: 0x00100000, ABSOLUTE)

    Base Addr    Size         Type   Attr      Idx    E Section Name        Object

    0x08000000   0x00000188   Data   RO          139    RESET               startup_stm32f4xx.o
    0x08000188   0x00000000   Code   RO         4602  * .ARM.Collect$$$$00000000  mc_w.l(entry.o)
    0x08000188   0x00000004   Code   RO         4888    .ARM.Collect$$$$00000001  mc_w.l(entry2.o)
    0x0800018c   0x00000004   Code   RO         4891    .ARM.Collect$$$$00000004  mc_w.l(entry5.o)
    0x08000190   0x00000000   Code   RO         4893    .ARM.Collect$$$$00000008  mc_w.l(entry7b.o)
    0x08000190   0x00000000   Code   RO         4895    .ARM.Collect$$$$0000000A  mc_w.l(entry8b.o)
    0x08000190   0x00000008   Code   RO         4896    .ARM.Collect$$$$0000000B  mc_w.l(entry9a.o)
    0x08000198   0x00000000   Code   RO         4898    .ARM.Collect$$$$0000000D  mc_w.l(entry10a.o)
    0x08000198   0x00000000   Code   RO         4900    .ARM.Collect$$$$0000000F  mc_w.l(entry11a.o)
    0x08000198   0x00000004   Code   RO         4889    .ARM.Collect$$$$00002712  mc_w.l(entry2.o)
    0x0800019c   0x00000024   Code   RO          140    .text               startup_stm32f4xx.o
    0x080001c0   0x00000024   Code   RO         4605    .text               mc_w.l(memcpya.o)
    0x080001e4   0x00000024   Code   RO         4607    .text               mc_w.l(memseta.o)
    0x08000208   0x00000018   Code   RO         4609    .text               mc_w.l(strncpy.o)
    0x08000220   0x0000001c   Code   RO         4611    .text               mc_w.l(strcmp.o)
    0x0800023c   0x0000001a   Code   RO         4613    .text               mc_w.l(memcmp.o)
    0x08000256   0x0000001e   Code   RO         4615    .text               mc_w.l(strncmp.o)
    0x08000274   0x0000002c   Code   RO         4905    .text               mc_w.l(uidiv.o)
    0x080002a0   0x00000024   Code   RO         4920    .text               mc_w.l(init.o)
    0x080002c4   0x0000005c   Code   RO         4938    .text               mc_w.l(__dczerorl2.o)
    0x08000320   0x00000002   Code   RO          575    i.BusFault_Handler  stm32f4xx_it.o
    0x08000322   0x00000002   Code   RO          576    i.DebugMon_Handler  stm32f4xx_it.o
    0x08000324   0x000000b4   Code   RO          524    i.ETH_BSP_Config    stm32f4x7_eth_bsp.o
    0x080003d8   0x00000064   Code   RO         3718    i.ETH_CheckFrameReceived  stm32f4x7_eth.o
    0x0800043c   0x0000001c   Code   RO         3722    i.ETH_DMAReceptionCmd  stm32f4x7_eth.o
    0x08000458   0x00000058   Code   RO         3723    i.ETH_DMARxDescChainInit  stm32f4x7_eth.o
    0x080004b0   0x0000001c   Code   RO         3725    i.ETH_DMATransmissionCmd  stm32f4x7_eth.o
    0x080004cc   0x00000048   Code   RO         3728    i.ETH_DMATxDescChainInit  stm32f4x7_eth.o
    0x08000514   0x00000008   Code   RO         3729    i.ETH_DMATxDescChecksumInsertionConfig  stm32f4x7_eth.o
    0x0800051c   0x00000018   Code   RO         3734    i.ETH_DeInit        stm32f4x7_eth.o
    0x08000534   0x00000012   Code   RO         3735    i.ETH_Delay         stm32f4x7_eth.o
    0x08000546   0x00000002   PAD
    0x08000548   0x00000010   Code   RO         3737    i.ETH_FlushTransmitFIFO  stm32f4x7_eth.o
    0x08000558   0x0000016c   Code   RO          525    i.ETH_GPIO_Config   stm32f4x7_eth_bsp.o
    0x080006c4   0x00000014   Code   RO         3763    i.ETH_GetSoftwareResetStatus  stm32f4x7_eth.o
    0x080006d8   0x00000030   Code   RO         3765    i.ETH_Get_Received_Frame  stm32f4x7_eth.o
    0x08000708   0x00000244   Code   RO         3768    i.ETH_Init          stm32f4x7_eth.o
    0x0800094c   0x0000001c   Code   RO         3770    i.ETH_MACAddressConfig  stm32f4x7_eth.o
    0x08000968   0x00000078   Code   RO          526    i.ETH_MACDMA_Config  stm32f4x7_eth_bsp.o
    0x080009e0   0x0000001c   Code   RO         3775    i.ETH_MACReceptionCmd  stm32f4x7_eth.o
    0x080009fc   0x0000001c   Code   RO         3776    i.ETH_MACTransmissionCmd  stm32f4x7_eth.o
    0x08000a18   0x000000ac   Code   RO         3787    i.ETH_Prepare_Transmit_Descriptors  stm32f4x7_eth.o
    0x08000ac4   0x00000058   Code   RO         3788    i.ETH_ReadPHYRegister  stm32f4x7_eth.o
    0x08000b1c   0x00000010   Code   RO         3796    i.ETH_SoftwareReset  stm32f4x7_eth.o
    0x08000b2c   0x00000022   Code   RO         3797    i.ETH_Start         stm32f4x7_eth.o
    0x08000b4e   0x00000088   Code   RO         3798    i.ETH_StructInit    stm32f4x7_eth.o
    0x08000bd6   0x00000002   PAD
    0x08000bd8   0x00000054   Code   RO         3800    i.ETH_WritePHYRegister  stm32f4x7_eth.o
    0x08000c2c   0x00000022   Code   RO          577    i.EXTI15_10_IRQHandler  stm32f4xx_it.o
    0x08000c4e   0x00000002   PAD
    0x08000c50   0x0000000c   Code   RO         2768    i.EXTI_ClearITPendingBit  stm32f4xx_exti.o
    0x08000c5c   0x00000020   Code   RO         2772    i.EXTI_GetITStatus  stm32f4xx_exti.o
    0x08000c7c   0x00000070   Code   RO         2773    i.EXTI_Init         stm32f4xx_exti.o
    0x08000cec   0x00000074   Code   RO          527    i.Eth_Link_EXTIConfig  stm32f4x7_eth_bsp.o
    0x08000d60   0x000000c0   Code   RO          528    i.Eth_Link_ITHandler  stm32f4x7_eth_bsp.o
    0x08000e20   0x00000036   Code   RO          529    i.Eth_Link_PHYITConfig  stm32f4x7_eth_bsp.o
    0x08000e56   0x00000002   PAD
    0x08000e58   0x0000006c   Code   RO         2829    i.FLASH_EraseSector  stm32f4xx_flash.o
    0x08000ec4   0x00000034   Code   RO         2831    i.FLASH_GetStatus   stm32f4xx_flash.o
    0x08000ef8   0x00000054   Code   RO          279    i.FLASH_If_Erase    flash_if.o
    0x08000f4c   0x00000004   Code   RO          280    i.FLASH_If_Init     flash_if.o
    0x08000f50   0x00000050   Code   RO          281    i.FLASH_If_Write    flash_if.o
    0x08000fa0   0x0000003c   Code   RO         2851    i.FLASH_ProgramWord  stm32f4xx_flash.o
    0x08000fdc   0x00000024   Code   RO         2853    i.FLASH_Unlock      stm32f4xx_flash.o
    0x08001000   0x0000001e   Code   RO         2854    i.FLASH_WaitForLastOperation  stm32f4xx_flash.o
    0x0800101e   0x00000002   PAD
    0x08001020   0x00000020   Code   RO         3026    i.FSMC_NORSRAMCmd   stm32f4xx_fsmc.o
    0x08001040   0x000000c0   Code   RO         3028    i.FSMC_NORSRAMInit  stm32f4xx_fsmc.o
    0x08001100   0x000000a2   Code   RO         3140    i.GPIO_Init         stm32f4xx_gpio.o
    0x080011a2   0x00000020   Code   RO         3141    i.GPIO_PinAFConfig  stm32f4xx_gpio.o
    0x080011c2   0x0000000e   Code   RO         3144    i.GPIO_ReadInputDataBit  stm32f4xx_gpio.o
    0x080011d0   0x00000002   Code   RO          578    i.HardFault_Handler  stm32f4xx_it.o
    0x080011d2   0x00000002   PAD
    0x080011d4   0x00000088   Code   RO          307    i.IAP_HTTP_writedata  httpserver.o
    0x0800125c   0x0000002c   Code   RO          308    i.IAP_httpd_init    httpserver.o
    0x08001288   0x00000030   Code   RO          145    i.IAP_tftp_cleanup_wr  tftpserver.o
    0x080012b8   0x00000006   Code   RO          146    i.IAP_tftp_extract_block  tftpserver.o
    0x080012be   0x00000002   PAD
    0x080012c0   0x000000c8   Code   RO          147    i.IAP_tftp_process_write  tftpserver.o
    0x08001388   0x00000164   Code   RO          148    i.IAP_tftp_recv_callback  tftpserver.o
    0x080014ec   0x00000084   Code   RO          149    i.IAP_tftp_send_ack_packet  tftpserver.o
    0x08001570   0x00000090   Code   RO          150    i.IAP_tftpd_init    tftpserver.o
    0x08001600   0x000001b4   Code   RO          151    i.IAP_wrq_recv_callback  tftpserver.o
    0x080017b4   0x00000026   Code   RO         4237    i.LCD_Clear         stm324xg_eval_lcd.o
    0x080017da   0x00000002   PAD
    0x080017dc   0x00000030   Code   RO         4238    i.LCD_ClearLine     stm324xg_eval_lcd.o
    0x0800180c   0x00000134   Code   RO         4241    i.LCD_CtrlLinesConfig  stm324xg_eval_lcd.o
    0x08001940   0x00000020   Code   RO         4243    i.LCD_DisplayChar   stm324xg_eval_lcd.o
    0x08001960   0x00000038   Code   RO         4246    i.LCD_DisplayStringLine  stm324xg_eval_lcd.o
    0x08001998   0x0000007c   Code   RO         4247    i.LCD_DrawChar      stm324xg_eval_lcd.o
    0x08001a14   0x00000058   Code   RO         4255    i.LCD_FSMCConfig    stm324xg_eval_lcd.o
    0x08001a6c   0x0000000c   Code   RO         4258    i.LCD_GetFont       stm324xg_eval_lcd.o
    0x08001a78   0x000000d4   Code   RO          414    i.LCD_LED_Init      main.o
    0x08001b4c   0x0000000a   Code   RO         4264    i.LCD_ReadReg       stm324xg_eval_lcd.o
    0x08001b56   0x00000002   PAD
    0x08001b58   0x00000010   Code   RO         4265    i.LCD_SetBackColor  stm324xg_eval_lcd.o
    0x08001b68   0x00000018   Code   RO         4267    i.LCD_SetCursor     stm324xg_eval_lcd.o
    0x08001b80   0x00000010   Code   RO         4270    i.LCD_SetTextColor  stm324xg_eval_lcd.o
    0x08001b90   0x0000000a   Code   RO         4275    i.LCD_WriteReg      stm324xg_eval_lcd.o
    0x08001b9a   0x00000002   PAD
    0x08001b9c   0x00000268   Code   RO          462    i.LwIP_DHCP_Process_Handle  netconf.o
    0x08001e04   0x00000044   Code   RO          463    i.LwIP_Init         netconf.o
    0x08001e48   0x00000074   Code   RO          464    i.LwIP_Periodic_Handle  netconf.o
    0x08001ebc   0x0000000c   Code   RO          465    i.LwIP_Pkt_Handle   netconf.o
    0x08001ec8   0x00000002   Code   RO          579    i.MemManage_Handler  stm32f4xx_it.o
    0x08001eca   0x00000002   Code   RO          580    i.NMI_Handler       stm32f4xx_it.o
    0x08001ecc   0x00000064   Code   RO         2603    i.NVIC_Init         misc.o
    0x08001f30   0x00000014   Code   RO         2604    i.NVIC_PriorityGroupConfig  misc.o
    0x08001f44   0x00000070   Code   RO          309    i.Parse_Content_Length  httpserver.o
    0x08001fb4   0x00000002   Code   RO          581    i.PendSV_Handler    stm32f4xx_it.o
    0x08001fb6   0x00000002   PAD
    0x08001fb8   0x00000018   Code   RO         3441    i.RCC_AHB1PeriphClockCmd  stm32f4xx_rcc.o
    0x08001fd0   0x00000018   Code   RO         3443    i.RCC_AHB1PeriphResetCmd  stm32f4xx_rcc.o
    0x08001fe8   0x00000018   Code   RO         3447    i.RCC_AHB3PeriphClockCmd  stm32f4xx_rcc.o
    0x08002000   0x00000018   Code   RO         3453    i.RCC_APB2PeriphClockCmd  stm32f4xx_rcc.o
    0x08002018   0x00000094   Code   RO         3462    i.RCC_GetClocksFreq  stm32f4xx_rcc.o
    0x080020ac   0x00000014   Code   RO         3473    i.RCC_MCO1Config    stm32f4xx_rcc.o
    0x080020c0   0x00000414   Code   RO         4277    i.STM324xG_LCD_Init  stm324xg_eval_lcd.o
    0x080024d4   0x00000048   Code   RO         4509    i.STM_EVAL_LEDInit  stm324xg_eval.o
    0x0800251c   0x00000018   Code   RO         4511    i.STM_EVAL_LEDOn    stm324xg_eval.o
    0x08002534   0x0000001c   Code   RO         4512    i.STM_EVAL_LEDToggle  stm324xg_eval.o
    0x08002550   0x00000018   Code   RO         4513    i.STM_EVAL_PBGetState  stm324xg_eval.o
    0x08002568   0x000000a4   Code   RO         4514    i.STM_EVAL_PBInit   stm324xg_eval.o
    0x0800260c   0x00000002   Code   RO          582    i.SVC_Handler       stm32f4xx_it.o
    0x0800260e   0x00000002   PAD
    0x08002610   0x0000000c   Code   RO         2375    i.SYSCFG_ETH_MediaInterfaceConfig  stm32f4xx_syscfg.o
    0x0800261c   0x00000028   Code   RO         2376    i.SYSCFG_EXTILineConfig  stm32f4xx_syscfg.o
    0x08002644   0x000000b4   Code   RO            2    i.SetSysClock       system_stm32f4xx.o
    0x080026f8   0x00000018   Code   RO         2607    i.SysTick_CLKSourceConfig  misc.o
    0x08002710   0x00000004   Code   RO          583    i.SysTick_Handler   stm32f4xx_it.o
    0x08002714   0x0000005c   Code   RO            4    i.SystemInit        system_stm32f4xx.o
    0x08002770   0x00000010   Code   RO          415    i.Time_Update       main.o
    0x08002780   0x00000002   Code   RO          584    i.UsageFault_Handler  stm32f4xx_it.o
    0x08002782   0x00000002   PAD
    0x08002784   0x00000028   Code   RO         4710    i.__0sprintf$3      mc_w.l(printf3.o)
    0x080027ac   0x0000000e   Code   RO         4932    i.__scatterload_copy  mc_w.l(handlers.o)
    0x080027ba   0x00000002   Code   RO         4933    i.__scatterload_null  mc_w.l(handlers.o)
    0x080027bc   0x0000000e   Code   RO         4934    i.__scatterload_zeroinit  mc_w.l(handlers.o)
    0x080027ca   0x00000002   PAD
    0x080027cc   0x000001b8   Code   RO         4715    i._printf_core      mc_w.l(printf3.o)
    0x08002984   0x0000000a   Code   RO         4717    i._sputc            mc_w.l(printf3.o)
    0x0800298e   0x00000002   PAD
    0x08002990   0x00000028   Code   RO          794    i.autoip_arp_announce  autoip.o
    0x080029b8   0x00000096   Code   RO          795    i.autoip_arp_reply  autoip.o
    0x08002a4e   0x00000002   PAD
    0x08002a50   0x00000098   Code   RO          798    i.autoip_start      autoip.o
    0x08002ae8   0x00000044   Code   RO          799    i.autoip_start_probing  autoip.o
    0x08002b2c   0x0000002c   Code   RO          310    i.close_conn        httpserver.o
    0x08002b58   0x00000004   Code   RO          311    i.conn_err          httpserver.o
    0x08002b5c   0x0000001c   Code   RO         4278    i.delay             stm324xg_eval_lcd.o
    0x08002b78   0x0000001e   Code   RO         1166    i.dhcp_arp_reply    dhcp.o
    0x08002b96   0x00000002   PAD
    0x08002b98   0x000000d8   Code   RO         1167    i.dhcp_bind         dhcp.o
    0x08002c70   0x00000026   Code   RO         1168    i.dhcp_check        dhcp.o
    0x08002c96   0x00000002   PAD
    0x08002c98   0x00000060   Code   RO         1169    i.dhcp_coarse_tmr   dhcp.o
    0x08002cf8   0x00000104   Code   RO         1170    i.dhcp_create_request  dhcp.o
    0x08002dfc   0x0000007c   Code   RO         1171    i.dhcp_decline      dhcp.o
    0x08002e78   0x0000001c   Code   RO         1172    i.dhcp_delete_request  dhcp.o
    0x08002e94   0x000000d0   Code   RO         1173    i.dhcp_discover     dhcp.o
    0x08002f64   0x00000034   Code   RO         1174    i.dhcp_fine_tmr     dhcp.o
    0x08002f98   0x00000020   Code   RO         1175    i.dhcp_free_reply   dhcp.o
    0x08002fb8   0x00000016   Code   RO         1176    i.dhcp_get_option_long  dhcp.o
    0x08002fce   0x00000082   Code   RO         1177    i.dhcp_get_option_ptr  dhcp.o
    0x08003050   0x000000dc   Code   RO         1178    i.dhcp_handle_ack   dhcp.o
    0x0800312c   0x00000020   Code   RO         1181    i.dhcp_option       dhcp.o
    0x0800314c   0x00000010   Code   RO         1182    i.dhcp_option_byte  dhcp.o
    0x0800315c   0x00000042   Code   RO         1183    i.dhcp_option_long  dhcp.o
    0x0800319e   0x00000022   Code   RO         1184    i.dhcp_option_short  dhcp.o
    0x080031c0   0x00000030   Code   RO         1185    i.dhcp_option_trailer  dhcp.o
    0x080031f0   0x00000094   Code   RO         1186    i.dhcp_rebind       dhcp.o
    0x08003284   0x000000ac   Code   RO         1187    i.dhcp_reboot       dhcp.o
    0x08003330   0x0000012c   Code   RO         1188    i.dhcp_recv         dhcp.o
    0x0800345c   0x000000b4   Code   RO         1189    i.dhcp_release      dhcp.o
    0x08003510   0x00000090   Code   RO         1190    i.dhcp_renew        dhcp.o
    0x080035a0   0x000000f8   Code   RO         1191    i.dhcp_select       dhcp.o
    0x08003698   0x0000000e   Code   RO         1192    i.dhcp_set_state    dhcp.o
    0x080036a6   0x00000002   PAD
    0x080036a8   0x0000009c   Code   RO         1193    i.dhcp_start        dhcp.o
    0x08003744   0x0000002e   Code   RO         1194    i.dhcp_stop         dhcp.o
    0x08003772   0x00000088   Code   RO         1195    i.dhcp_timeout      dhcp.o
    0x080037fa   0x0000006a   Code   RO         1196    i.dhcp_unfold_reply  dhcp.o
    0x08003864   0x00000100   Code   RO         2054    i.etharp_arp_input  etharp.o
    0x08003964   0x0000002c   Code   RO         2056    i.etharp_ip_input   etharp.o
    0x08003990   0x000000b8   Code   RO         2057    i.etharp_output     etharp.o
    0x08003a48   0x00000100   Code   RO         2058    i.etharp_query      etharp.o
    0x08003b48   0x000000b8   Code   RO         2059    i.etharp_raw        etharp.o
    0x08003c00   0x00000024   Code   RO         2060    i.etharp_request    etharp.o
    0x08003c24   0x00000036   Code   RO         2061    i.etharp_send_ip    etharp.o
    0x08003c5a   0x00000002   PAD
    0x08003c5c   0x00000054   Code   RO         2062    i.etharp_tmr        etharp.o
    0x08003cb0   0x00000054   Code   RO         2063    i.ethernet_input    etharp.o
    0x08003d04   0x00000028   Code   RO         2145    i.ethernetif_init   ethernetif.o
    0x08003d2c   0x00000026   Code   RO         2146    i.ethernetif_input  ethernetif.o
    0x08003d52   0x00000002   PAD
    0x08003d54   0x00000154   Code   RO         2064    i.find_entry        etharp.o
    0x08003ea8   0x0000001e   Code   RO         2065    i.free_etharp_q     etharp.o
    0x08003ec6   0x00000002   PAD
    0x08003ec8   0x00000030   Code   RO          312    i.fs_open           httpserver.o
    0x08003ef8   0x00000004   Code   RO          907    i.htonl             inet.o
    0x08003efc   0x00000004   Code   RO          908    i.htons             inet.o
    0x08003f00   0x0000004c   Code   RO          313    i.http_accept       httpserver.o
    0x08003f4c   0x0000001a   Code   RO          314    i.http_poll         httpserver.o
    0x08003f66   0x00000002   PAD
    0x08003f68   0x000005a8   Code   RO          315    i.http_recv         httpserver.o
    0x08004510   0x00000048   Code   RO          316    i.http_sent         httpserver.o
    0x08004558   0x00000008   Code   RO          864    i.icmp_dest_unreach  icmp.o
    0x08004560   0x00000114   Code   RO          865    i.icmp_input        icmp.o
    0x08004674   0x00000066   Code   RO          866    i.icmp_send_response  icmp.o
    0x080046da   0x00000008   Code   RO          867    i.icmp_time_exceeded  icmp.o
    0x080046e2   0x0000000c   Code   RO          960    i.inet_chksum       inet_chksum.o
    0x080046ee   0x00000048   Code   RO          961    i.inet_chksum_pbuf  inet_chksum.o
    0x08004736   0x00000030   Code   RO         1052    i.ip_addr_isbroadcast  ip_addr.o
    0x08004766   0x00000002   PAD
    0x08004768   0x0000012c   Code   RO          731    i.ip_frag           ip_frag.o
    0x08004894   0x0000018c   Code   RO         1000    i.ip_input          ip.o
    0x08004a20   0x00000034   Code   RO         1001    i.ip_output         ip.o
    0x08004a54   0x000000cc   Code   RO         1002    i.ip_output_if      ip.o
    0x08004b20   0x00000194   Code   RO          732    i.ip_reass          ip_frag.o
    0x08004cb4   0x000000f8   Code   RO          733    i.ip_reass_chain_frag_into_datagram_and_validate  ip_frag.o
    0x08004dac   0x00000024   Code   RO          734    i.ip_reass_dequeue_datagram  ip_frag.o
    0x08004dd0   0x00000070   Code   RO          735    i.ip_reass_free_complete_datagram  ip_frag.o
    0x08004e40   0x0000006c   Code   RO          736    i.ip_reass_remove_oldest_datagram  ip_frag.o
    0x08004eac   0x00000048   Code   RO         1003    i.ip_route          ip.o
    0x08004ef4   0x00000078   Code   RO         2147    i.low_level_init    ethernetif.o
    0x08004f6c   0x00000080   Code   RO         2148    i.low_level_input   ethernetif.o
    0x08004fec   0x00000030   Code   RO         2149    i.low_level_output  ethernetif.o
    0x0800501c   0x0000003a   Code   RO          963    i.lwip_standard_chksum  inet_chksum.o
    0x08005056   0x00000002   PAD
    0x08005058   0x00000078   Code   RO          416    i.main              main.o
    0x080050d0   0x0000002c   Code   RO         1391    i.mem_free          mem.o
    0x080050fc   0x00000034   Code   RO         1392    i.mem_init          mem.o
    0x08005130   0x000000a8   Code   RO         1393    i.mem_malloc        mem.o
    0x080051d8   0x000000c4   Code   RO         1394    i.mem_realloc       mem.o
    0x0800529c   0x00000018   Code   RO         1438    i.memp_free         memp.o
    0x080052b4   0x00000058   Code   RO         1439    i.memp_init         memp.o
    0x0800530c   0x00000020   Code   RO         1440    i.memp_malloc       memp.o
    0x0800532c   0x0000004c   Code   RO         1481    i.netif_add         netif.o
    0x08005378   0x0000000a   Code   RO         1483    i.netif_is_up       netif.o
    0x08005382   0x00000020   Code   RO         1485    i.netif_set_addr    netif.o
    0x080053a2   0x00000002   PAD
    0x080053a4   0x0000000c   Code   RO         1486    i.netif_set_default  netif.o
    0x080053b0   0x00000012   Code   RO         1487    i.netif_set_down    netif.o
    0x080053c2   0x00000008   Code   RO         1488    i.netif_set_gw      netif.o
    0x080053ca   0x00000002   PAD
    0x080053cc   0x00000068   Code   RO         1489    i.netif_set_ipaddr  netif.o
    0x08005434   0x00000008   Code   RO         1490    i.netif_set_netmask  netif.o
    0x0800543c   0x0000001c   Code   RO         1491    i.netif_set_up      netif.o
    0x08005458   0x00000004   Code   RO          912    i.ntohl             inet.o
    0x0800545c   0x00000004   Code   RO          913    i.ntohs             inet.o
    0x08005460   0x00000110   Code   RO         1564    i.pbuf_alloc        pbuf.o
    0x08005570   0x00000028   Code   RO         1565    i.pbuf_cat          pbuf.o
    0x08005598   0x00000012   Code   RO         1566    i.pbuf_chain        pbuf.o
    0x080055aa   0x00000012   Code   RO         1567    i.pbuf_clen         pbuf.o
    0x080055bc   0x00000090   Code   RO         1569    i.pbuf_copy         pbuf.o
    0x0800564c   0x00000068   Code   RO         1570    i.pbuf_copy_partial  pbuf.o
    0x080056b4   0x00000044   Code   RO         1572    i.pbuf_free         pbuf.o
    0x080056f8   0x00000060   Code   RO         1573    i.pbuf_header       pbuf.o
    0x08005758   0x0000004e   Code   RO         1574    i.pbuf_realloc      pbuf.o
    0x080057a6   0x0000000c   Code   RO         1575    i.pbuf_ref          pbuf.o
    0x080057b2   0x00000002   PAD
    0x080057b4   0x00000054   Code   RO         1395    i.plug_holes        mem.o
    0x08005808   0x00000068   Code   RO         1654    i.raw_input         raw.o
    0x08005870   0x0000002c   Code   RO          317    i.send_data         httpserver.o
    0x0800589c   0x00000094   Code   RO         1732    i.tcp_abandon       tcp.o
    0x08005930   0x00000004   Code   RO         1733    i.tcp_accept        tcp.o
    0x08005934   0x00000006   Code   RO         1734    i.tcp_accept_null   tcp.o
    0x0800593a   0x00000002   PAD
    0x0800593c   0x000000f4   Code   RO         1735    i.tcp_alloc         tcp.o
    0x08005a30   0x00000004   Code   RO         1736    i.tcp_arg           tcp.o
    0x08005a34   0x000000bc   Code   RO         1737    i.tcp_bind          tcp.o
    0x08005af0   0x00000098   Code   RO         1738    i.tcp_close         tcp.o
    0x08005b88   0x00000020   Code   RO         1741    i.tcp_eff_send_mss  tcp.o
    0x08005ba8   0x0000033e   Code   RO         1968    i.tcp_enqueue       tcp_out.o
    0x08005ee6   0x00000006   Code   RO         1742    i.tcp_err           tcp.o
    0x08005eec   0x0000005c   Code   RO         1743    i.tcp_fasttmr       tcp.o
    0x08005f48   0x000002f0   Code   RO         1919    i.tcp_input         tcp_in.o
    0x08006238   0x00000046   Code   RO         1969    i.tcp_keepalive     tcp_out.o
    0x0800627e   0x00000002   PAD
    0x08006280   0x000000e8   Code   RO         1920    i.tcp_listen_input  tcp_in.o
    0x08006368   0x00000080   Code   RO         1744    i.tcp_listen_with_backlog  tcp.o
    0x080063e8   0x00000006   Code   RO         1745    i.tcp_new           tcp.o
    0x080063ee   0x00000002   PAD
    0x080063f0   0x00000060   Code   RO         1746    i.tcp_new_port      tcp.o
    0x08006450   0x00000010   Code   RO         1747    i.tcp_next_iss      tcp.o
    0x08006460   0x000001ac   Code   RO         1970    i.tcp_output        tcp_out.o
    0x0800660c   0x000000b4   Code   RO         1971    i.tcp_output_segment  tcp_out.o
    0x080066c0   0x0000007c   Code   RO         1972    i.tcp_output_set_header  tcp_out.o
    0x0800673c   0x00000080   Code   RO         1921    i.tcp_parseopt      tcp_in.o
    0x080067bc   0x00000030   Code   RO         1748    i.tcp_pcb_purge     tcp.o
    0x080067ec   0x0000005c   Code   RO         1749    i.tcp_pcb_remove    tcp.o
    0x08006848   0x0000000a   Code   RO         1750    i.tcp_poll          tcp.o
    0x08006852   0x00000002   PAD
    0x08006854   0x00000350   Code   RO         1922    i.tcp_process       tcp_in.o
    0x08006ba4   0x00000438   Code   RO         1923    i.tcp_receive       tcp_in.o
    0x08006fdc   0x00000006   Code   RO         1751    i.tcp_recv          tcp.o
    0x08006fe2   0x00000024   Code   RO         1752    i.tcp_recv_null     tcp.o
    0x08007006   0x0000003c   Code   RO         1753    i.tcp_recved        tcp.o
    0x08007042   0x00000048   Code   RO         1973    i.tcp_rexmit        tcp_out.o
    0x0800708a   0x0000005a   Code   RO         1974    i.tcp_rexmit_fast   tcp_out.o
    0x080070e4   0x0000002e   Code   RO         1975    i.tcp_rexmit_rto    tcp_out.o
    0x08007112   0x0000009c   Code   RO         1976    i.tcp_rst           tcp_out.o
    0x080071ae   0x00000020   Code   RO         1754    i.tcp_seg_free      tcp.o
    0x080071ce   0x0000001a   Code   RO         1755    i.tcp_segs_free     tcp.o
    0x080071e8   0x00000016   Code   RO         1977    i.tcp_send_ctrl     tcp_out.o
    0x080071fe   0x00000056   Code   RO         1978    i.tcp_send_empty_ack  tcp_out.o
    0x08007254   0x00000006   Code   RO         1756    i.tcp_sent          tcp.o
    0x0800725a   0x00000002   PAD
    0x0800725c   0x0000022c   Code   RO         1758    i.tcp_slowtmr       tcp.o
    0x08007488   0x0000006c   Code   RO         1924    i.tcp_timewait_input  tcp_in.o
    0x080074f4   0x00000020   Code   RO         1759    i.tcp_tmr           tcp.o
    0x08007514   0x00000034   Code   RO         1760    i.tcp_update_rcv_ann_wnd  tcp.o
    0x08007548   0x0000002e   Code   RO         1979    i.tcp_write         tcp_out.o
    0x08007576   0x00000090   Code   RO         1980    i.tcp_zero_window_probe  tcp_out.o
    0x08007606   0x00000002   PAD
    0x08007608   0x0000005c   Code   RO         1079    i.udp_bind          udp.o
    0x08007664   0x0000004c   Code   RO         1080    i.udp_connect       udp.o
    0x080076b0   0x00000018   Code   RO         1081    i.udp_disconnect    udp.o
    0x080076c8   0x00000190   Code   RO         1082    i.udp_input         udp.o
    0x08007858   0x0000001a   Code   RO         1083    i.udp_new           udp.o
    0x08007872   0x00000006   Code   RO         1084    i.udp_recv          udp.o
    0x08007878   0x0000002c   Code   RO         1085    i.udp_remove        udp.o
    0x080078a4   0x00000028   Code   RO         1087    i.udp_sendto        udp.o
    0x080078cc   0x000000b0   Code   RO         1088    i.udp_sendto_if     udp.o
    0x0800797c   0x000000a8   Code   RO         2066    i.update_arp_entry  etharp.o
    0x08007a24   0x00000296   Data   RO          318    .constdata          httpserver.o
    0x08007cba   0x0000019b   Data   RO          319    .constdata          httpserver.o
    0x08007e55   0x0000027a   Data   RO          320    .constdata          httpserver.o
    0x080080cf   0x0000023b   Data   RO          321    .constdata          httpserver.o
    0x0800830a   0x00000002   PAD
    0x0800830c   0x00000010   Data   RO          322    .constdata          httpserver.o
    0x0800831c   0x00000010   Data   RO          323    .constdata          httpserver.o
    0x0800832c   0x00000010   Data   RO          324    .constdata          httpserver.o
    0x0800833c   0x00000033   Data   RO          325    .constdata          httpserver.o
    0x0800836f   0x00000004   Data   RO         1053    .constdata          ip_addr.o
    0x08008373   0x00000004   Data   RO         1054    .constdata          ip_addr.o
    0x08008377   0x00000001   PAD
    0x08008378   0x00000024   Data   RO         1442    .constdata          memp.o
    0x0800839c   0x00000014   Data   RO         1761    .constdata          tcp.o
    0x080083b0   0x0000000c   Data   RO         2068    .constdata          etharp.o
    0x080083bc   0x000011d0   Data   RO         4279    .constdata          stm324xg_eval_lcd.o
    0x0800958c   0x0000005c   Data   RO         4519    .constdata          stm324xg_eval.o
    0x080095e8   0x00000068   Data   RO         1762    .conststring        tcp.o
    0x08009650   0x00000020   Data   RO         4930    Region$$Table       anon$$obj.o


    Execution Region RW_IRAM1 (Base: 0x20000000, Size: 0x000081d0, Max: 0x00020000, ABSOLUTE, COMPRESSED[0x0000005c])

    Base Addr    Size         Type   Attr      Idx    E Section Name        Object

    0x20000000   0x0000000c   Data   RW          152    .data               tftpserver.o
    0x2000000c   0x00000024   Data   RW          326    .data               httpserver.o
    0x20000030   0x00000010   Data   RW          417    .data               main.o
    0x20000040   0x00000018   Data   RW          467    .data               netconf.o
    0x20000058   0x00000008   Data   RW          530    .data               stm32f4x7_eth_bsp.o
    0x20000060   0x00000008   Data   RW          739    .data               ip_frag.o
    0x20000068   0x0000000c   Data   RW         1004    .data               ip.o
    0x20000074   0x00000004   Data   RW         1089    .data               udp.o
    0x20000078   0x00000004   Data   RW         1197    .data               dhcp.o
    0x2000007c   0x00000010   Data   RW         1397    .data               mem.o
    0x2000008c   0x0000000c   Data   RW         1492    .data               netif.o
    0x20000098   0x00000004   Data   RW         1660    .data               raw.o
    0x2000009c   0x0000004c   Data   RW         1763    .data               tcp.o
    0x200000e8   0x0000001c   Data   RW         1926    .data               tcp_in.o
    0x20000104   0x00000001   Data   RW         2069    .data               etharp.o
    0x20000105   0x00000010   Data   RW         3485    .data               stm32f4xx_rcc.o
    0x20000115   0x00000003   PAD
    0x20000118   0x0000000c   Data   RW         3806    .data               stm32f4x7_eth.o
    0x20000124   0x00000010   Data   RW         4283    .data               stm324xg_eval_lcd.o
    0x20000134   0x0000002c   Data   RW         4520    .data               stm324xg_eval.o
    0x20000160   0x00000038   Zero   RW          466    .bss                netconf.o
    0x20000198   0x000005e0   Zero   RW          738    .bss                ip_frag.o
    0x20000778   0x00001014   Zero   RW         1396    .bss                mem.o
    0x2000178c   0x0000288f   Zero   RW         1441    .bss                memp.o
    0x2000401b   0x00000001   PAD
    0x2000401c   0x00000014   Zero   RW         1925    .bss                tcp_in.o
    0x20004030   0x000000c8   Zero   RW         2067    .bss                etharp.o
    0x200040f8   0x000000a0   Zero   RW         3801    .bss                stm32f4x7_eth.o
    0x20004198   0x000000a0   Zero   RW         3802    .bss                stm32f4x7_eth.o
    0x20004238   0x00001dc4   Zero   RW         3803    .bss                stm32f4x7_eth.o
    0x20005ffc   0x00001dc4   Zero   RW         3804    .bss                stm32f4x7_eth.o
    0x20007dc0   0x0000000c   Zero   RW         3805    .bss                stm32f4x7_eth.o
    0x20007dcc   0x00000004   PAD
    0x20007dd0   0x00000400   Zero   RW          137    STACK               startup_stm32f4xx.o


==============================================================================

Image component sizes


      Code (inc. data)   RO Data    RW Data    ZI Data      Debug   Object Name

       410         20          0          0          0       6497   autoip.o
      3302         74          0          4          0      24514   dhcp.o
      1720         46         12          1        200      12309   etharp.o
       374         38          0          0          0       4658   ethernetif.o
       168         10          0          0          0       1978   flash_if.o
      2054        448       2377         36          0      37923   httpserver.o
       394          0          0          0          0       3382   icmp.o
        16          0          0          0          0       3016   inet.o
       142          0          0          0          0       5625   inet_chksum.o
       724         24          0         12          0       7532   ip.o
        48          0          8          0          0       5601   ip_addr.o
      1208         32          0          8       1504       7285   ip_frag.o
       348        118          0         16          0      39844   main.o
       544         30          0         16       4116       4837   mem.o
       144         20         36          0      10383       3226   memp.o
       144         18          0          0          0       2189   misc.o
       812        236          0         24         56      10315   netconf.o
       296         20          0         12          0       7610   netif.o
       850          0          0          0          0       7793   pbuf.o
       104          4          0          4          0       1652   raw.o
        36          8        392          0       1024        788   startup_stm32f4xx.o
       312         42         92         44          0       5065   stm324xg_eval.o
      1854         58       4560         16          0      12578   stm324xg_eval_lcd.o
      1644        160          0         12      15572      14990   stm32f4x7_eth.o
      1026        158          0          8          0      22552   stm32f4x7_eth_bsp.o
       156         14          0          0          0       2300   stm32f4xx_exti.o
       286         28          0          0          0       3758   stm32f4xx_flash.o
       224          4          0          0          0       1993   stm32f4xx_fsmc.o
       208          0          0          0          0       2431   stm32f4xx_gpio.o
        54          0          0          0          0       4521   stm32f4xx_it.o
       264         44          0         16          0       5733   stm32f4xx_rcc.o
        52         12          0          0          0       1258   stm32f4xx_syscfg.o
       272         36          0          0          0     268669   system_stm32f4xx.o
      2078         84        124         76          0      25822   tcp.o
      3148         86          0         28         20      14532   tcp_in.o
      2294         14          0          0          0      10498   tcp_out.o
      1322        364          0         12          0      22166   tftpserver.o
       884         24          0          4          0      15718   udp.o

    ----------------------------------------------------------------------
     29980       2274       7636        352      32880     633158   Object Totals
         0          0         32          0          0          0   (incl. Generated)
        64          0          3          3          5          0   (incl. Padding)

    ----------------------------------------------------------------------

      Code (inc. data)   RO Data    RW Data    ZI Data      Debug   Library Member Name

        92          0          0          0          0          0   __dczerorl2.o
         0          0          0          0          0          0   entry.o
         0          0          0          0          0          0   entry10a.o
         0          0          0          0          0          0   entry11a.o
         8          4          0          0          0          0   entry2.o
         4          0          0          0          0          0   entry5.o
         0          0          0          0          0          0   entry7b.o
         0          0          0          0          0          0   entry8b.o
         8          4          0          0          0          0   entry9a.o
        30          0          0          0          0          0   handlers.o
        36          8          0          0          0         68   init.o
        26          0          0          0          0         80   memcmp.o
        36          0          0          0          0         68   memcpya.o
        36          0          0          0          0        108   memseta.o
       490         10          0          0          0        248   printf3.o
        28          0          0          0          0         76   strcmp.o
        30          0          0          0          0         80   strncmp.o
        24          0          0          0          0         76   strncpy.o
        44          0          0          0          0         80   uidiv.o

    ----------------------------------------------------------------------
       896         26          0          0          0        884   Library Totals
         4          0          0          0          0          0   (incl. Padding)

    ----------------------------------------------------------------------

      Code (inc. data)   RO Data    RW Data    ZI Data      Debug   Library Name

       892         26          0          0          0        884   mc_w.l

    ----------------------------------------------------------------------
       896         26          0          0          0        884   Library Totals

    ----------------------------------------------------------------------

==============================================================================


      Code (inc. data)   RO Data    RW Data    ZI Data      Debug   

     30876       2300       7636        352      32880     608026   Grand Totals
     30876       2300       7636         92      32880     608026   ELF Image Totals (compressed)
     30876       2300       7636         92          0          0   ROM Totals

==============================================================================

    Total RO  Size (Code + RO Data)                38512 (  37.61kB)
    Total RW  Size (RW Data + ZI Data)             33232 (  32.45kB)
    Total ROM Size (Code + RO Data + RW Data)      38604 (  37.70kB)

==============================================================================

