Component: ARM Compiler 5.06 update 3 (build 300) Tool: armlink [4d35c9]

==============================================================================

Section Cross References

    system_stm32f4xx.o(i.SystemCoreClockUpdate) refers to system_stm32f4xx.o(.data) for .data
    system_stm32f4xx.o(i.SystemInit) refers to system_stm32f4xx.o(i.SetSysClock) for SetSysClock
    startup_stm32f4xx.o(RESET) refers to startup_stm32f4xx.o(STACK) for __initial_sp
    startup_stm32f4xx.o(RESET) refers to startup_stm32f4xx.o(.text) for Reset_Handler
    startup_stm32f4xx.o(RESET) refers to stm32f4xx_it.o(i.NMI_Handler) for NMI_Handler
    startup_stm32f4xx.o(RESET) refers to stm32f4xx_it.o(i.HardFault_Handler) for HardFault_Handler
    startup_stm32f4xx.o(RESET) refers to stm32f4xx_it.o(i.MemManage_Handler) for MemManage_Handler
    startup_stm32f4xx.o(RESET) refers to stm32f4xx_it.o(i.BusFault_Handler) for BusFault_Handler
    startup_stm32f4xx.o(RESET) refers to stm32f4xx_it.o(i.UsageFault_Handler) for UsageFault_Handler
    startup_stm32f4xx.o(RESET) refers to stm32f4xx_it.o(i.SVC_Handler) for SVC_Handler
    startup_stm32f4xx.o(RESET) refers to stm32f4xx_it.o(i.DebugMon_Handler) for DebugMon_Handler
    startup_stm32f4xx.o(RESET) refers to stm32f4xx_it.o(i.PendSV_Handler) for PendSV_Handler
    startup_stm32f4xx.o(RESET) refers to stm32f4xx_it.o(i.SysTick_Handler) for SysTick_Handler
    startup_stm32f4xx.o(RESET) refers to stm32f4xx_it.o(i.EXTI15_10_IRQHandler) for EXTI15_10_IRQHandler
    startup_stm32f4xx.o(.text) refers to system_stm32f4xx.o(i.SystemInit) for SystemInit
    startup_stm32f4xx.o(.text) refers to entry.o(.ARM.Collect$$$$00000000) for __main
    tftpserver.o(i.IAP_tftp_cleanup_wr) refers to mem.o(i.mem_free) for mem_free
    tftpserver.o(i.IAP_tftp_cleanup_wr) refers to udp.o(i.udp_disconnect) for udp_disconnect
    tftpserver.o(i.IAP_tftp_cleanup_wr) refers to udp.o(i.udp_remove) for udp_remove
    tftpserver.o(i.IAP_tftp_cleanup_wr) refers to udp.o(i.udp_recv) for udp_recv
    tftpserver.o(i.IAP_tftp_cleanup_wr) refers to tftpserver.o(i.IAP_tftp_recv_callback) for IAP_tftp_recv_callback
    tftpserver.o(i.IAP_tftp_cleanup_wr) refers to tftpserver.o(.data) for .data
    tftpserver.o(i.IAP_tftp_extract_block) refers to inet.o(i.ntohs) for ntohs
    tftpserver.o(i.IAP_tftp_process_write) refers to mem.o(i.mem_malloc) for mem_malloc
    tftpserver.o(i.IAP_tftp_process_write) refers to udp.o(i.udp_recv) for udp_recv
    tftpserver.o(i.IAP_tftp_process_write) refers to flash_if.o(i.FLASH_If_Init) for FLASH_If_Init
    tftpserver.o(i.IAP_tftp_process_write) refers to flash_if.o(i.FLASH_If_Erase) for FLASH_If_Erase
    tftpserver.o(i.IAP_tftp_process_write) refers to tftpserver.o(i.IAP_tftp_send_ack_packet) for IAP_tftp_send_ack_packet
    tftpserver.o(i.IAP_tftp_process_write) refers to tftpserver.o(i.IAP_tftp_cleanup_wr) for IAP_tftp_cleanup_wr
    tftpserver.o(i.IAP_tftp_process_write) refers to tftpserver.o(i.IAP_wrq_recv_callback) for IAP_wrq_recv_callback
    tftpserver.o(i.IAP_tftp_process_write) refers to tftpserver.o(.data) for .data
    tftpserver.o(i.IAP_tftp_recv_callback) refers to udp.o(i.udp_new) for udp_new
    tftpserver.o(i.IAP_tftp_recv_callback) refers to udp.o(i.udp_bind) for udp_bind
    tftpserver.o(i.IAP_tftp_recv_callback) refers to udp.o(i.udp_remove) for udp_remove
    tftpserver.o(i.IAP_tftp_recv_callback) refers to tftpserver.o(i.IAP_tftp_process_write) for IAP_tftp_process_write
    tftpserver.o(i.IAP_tftp_recv_callback) refers to pbuf.o(i.pbuf_free) for pbuf_free
    tftpserver.o(i.IAP_tftp_recv_callback) refers to ip_addr.o(.constdata) for ip_addr_any
    tftpserver.o(i.IAP_tftp_send_ack_packet) refers to inet.o(i.htons) for htons
    tftpserver.o(i.IAP_tftp_send_ack_packet) refers to pbuf.o(i.pbuf_alloc) for pbuf_alloc
    tftpserver.o(i.IAP_tftp_send_ack_packet) refers to udp.o(i.udp_sendto) for udp_sendto
    tftpserver.o(i.IAP_tftp_send_ack_packet) refers to pbuf.o(i.pbuf_free) for pbuf_free
    tftpserver.o(i.IAP_tftpd_init) refers to udp.o(i.udp_new) for udp_new
    tftpserver.o(i.IAP_tftpd_init) refers to udp.o(i.udp_bind) for udp_bind
    tftpserver.o(i.IAP_tftpd_init) refers to udp.o(i.udp_recv) for udp_recv
    tftpserver.o(i.IAP_tftpd_init) refers to tftpserver.o(.data) for .data
    tftpserver.o(i.IAP_tftpd_init) refers to ip_addr.o(.constdata) for ip_addr_any
    tftpserver.o(i.IAP_tftpd_init) refers to tftpserver.o(i.IAP_tftp_recv_callback) for IAP_tftp_recv_callback
    tftpserver.o(i.IAP_wrq_recv_callback) refers to tftpserver.o(i.IAP_tftp_extract_block) for IAP_tftp_extract_block
    tftpserver.o(i.IAP_wrq_recv_callback) refers to pbuf.o(i.pbuf_copy_partial) for pbuf_copy_partial
    tftpserver.o(i.IAP_wrq_recv_callback) refers to flash_if.o(i.FLASH_If_Write) for FLASH_If_Write
    tftpserver.o(i.IAP_wrq_recv_callback) refers to tftpserver.o(i.IAP_tftp_send_ack_packet) for IAP_tftp_send_ack_packet
[...]
    ..\..\Libraries\STM32F4xx_StdPeriph_Driver\src\stm32f4xx_usart.c 0x00000000   Number         0  stm32f4xx_usart.o ABSOLUTE
    ..\..\Utilities\STM32_EVAL\STM3240_41_G_EVAL\stm324xg_eval.c 0x00000000   Number         0  stm324xg_eval.o ABSOLUTE
    ..\..\Utilities\STM32_EVAL\STM3240_41_G_EVAL\stm324xg_eval_lcd.c 0x00000000   Number         0  stm324xg_eval_lcd.o ABSOLUTE
    ..\..\Utilities\Third_Party\lwip_v1.3.2\port\STM32F4x7\Standalone\ethernetif.c 0x00000000   Number         0  ethernetif.o ABSOLUTE
    ..\..\Utilities\Third_Party\lwip_v1.3.2\src\api\api_lib.c 0x00000000   Number         0  api_lib.o ABSOLUTE
    ..\..\Utilities\Third_Party\lwip_v1.3.2\src\api\api_msg.c 0x00000000   Number         0  api_msg.o ABSOLUTE
    ..\..\Utilities\Third_Party\lwip_v1.3.2\src\api\err.c 0x00000000   Number         0  err.o ABSOLUTE
    ..\..\Utilities\Third_Party\lwip_v1.3.2\src\api\netbuf.c 0x00000000   Number         0  netbuf.o ABSOLUTE
    ..\..\Utilities\Third_Party\lwip_v1.3.2\src\api\netdb.c 0x00000000   Number         0  netdb.o ABSOLUTE
    ..\..\Utilities\Third_Party\lwip_v1.3.2\src\api\netifapi.c 0x00000000   Number         0  netifapi.o ABSOLUTE
    ..\..\Utilities\Third_Party\lwip_v1.3.2\src\api\sockets.c 0x00000000   Number         0  sockets.o ABSOLUTE
    ..\..\Utilities\Third_Party\lwip_v1.3.2\src\api\tcpip.c 0x00000000   Number         0  tcpip.o ABSOLUTE
    ..\..\Utilities\Third_Party\lwip_v1.3.2\src\core\dhcp.c 0x00000000   Number         0  dhcp.o ABSOLUTE
    ..\..\Utilities\Third_Party\lwip_v1.3.2\src\core\dns.c 0x00000000   Number         0  dns.o ABSOLUTE
    ..\..\Utilities\Third_Party\lwip_v1.3.2\src\core\init.c 0x00000000   Number         0  init.o ABSOLUTE
    ..\..\Utilities\Third_Party\lwip_v1.3.2\src\core\ipv4\autoip.c 0x00000000   Number         0  autoip.o ABSOLUTE
    ..\..\Utilities\Third_Party\lwip_v1.3.2\src\core\ipv4\icmp.c 0x00000000   Number         0  icmp.o ABSOLUTE
    ..\..\Utilities\Third_Party\lwip_v1.3.2\src\core\ipv4\igmp.c 0x00000000   Number         0  igmp.o ABSOLUTE
    ..\..\Utilities\Third_Party\lwip_v1.3.2\src\core\ipv4\inet.c 0x00000000   Number         0  inet.o ABSOLUTE
    ..\..\Utilities\Third_Party\lwip_v1.3.2\src\core\ipv4\inet_chksum.c 0x00000000   Number         0  inet_chksum.o ABSOLUTE
    ..\..\Utilities\Third_Party\lwip_v1.3.2\src\core\ipv4\ip.c 0x00000000   Number         0  ip.o ABSOLUTE
    ..\..\Utilities\Third_Party\lwip_v1.3.2\src\core\ipv4\ip_addr.c 0x00000000   Number         0  ip_addr.o ABSOLUTE
    ..\..\Utilities\Third_Party\lwip_v1.3.2\src\core\ipv4\ip_frag.c 0x00000000   Number         0  ip_frag.o ABSOLUTE
    ..\..\Utilities\Third_Party\lwip_v1.3.2\src\core\mem.c 0x00000000   Number         0  mem.o ABSOLUTE
    ..\..\Utilities\Third_Party\lwip_v1.3.2\src\core\memp.c 0x00000000   Number         0  memp.o ABSOLUTE
    ..\..\Utilities\Third_Party\lwip_v1.3.2\src\core\netif.c 0x00000000   Number         0  netif.o ABSOLUTE
    ..\..\Utilities\Third_Party\lwip_v1.3.2\src\core\pbuf.c 0x00000000   Number         0  pbuf.o ABSOLUTE
    ..\..\Utilities\Third_Party\lwip_v1.3.2\src\core\raw.c 0x00000000   Number         0  raw.o ABSOLUTE
    ..\..\Utilities\Third_Party\lwip_v1.3.2\src\core\stats.c 0x00000000   Number         0  stats.o ABSOLUTE
    ..\..\Utilities\Third_Party\lwip_v1.3.2\src\core\sys.c 0x00000000   Number         0  sys.o ABSOLUTE
    ..\..\Utilities\Third_Party\lwip_v1.3.2\src\core\tcp.c 0x00000000   Number         0  tcp.o ABSOLUTE
    ..\..\Utilities\Third_Party\lwip_v1.3.2\src\core\tcp_in.c 0x00000000   Number         0  tcp_in.o ABSOLUTE
    ..\..\Utilities\Third_Party\lwip_v1.3.2\src\core\tcp_out.c 0x00000000   Number         0  tcp_out.o ABSOLUTE
    ..\..\Utilities\Third_Party\lwip_v1.3.2\src\core\udp.c 0x00000000   Number         0  udp.o ABSOLUTE
    ..\..\Utilities\Third_Party\lwip_v1.3.2\src\netif\etharp.c 0x00000000   Number         0  etharp.o ABSOLUTE
    ..\\..\\Libraries\\STM32F4x7_ETH_Driver\\src\\stm32f4x7_eth.c 0x00000000   Number         0  stm32f4x7_eth.o ABSOLUTE
    ..\\..\\Libraries\\STM32F4xx_StdPeriph_Driver\\src\\misc.c 0x00000000   Number         0  misc.o ABSOLUTE
    ..\\..\\Libraries\\STM32F4xx_StdPeriph_Driver\\src\\stm32f4xx_dma.c 0x00000000   Number         0  stm32f4xx_dma.o ABSOLUTE
    ..\\..\\Libraries\\STM32F4xx_StdPeriph_Driver\\src\\stm32f4xx_exti.c 0x00000000   Number         0  stm32f4xx_exti.o ABSOLUTE
    ..\\..\\Libraries\\STM32F4xx_StdPeriph_Driver\\src\\stm32f4xx_flash.c 0x00000000   Number         0  stm32f4xx_flash.o ABSOLUTE
    ..\\..\\Libraries\\STM32F4xx_StdPeriph_Driver\\src\\stm32f4xx_fsmc.c 0x00000000   Number         0  stm32f4xx_fsmc.o ABSOLUTE
    ..\\..\\Libraries\\STM32F4xx_StdPeriph_Driver\\src\\stm32f4xx_gpio.c 0x00000000   Number         0  stm32f4xx_gpio.o ABSOLUTE
    ..\\..\\Libraries\\STM32F4xx_StdPeriph_Driver\\src\\stm32f4xx_i2c.c 0x00000000   Number         0  stm32f4xx_i2c.o ABSOLUTE
    ..\\..\\Libraries\\STM32F4xx_StdPeriph_Driver\\src\\stm32f4xx_rcc.c 0x00000000   Number         0  stm32f4xx_rcc.o ABSOLUTE
    ..\\..\\Libraries\\STM32F4xx_StdPeriph_Driver\\src\\stm32f4xx_sdio.c 0x00000000   Number         0  stm32f4xx_sdio.o ABSOLUTE
    ..\\..\\Libraries\\STM32F4xx_StdPeriph_Driver\\src\\stm32f4xx_syscfg.c 0x00000000   Number         0  stm32f4xx_syscfg.o ABSOLUTE
    ..\\..\\Libraries\\STM32F4xx_StdPeriph_Driver\\src\\stm32f4xx_usart.c 0x00000000   Number         0  stm32f4xx_usart.o ABSOLUTE
    ..\\..\\Utilities\\STM32_EVAL\\STM3240_41_G_EVAL\\stm324xg_eval.c 0x00000000   Number         0  stm324xg_eval.o ABSOLUTE
    ..\\..\\Utilities\\STM32_EVAL\\STM3240_41_G_EVAL\\stm324xg_eval_lcd.c 0x00000000   Number         0  stm324xg_eval_lcd.o ABSOLUTE
    ..\\..\\Utilities\\Third_Party\\lwip_v1.3.2\\port\\STM32F4x7\\Standalone\\ethernetif.c 0x00000000   Number         0  ethernetif.o ABSOLUTE
    ..\\..\\Utilities\\Third_Party\\lwip_v1.3.2\\src\\api\\api_lib.c 0x00000000   Number         0  api_lib.o ABSOLUTE
    ..\\..\\Utilities\\Third_Party\\lwip_v1.3.2\\src\\api\\api_msg.c 0x00000000   Number         0  api_msg.o ABSOLUTE
    ..\\..\\Utilities\\Third_Party\\lwip_v1.3.2\\src\\api\\err.c 0x00000000   Number         0  err.o ABSOLUTE
    ..\\..\\Utilities\\Third_Party\\lwip_v1.3.2\\src\\api\\netbuf.c 0x00000000   Number         0  netbuf.o ABSOLUTE
    ..\\..\\Utilities\\Third_Party\\lwip_v1.3.2\\src\\api\\netdb.c 0x00000000   Number         0  netdb.o ABSOLUTE
    ..\\..\\Utilities\\Third_Party\\lwip_v1.3.2\\src\\api\\netifapi.c 0x00000000   Number         0  netifapi.o ABSOLUTE
    ..\\..\\Utilities\\Third_Party\\lwip_v1.3.2\\src\\api\\sockets.c 0x00000000   Number         0  sockets.o ABSOLUTE
    ..\\..\\Utilities\\Third_Party\\lwip_v1.3.2\\src\\api\\tcpip.c 0x00000000   Number         0  tcpip.o ABSOLUTE
    ..\\..\\Utilities\\Third_Party\\lwip_v1.3.2\\src\\core\\dhcp.c 0x00000000   Number         0  dhcp.o ABSOLUTE
    ..\\..\\Utilities\\Third_Party\\lwip_v1.3.2\\src\\core\\dns.c 0x00000000   Number         0  dns.o ABSOLUTE
    ..\\..\\Utilities\\Third_Party\\lwip_v1.3.2\\src\\core\\init.c 0x00000000   Number         0  init.o ABSOLUTE
    ..\\..\\Utilities\\Third_Party\\lwip_v1.3.2\\src\\core\\ipv4\\autoip.c 0x00000000   Number         0  autoip.o ABSOLUTE
    ..\\..\\Utilities\\Third_Party\\lwip_v1.3.2\\src\\core\\ipv4\\icmp.c 0x00000000   Number         0  icmp.o ABSOLUTE
    ..\\..\\Utilities\\Third_Party\\lwip_v1.3.2\\src\\core\\ipv4\\igmp.c 0x00000000   Number         0  igmp.o ABSOLUTE
    ..\\..\\Utilities\\Third_Party\\lwip_v1.3.2\\src\\core\\ipv4\\inet.c 0x00000000   Number         0  inet.o ABSOLUTE
    ..\\..\\Utilities\\Third_Party\\lwip_v1.3.2\\src\\core\\ipv4\\inet_chksum.c 0x00000000   Number         0  inet_chksum.o ABSOLUTE
    ..\\..\\Utilities\\Third_Party\\lwip_v1.3.2\\src\\core\\ipv4\\ip.c 0x00000000   Number         0  ip.o ABSOLUTE
    ..\\..\\Utilities\\Third_Party\\lwip_v1.3.2\\src\\core\\ipv4\\ip_addr.c 0x00000000   Number         0  ip_addr.o ABSOLUTE
    ..\\..\\Utilities\\Third_Party\\lwip_v1.3.2\\src\\core\\ipv4\\ip_frag.c 0x00000000   Number         0  ip_frag.o ABSOLUTE
    ..\\..\\Utilities\\Third_Party\\lwip_v1.3.2\\src\\core\\mem.c 0x00000000   Number         0  mem.o ABSOLUTE
    ..\\..\\Utilities\\Third_Party\\lwip_v1.3.2\\src\\core\\memp.c 0x00000000   Number         0  memp.o ABSOLUTE
    ..\\..\\Utilities\\Third_Party\\lwip_v1.3.2\\src\\core\\netif.c 0x00000000   Number         0  netif.o ABSOLUTE
    ..\\..\\Utilities\\Third_Party\\lwip_v1.3.2\\src\\core\\pbuf.c 0x00000000   Number         0  pbuf.o ABSOLUTE
    ..\\..\\Utilities\\Third_Party\\lwip_v1.3.2\\src\\core\\raw.c 0x00000000   Number         0  raw.o ABSOLUTE
    ..\\..\\Utilities\\Third_Party\\lwip_v1.3.2\\src\\core\\stats.c 0x00000000   Number         0  stats.o ABSOLUTE
    ..\\..\\Utilities\\Third_Party\\lwip_v1.3.2\\src\\core\\sys.c 0x00000000   Number         0  sys.o ABSOLUTE
    ..\\..\\Utilities\\Third_Party\\lwip_v1.3.2\\src\\core\\tcp.c 0x00000000   Number         0  tcp.o ABSOLUTE
    ..\\..\\Utilities\\Third_Party\\lwip_v1.3.2\\src\\core\\tcp_in.c 0x00000000   Number         0  tcp_in.o ABSOLUTE
    ..\\..\\Utilities\\Third_Party\\lwip_v1.3.2\\src\\core\\tcp_out.c 0x00000000   Number         0  tcp_out.o ABSOLUTE
    ..\\..\\Utilities\\Third_Party\\lwip_v1.3.2\\src\\core\\udp.c 0x00000000   Number         0  udp.o ABSOLUTE
    ..\\..\\Utilities\\Third_Party\\lwip_v1.3.2\\src\\netif\\etharp.c 0x00000000   Number         0  etharp.o ABSOLUTE
    ..\\src\\flash_if.c                      0x00000000   Number         0  flash_if.o ABSOLUTE
    ..\\src\\httpserver.c                    0x00000000   Number         0  httpserver.o ABSOLUTE
    ..\\src\\main.c                          0x00000000   Number         0  main.o ABSOLUTE
    ..\\src\\netconf.c                       0x00000000   Number         0  netconf.o ABSOLUTE
    ..\\src\\stm32f4x7_eth_bsp.c             0x00000000   Number         0  stm32f4x7_eth_bsp.o ABSOLUTE
    ..\\src\\stm32f4xx_it.c                  0x00000000   Number         0  stm32f4xx_it.o ABSOLUTE
    ..\\src\\system_stm32f4xx.c              0x00000000   Number         0  system_stm32f4xx.o ABSOLUTE
    ..\\src\\tftpserver.c                    0x00000000   Number         0  tftpserver.o ABSOLUTE
    ..\src\flash_if.c                        0x00000000   Number         0  flash_if.o ABSOLUTE
    ..\src\httpserver.c                      0x00000000   Number         0  httpserver.o ABSOLUTE
    ..\src\main.c                            0x00000000   Number         0  main.o ABSOLUTE
    ..\src\netconf.c                         0x00000000   Number         0  netconf.o ABSOLUTE
    ..\src\stm32f4x7_eth_bsp.c               0x00000000   Number         0  stm32f4x7_eth_bsp.o ABSOLUTE
    ..\src\stm32f4xx_it.c                    0x00000000   Number         0  stm32f4xx_it.o ABSOLUTE
    ..\src\system_stm32f4xx.c                0x00000000   Number         0  system_stm32f4xx.o ABSOLUTE
    ..\src\tftpserver.c                      0x00000000   Number         0  tftpserver.o ABSOLUTE
    cdcmple.s                                0x00000000   Number         0  cdcmple.o ABSOLUTE
    cdrcmple.s                               0x00000000   Number         0  cdrcmple.o ABSOLUTE
    dc.s                                     0x00000000   Number         0  dc.o ABSOLUTE
    handlers.s                               0x00000000   Number         0  handlers.o ABSOLUTE
    init.s                                   0x00000000   Number         0  init.o ABSOLUTE
    startup_stm32f4xx.s                      0x00000000   Number         0  startup_stm32f4xx.o ABSOLUTE
    RESET                                    0x08000000   Section      392  startup_stm32f4xx.o(RESET)
    .ARM.Collect$$$$00000000                 0x08000188   Section        0  entry.o(.ARM.Collect$$$$00000000)
    .ARM.Collect$$$$00000001                 0x08000188   Section        4  entry2.o(.ARM.Collect$$$$00000001)
    .ARM.Collect$$$$00000004                 0x0800018c   Section        4  entry5.o(.ARM.Collect$$$$00000004)
    .ARM.Collect$$$$00000008                 0x08000190   Section        0  entry7b.o(.ARM.Collect$$$$00000008)
    .ARM.Collect$$$$0000000A                 0x08000190   Section        0  entry8b.o(.ARM.Collect$$$$0000000A)
    .ARM.Collect$$$$0000000B                 0x08000190   Section        8  entry9a.o(.ARM.Collect$$$$0000000B)
    .ARM.Collect$$$$0000000D                 0x08000198   Section        0  entry10a.o(.ARM.Collect$$$$0000000D)
    .ARM.Collect$$$$0000000F                 0x08000198   Section        0  entry11a.o(.ARM.Collect$$$$0000000F)
    .ARM.Collect$$$$00002712                 0x08000198   Section        4  entry2.o(.ARM.Collect$$$$00002712)
    __lit__00000000                          0x08000198   Data           4  entry2.o(.ARM.Collect$$$$00002712)
    .text                                    0x0800019c   Section       36  startup_stm32f4xx.o(.text)
    $v0                                      0x0800019c   Number         0  startup_stm32f4xx.o(.text)
    .text                                    0x080001c0   Section        0  memcpya.o(.text)
    .text                                    0x080001e4   Section        0  memseta.o(.text)
    .text                                    0x08000208   Section        0  memcmp.o(.text)
    .text                                    0x08000224   Section       36  init.o(.text)
    i.BusFault_Handler                       0x08000248   Section        0  stm32f4xx_it.o(i.BusFault_Handler)
    i.DebugMon_Handler                       0x0800024a   Section        0  stm32f4xx_it.o(i.DebugMon_Handler)
    i.ETH_BSP_Config                         0x0800024c   Section        0  stm32f4x7_eth_bsp.o(i.ETH_BSP_Config)
    i.ETH_CheckFrameReceived                 0x08000304   Section        0  stm32f4x7_eth.o(i.ETH_CheckFrameReceived)
    i.ETH_DMAReceptionCmd                    0x08000368   Section        0  stm32f4x7_eth.o(i.ETH_DMAReceptionCmd)
    i.ETH_DMARxDescChainInit                 0x08000384   Section        0  stm32f4x7_eth.o(i.ETH_DMARxDescChainInit)
    i.ETH_DMATransmissionCmd                 0x080003dc   Section        0  stm32f4x7_eth.o(i.ETH_DMATransmissionCmd)
    i.ETH_DMATxDescChainInit                 0x080003f8   Section        0  stm32f4x7_eth.o(i.ETH_DMATxDescChainInit)
    i.ETH_DMATxDescChecksumInsertionConfig   0x08000440   Section        0  stm32f4x7_eth.o(i.ETH_DMATxDescChecksumInsertionConfig)
    i.ETH_DeInit                             0x08000448   Section        0  stm32f4x7_eth.o(i.ETH_DeInit)
    i.ETH_Delay                              0x08000460   Section        0  stm32f4x7_eth.o(i.ETH_Delay)
    ETH_Delay                                0x08000461   Thumb Code    18  stm32f4x7_eth.o(i.ETH_Delay)
    i.ETH_FlushTransmitFIFO                  0x08000474   Section        0  stm32f4x7_eth.o(i.ETH_FlushTransmitFIFO)
    i.ETH_GPIO_Config                        0x08000484   Section        0  stm32f4x7_eth_bsp.o(i.ETH_GPIO_Config)
    ETH_GPIO_Config                          0x08000485   Thumb Code   332  stm32f4x7_eth_bsp.o(i.ETH_GPIO_Config)
    i.ETH_GetSoftwareResetStatus             0x080005e8   Section        0  stm32f4x7_eth.o(i.ETH_GetSoftwareResetStatus)
    i.ETH_Get_Received_Frame                 0x080005fc   Section        0  stm32f4x7_eth.o(i.ETH_Get_Received_Frame)
    i.ETH_Init                               0x0800062c   Section        0  stm32f4x7_eth.o(i.ETH_Init)
    i.ETH_MACAddressConfig                   0x0800086c   Section        0  stm32f4x7_eth.o(i.ETH_MACAddressConfig)
    i.ETH_MACDMA_Config                      0x08000888   Section        0  stm32f4x7_eth_bsp.o(i.ETH_MACDMA_Config)
    ETH_MACDMA_Config                        0x08000889   Thumb Code   114  stm32f4x7_eth_bsp.o(i.ETH_MACDMA_Config)
    i.ETH_MACReceptionCmd                    0x08000900   Section        0  stm32f4x7_eth.o(i.ETH_MACReceptionCmd)
    i.ETH_MACTransmissionCmd                 0x0800091c   Section        0  stm32f4x7_eth.o(i.ETH_MACTransmissionCmd)
    i.ETH_Prepare_Transmit_Descriptors       0x08000938   Section        0  stm32f4x7_eth.o(i.ETH_Prepare_Transmit_Descriptors)
    i.ETH_ReadPHYRegister                    0x080009e8   Section        0  stm32f4x7_eth.o(i.ETH_ReadPHYRegister)
    i.ETH_SoftwareReset                      0x08000a40   Section        0  stm32f4x7_eth.o(i.ETH_SoftwareReset)
    i.ETH_Start                              0x08000a50   Section        0  stm32f4x7_eth.o(i.ETH_Start)
    i.ETH_StructInit                         0x08000a72   Section        0  stm32f4x7_eth.o(i.ETH_StructInit)
    i.ETH_WritePHYRegister                   0x08000afc   Section        0  stm32f4x7_eth.o(i.ETH_WritePHYRegister)
    i.EXTI15_10_IRQHandler                   0x08000b50   Section        0  stm32f4xx_it.o(i.EXTI15_10_IRQHandler)
    i.EXTI_ClearITPendingBit                 0x08000b74   Section        0  stm32f4xx_exti.o(i.EXTI_ClearITPendingBit)
    i.EXTI_GetITStatus                       0x08000b80   Section        0  stm32f4xx_exti.o(i.EXTI_GetITStatus)
    i.EXTI_Init                              0x08000ba0   Section        0  stm32f4xx_exti.o(i.EXTI_Init)
    i.Eth_Link_EXTIConfig                    0x08000c10   Section        0  stm32f4x7_eth_bsp.o(i.Eth_Link_EXTIConfig)
    i.Eth_Link_ITHandler                     0x08000c84   Section        0  stm32f4x7_eth_bsp.o(i.Eth_Link_ITHandler)
    i.Eth_Link_PHYITConfig                   0x08000ca0   Section        0  stm32f4x7_eth_bsp.o(i.Eth_Link_PHYITConfig)
    i.FLASH_EraseSector                      0x08000cd8   Section        0  stm32f4xx_flash.o(i.FLASH_EraseSector)
    i.FLASH_GetStatus                        0x08000d44   Section        0  stm32f4xx_flash.o(i.FLASH_GetStatus)
    i.FLASH_If_Erase                         0x08000d78   Section        0  flash_if.o(i.FLASH_If_Erase)
    i.FLASH_If_Init                          0x08000dcc   Section        0  flash_if.o(i.FLASH_If_Init)
    i.FLASH_If_Write                         0x08000dd0   Section        0  flash_if.o(i.FLASH_If_Write)
    i.FLASH_ProgramWord                      0x08000e20   Section        0  stm32f4xx_flash.o(i.FLASH_ProgramWord)
    i.FLASH_Unlock                           0x08000e5c   Section        0  stm32f4xx_flash.o(i.FLASH_Unlock)
    i.FLASH_WaitForLastOperation             0x08000e80   Section        0  stm32f4xx_flash.o(i.FLASH_WaitForLastOperation)
    i.GPIO_Init                              0x08000e9e   Section        0  stm32f4xx_gpio.o(i.GPIO_Init)
    i.GPIO_PinAFConfig                       0x08000f16   Section        0  stm32f4xx_gpio.o(i.GPIO_PinAFConfig)
    i.GPIO_ReadInputDataBit                  0x08000f36   Section        0  stm32f4xx_gpio.o(i.GPIO_ReadInputDataBit)
    i.GPIO_ResetBits                         0x08000f44   Section        0  stm32f4xx_gpio.o(i.GPIO_ResetBits)
    i.GPIO_SetBits                           0x08000f48   Section        0  stm32f4xx_gpio.o(i.GPIO_SetBits)
    i.HardFault_Handler                      0x08000f4c   Section        0  stm32f4xx_it.o(i.HardFault_Handler)
    i.IAP_tftp_cleanup_wr                    0x08000f50   Section        0  tftpserver.o(i.IAP_tftp_cleanup_wr)
    IAP_tftp_cleanup_wr                      0x08000f51   Thumb Code    38  tftpserver.o(i.IAP_tftp_cleanup_wr)
    i.IAP_tftp_extract_block                 0x08000f80   Section        0  tftpserver.o(i.IAP_tftp_extract_block)
    IAP_tftp_extract_block                   0x08000f81   Thumb Code     6  tftpserver.o(i.IAP_tftp_extract_block)
    i.IAP_tftp_process_write                 0x08000f88   Section        0  tftpserver.o(i.IAP_tftp_process_write)
    IAP_tftp_process_write                   0x08000f89   Thumb Code   102  tftpserver.o(i.IAP_tftp_process_write)
    i.IAP_tftp_recv_callback                 0x08000ffc   Section        0  tftpserver.o(i.IAP_tftp_recv_callback)
    IAP_tftp_recv_callback                   0x08000ffd   Thumb Code    70  tftpserver.o(i.IAP_tftp_recv_callback)
    i.IAP_tftp_send_ack_packet               0x08001048   Section        0  tftpserver.o(i.IAP_tftp_send_ack_packet)
    IAP_tftp_send_ack_packet                 0x08001049   Thumb Code    80  tftpserver.o(i.IAP_tftp_send_ack_packet)
    i.IAP_tftpd_init                         0x08001098   Section        0  tftpserver.o(i.IAP_tftpd_init)
    i.IAP_wrq_recv_callback                  0x080010d0   Section        0  tftpserver.o(i.IAP_wrq_recv_callback)
    IAP_wrq_recv_callback                    0x080010d1   Thumb Code   198  tftpserver.o(i.IAP_wrq_recv_callback)
    i.LCD_DisplayChar                        0x0800119c   Section        0  stm324xg_eval_lcd.o(i.LCD_DisplayChar)
    i.LCD_DisplayStringLine                  0x080011bc   Section        0  stm324xg_eval_lcd.o(i.LCD_DisplayStringLine)
    i.LCD_DrawChar                           0x080011f4   Section        0  stm324xg_eval_lcd.o(i.LCD_DrawChar)
    i.LCD_GetFont                            0x08001270   Section        0  stm324xg_eval_lcd.o(i.LCD_GetFont)
    i.LCD_SetCursor                          0x0800127c   Section        0  stm324xg_eval_lcd.o(i.LCD_SetCursor)
    i.LCD_SetTextColor                       0x08001294   Section        0  stm324xg_eval_lcd.o(i.LCD_SetTextColor)
    i.LCD_WriteReg                           0x080012a4   Section        0  stm324xg_eval_lcd.o(i.LCD_WriteReg)
    i.LwIP_Init                              0x080012b0   Section        0  netconf.o(i.LwIP_Init)
    i.LwIP_Periodic_Handle                   0x08001310   Section        0  netconf.o(i.LwIP_Periodic_Handle)
    i.LwIP_Pkt_Handle                        0x08001334   Section        0  netconf.o(i.LwIP_Pkt_Handle)
    i.MemManage_Handler                      0x08001340   Section        0  stm32f4xx_it.o(i.MemManage_Handler)
    i.NMI_Handler                            0x08001342   Section        0  stm32f4xx_it.o(i.NMI_Handler)
    i.NVIC_Init                              0x08001344   Section        0  misc.o(i.NVIC_Init)
    i.NVIC_PriorityGroupConfig               0x080013a8   Section        0  misc.o(i.NVIC_PriorityGroupConfig)
    i.PendSV_Handler                         0x080013bc   Section        0  stm32f4xx_it.o(i.PendSV_Handler)
    i.RCC_AHB1PeriphClockCmd                 0x080013c0   Section        0  stm32f4xx_rcc.o(i.RCC_AHB1PeriphClockCmd)
    i.RCC_AHB1PeriphResetCmd                 0x080013d8   Section        0  stm32f4xx_rcc.o(i.RCC_AHB1PeriphResetCmd)
    i.RCC_APB2PeriphClockCmd                 0x080013f0   Section        0  stm32f4xx_rcc.o(i.RCC_APB2PeriphClockCmd)
    i.RCC_GetClocksFreq                      0x08001408   Section        0  stm32f4xx_rcc.o(i.RCC_GetClocksFreq)
    i.STM_EVAL_PBInit                        0x0800149c   Section        0  stm324xg_eval.o(i.STM_EVAL_PBInit)
    i.STM_EVAL_PG2test                       0x080014d4   Section        0  stm324xg_eval.o(i.STM_EVAL_PG2test)
    i.SVC_Handler                            0x08001508   Section        0  stm32f4xx_it.o(i.SVC_Handler)
    i.SYSCFG_ETH_MediaInterfaceConfig        0x0800150c   Section        0  stm32f4xx_syscfg.o(i.SYSCFG_ETH_MediaInterfaceConfig)
    i.SYSCFG_EXTILineConfig                  0x08001518   Section        0  stm32f4xx_syscfg.o(i.SYSCFG_EXTILineConfig)
    i.SetSysClock                            0x08001548   Section        0  system_stm32f4xx.o(i.SetSysClock)
    SetSysClock                              0x08001549   Thumb Code   162  system_stm32f4xx.o(i.SetSysClock)
    i.SysTick_CLKSourceConfig                0x080015fc   Section        0  misc.o(i.SysTick_CLKSourceConfig)
    i.SysTick_Handler                        0x08001614   Section        0  stm32f4xx_it.o(i.SysTick_Handler)
    i.SystemInit                             0x08001618   Section        0  system_stm32f4xx.o(i.SystemInit)
    i.Time_Update                            0x08001674   Section        0  main.o(i.Time_Update)
    i.UsageFault_Handler                     0x08001684   Section        0  stm32f4xx_it.o(i.UsageFault_Handler)
    i.__scatterload_copy                     0x08001686   Section       14  handlers.o(i.__scatterload_copy)
    i.__scatterload_null                     0x08001694   Section        2  handlers.o(i.__scatterload_null)
    i.__scatterload_zeroinit                 0x08001696   Section       14  handlers.o(i.__scatterload_zeroinit)
    i.autoip_arp_announce                    0x080016a4   Section        0  autoip.o(i.autoip_arp_announce)
    autoip_arp_announce                      0x080016a5   Thumb Code    32  autoip.o(i.autoip_arp_announce)
    i.autoip_arp_reply                       0x080016cc   Section        0  autoip.o(i.autoip_arp_reply)
    i.autoip_start                           0x0800176c   Section        0  autoip.o(i.autoip_start)
    i.autoip_start_probing                   0x08001804   Section        0  autoip.o(i.autoip_start_probing)
    autoip_start_probing                     0x08001805   Thumb Code    68  autoip.o(i.autoip_start_probing)
    i.etharp_arp_input                       0x08001848   Section        0  etharp.o(i.etharp_arp_input)
    i.etharp_ip_input                        0x0800193c   Section        0  etharp.o(i.etharp_ip_input)
    i.etharp_output                          0x08001968   Section        0  etharp.o(i.etharp_output)
    i.etharp_query                           0x08001a20   Section        0  etharp.o(i.etharp_query)
    i.etharp_raw                             0x08001b24   Section        0  etharp.o(i.etharp_raw)
    i.etharp_request                         0x08001bdc   Section        0  etharp.o(i.etharp_request)
    i.etharp_send_ip                         0x08001c00   Section        0  etharp.o(i.etharp_send_ip)
    etharp_send_ip                           0x08001c01   Thumb Code    54  etharp.o(i.etharp_send_ip)
    i.etharp_tmr                             0x08001c38   Section        0  etharp.o(i.etharp_tmr)
    i.ethernet_input                         0x08001c8c   Section        0  etharp.o(i.ethernet_input)
    i.ethernetif_init                        0x08001ce0   Section        0  ethernetif.o(i.ethernetif_init)
    i.ethernetif_input                       0x08001d08   Section        0  ethernetif.o(i.ethernetif_input)
    i.find_entry                             0x08001d30   Section        0  etharp.o(i.find_entry)
    find_entry                               0x08001d31   Thumb Code   308  etharp.o(i.find_entry)
    i.free_etharp_q                          0x08001e6c   Section        0  etharp.o(i.free_etharp_q)
    free_etharp_q                            0x08001e6d   Thumb Code    30  etharp.o(i.free_etharp_q)
    i.htonl                                  0x08001e8a   Section        0  inet.o(i.htonl)
    i.htons                                  0x08001e8e   Section        0  inet.o(i.htons)
    i.icmp_dest_unreach                      0x08001e92   Section        0  icmp.o(i.icmp_dest_unreach)
    i.icmp_input                             0x08001e9a   Section        0  icmp.o(i.icmp_input)
    i.icmp_send_response                     0x08001fae   Section        0  icmp.o(i.icmp_send_response)
    icmp_send_response                       0x08001faf   Thumb Code   102  icmp.o(i.icmp_send_response)
    i.icmp_time_exceeded                     0x08002014   Section        0  icmp.o(i.icmp_time_exceeded)
    i.inet_chksum                            0x0800201c   Section        0  inet_chksum.o(i.inet_chksum)
    i.inet_chksum_pbuf                       0x08002028   Section        0  inet_chksum.o(i.inet_chksum_pbuf)
    i.ip_addr_isbroadcast                    0x08002070   Section        0  ip_addr.o(i.ip_addr_isbroadcast)
    i.ip_frag                                0x080020a0   Section        0  ip_frag.o(i.ip_frag)
    i.ip_input                               0x080021d0   Section        0  ip.o(i.ip_input)
    i.ip_output                              0x08002328   Section        0  ip.o(i.ip_output)
    i.ip_output_if                           0x0800235c   Section        0  ip.o(i.ip_output_if)
    i.ip_reass                               0x08002428   Section        0  ip_frag.o(i.ip_reass)
    i.ip_reass_chain_frag_into_datagram_and_validate 0x080025d8   Section        0  ip_frag.o(i.ip_reass_chain_frag_into_datagram_and_validate)
    ip_reass_chain_frag_into_datagram_and_validate 0x080025d9   Thumb Code   234  ip_frag.o(i.ip_reass_chain_frag_into_datagram_and_validate)
    i.ip_reass_dequeue_datagram              0x080026c8   Section        0  ip_frag.o(i.ip_reass_dequeue_datagram)
    ip_reass_dequeue_datagram                0x080026c9   Thumb Code    30  ip_frag.o(i.ip_reass_dequeue_datagram)
    i.ip_reass_free_complete_datagram        0x080026ec   Section        0  ip_frag.o(i.ip_reass_free_complete_datagram)
    ip_reass_free_complete_datagram          0x080026ed   Thumb Code   106  ip_frag.o(i.ip_reass_free_complete_datagram)
    i.ip_reass_remove_oldest_datagram        0x0800275c   Section        0  ip_frag.o(i.ip_reass_remove_oldest_datagram)
    ip_reass_remove_oldest_datagram          0x0800275d   Thumb Code   110  ip_frag.o(i.ip_reass_remove_oldest_datagram)
    i.ip_route                               0x080027d0   Section        0  ip.o(i.ip_route)
    i.low_level_init                         0x08002818   Section        0  ethernetif.o(i.low_level_init)
    low_level_init                           0x08002819   Thumb Code   112  ethernetif.o(i.low_level_init)
    i.low_level_input                        0x08002898   Section        0  ethernetif.o(i.low_level_input)
    low_level_input                          0x08002899   Thumb Code   120  ethernetif.o(i.low_level_input)
    i.low_level_output                       0x08002918   Section        0  ethernetif.o(i.low_level_output)
    low_level_output                         0x08002919   Thumb Code    44  ethernetif.o(i.low_level_output)
    i.lwip_standard_chksum                   0x08002948   Section        0  inet_chksum.o(i.lwip_standard_chksum)
    lwip_standard_chksum                     0x08002949   Thumb Code    60  inet_chksum.o(i.lwip_standard_chksum)
    i.main                                   0x08002984   Section        0  main.o(i.main)
    i.mem_free                               0x08002a3c   Section        0  mem.o(i.mem_free)
    i.mem_init                               0x08002a68   Section        0  mem.o(i.mem_init)
    i.mem_malloc                             0x08002a9c   Section        0  mem.o(i.mem_malloc)
    i.mem_realloc                            0x08002b44   Section        0  mem.o(i.mem_realloc)
    i.memp_free                              0x08002c08   Section        0  memp.o(i.memp_free)
    i.memp_init                              0x08002c20   Section        0  memp.o(i.memp_init)
    i.memp_malloc                            0x08002c78   Section        0  memp.o(i.memp_malloc)
    i.netif_add                              0x08002c98   Section        0  netif.o(i.netif_add)
    i.netif_is_up                            0x08002ce4   Section        0  netif.o(i.netif_is_up)
    i.netif_set_addr                         0x08002cee   Section        0  netif.o(i.netif_set_addr)
    i.netif_set_default                      0x08002d0c   Section        0  netif.o(i.netif_set_default)
    i.netif_set_down                         0x08002d18   Section        0  netif.o(i.netif_set_down)
    i.netif_set_gw                           0x08002d2a   Section        0  netif.o(i.netif_set_gw)
    i.netif_set_ipaddr                       0x08002d32   Section        0  netif.o(i.netif_set_ipaddr)
    i.netif_set_netmask                      0x08002d3a   Section        0  netif.o(i.netif_set_netmask)
    i.netif_set_up                           0x08002d42   Section        0  netif.o(i.netif_set_up)
    i.ntohl                                  0x08002d5e   Section        0  inet.o(i.ntohl)
    i.ntohs                                  0x08002d62   Section        0  inet.o(i.ntohs)
    i.pbuf_alloc                             0x08002d66   Section        0  pbuf.o(i.pbuf_alloc)
    i.pbuf_cat                               0x08002e72   Section        0  pbuf.o(i.pbuf_cat)
    i.pbuf_chain                             0x08002e9a   Section        0  pbuf.o(i.pbuf_chain)
    i.pbuf_clen                              0x08002eac   Section        0  pbuf.o(i.pbuf_clen)
    i.pbuf_copy                              0x08002ebe   Section        0  pbuf.o(i.pbuf_copy)
    i.pbuf_copy_partial                      0x08002f4e   Section        0  pbuf.o(i.pbuf_copy_partial)
    i.pbuf_free                              0x08002fb6   Section        0  pbuf.o(i.pbuf_free)
    i.pbuf_header                            0x08002ffa   Section        0  pbuf.o(i.pbuf_header)
    i.pbuf_realloc                           0x0800305a   Section        0  pbuf.o(i.pbuf_realloc)
    i.pbuf_ref                               0x080030a8   Section        0  pbuf.o(i.pbuf_ref)
    i.plug_holes                             0x080030b4   Section        0  mem.o(i.plug_holes)
    plug_holes                               0x080030b5   Thumb Code    78  mem.o(i.plug_holes)
    i.raw_input                              0x08003108   Section        0  raw.o(i.raw_input)
    i.udp_bind                               0x08003170   Section        0  udp.o(i.udp_bind)
    i.udp_disconnect                         0x080031cc   Section        0  udp.o(i.udp_disconnect)
    i.udp_input                              0x080031e4   Section        0  udp.o(i.udp_input)
    i.udp_new                                0x08003320   Section        0  udp.o(i.udp_new)
    i.udp_recv                               0x0800333a   Section        0  udp.o(i.udp_recv)
    i.udp_remove                             0x08003340   Section        0  udp.o(i.udp_remove)
    i.udp_sendto                             0x0800336c   Section        0  udp.o(i.udp_sendto)
    i.udp_sendto_if                          0x08003394   Section        0  udp.o(i.udp_sendto_if)
    i.update_arp_entry                       0x08003444   Section        0  etharp.o(i.update_arp_entry)
    update_arp_entry                         0x08003445   Thumb Code   162  etharp.o(i.update_arp_entry)
    .constdata                               0x080034ec   Section        4  ip_addr.o(.constdata)
    .constdata                               0x080034f0   Section       24  memp.o(.constdata)
    memp_sizes                               0x080034f0   Data          12  memp.o(.constdata)
    memp_num                                 0x080034fc   Data          12  memp.o(.constdata)
    .constdata                               0x08003508   Section       12  etharp.o(.constdata)
    .constdata                               0x08003514   Section     4560  stm324xg_eval_lcd.o(.constdata)
    .data                                    0x20000000   Section       12  tftpserver.o(.data)
    total_count                              0x20000000   Data           4  tftpserver.o(.data)
    Flash_Write_Address                      0x20000004   Data           4  tftpserver.o(.data)
    UDPpcb                                   0x20000008   Data           4  tftpserver.o(.data)
    .data                                    0x2000000c   Section       16  main.o(.data)
    .data                                    0x2000001c   Section        4  netconf.o(.data)
    .data                                    0x20000020   Section        8  stm32f4x7_eth_bsp.o(.data)
    .data                                    0x20000028   Section        8  ip_frag.o(.data)
    ip_reass_pbufcount                       0x20000028   Data           2  ip_frag.o(.data)
    reassdatagrams                           0x2000002c   Data           4  ip_frag.o(.data)
    .data                                    0x20000030   Section       12  ip.o(.data)
    ip_id                                    0x20000030   Data           2  ip.o(.data)
    .data                                    0x2000003c   Section        4  udp.o(.data)
    .data                                    0x20000040   Section       16  mem.o(.data)
    mem_sem                                  0x20000040   Data           1  mem.o(.data)
    ram                                      0x20000044   Data           4  mem.o(.data)
    ram_end                                  0x20000048   Data           4  mem.o(.data)
    lfree                                    0x2000004c   Data           4  mem.o(.data)
    .data                                    0x20000050   Section       12  netif.o(.data)
    netifnum                                 0x20000050   Data           1  netif.o(.data)
    .data                                    0x2000005c   Section        4  raw.o(.data)
    raw_pcbs                                 0x2000005c   Data           4  raw.o(.data)
    .data                                    0x20000060   Section        1  etharp.o(.data)
    etharp_cached_entry                      0x20000060   Data           1  etharp.o(.data)
    .data                                    0x20000061   Section       16  stm32f4xx_rcc.o(.data)
    APBAHBPrescTable                         0x20000061   Data          16  stm32f4xx_rcc.o(.data)
    .data                                    0x20000074   Section       12  stm32f4x7_eth.o(.data)
    .data                                    0x20000080   Section       16  stm324xg_eval_lcd.o(.data)
    TextColor                                0x20000080   Data           2  stm324xg_eval_lcd.o(.data)
    BackColor                                0x20000082   Data           2  stm324xg_eval_lcd.o(.data)
    LCD_Currentfonts                         0x20000084   Data           4  stm324xg_eval_lcd.o(.data)
    .bss                                     0x20000090   Section       52  netconf.o(.bss)
    .bss                                     0x200000c4   Section     1504  ip_frag.o(.bss)
    buf                                      0x200000c4   Data        1504  ip_frag.o(.bss)
    .bss                                     0x200006a4   Section     4116  mem.o(.bss)
    ram_heap                                 0x200006a4   Data        4116  mem.o(.bss)
    .bss                                     0x200016b8   Section     9947  memp.o(.bss)
    memp_tab                                 0x200016b8   Data          24  memp.o(.bss)
    memp_memory                              0x200016d0   Data        9923  memp.o(.bss)
    .bss                                     0x20003d94   Section      200  etharp.o(.bss)
    arp_table                                0x20003d94   Data         200  etharp.o(.bss)
    .bss                                     0x20003e5c   Section      160  stm32f4x7_eth.o(.bss)
    .bss                                     0x20003efc   Section      160  stm32f4x7_eth.o(.bss)
    .bss                                     0x20003f9c   Section     7620  stm32f4x7_eth.o(.bss)
    .bss                                     0x20005d60   Section     7620  stm32f4x7_eth.o(.bss)
    .bss                                     0x20007b24   Section       12  stm32f4x7_eth.o(.bss)
    STACK                                    0x20007b30   Section     1024  startup_stm32f4xx.o(STACK)

    Global Symbols

    Symbol Name                              Value     Ov Type        Size  Object(Section)

    BuildAttributes$$THM_ISAv4$E$P$D$K$B$S$7EM$VFPi3$EXTD16$VFPS$VFMA$PE$A:L22UL41UL21$X:L11$S22US41US21$IEEE1$IW$USESV6$~STKCKD$USESV7$~SHL$OSPACE$ROPI$EBA8$MICROLIB$REQ8$PRES8$EABIv2 0x00000000   Number         0  anon$$obj.o ABSOLUTE
    __ARM_use_no_argv                        0x00000000   Number         0  main.o ABSOLUTE
    __cpp_initialize__aeabi_                  - Undefined Weak Reference
    __cxa_finalize                            - Undefined Weak Reference
    __decompress                              - Undefined Weak Reference
    _clock_init                               - Undefined Weak Reference
    _microlib_exit                            - Undefined Weak Reference
    __Vectors_Size                           0x00000188   Number         0  startup_stm32f4xx.o ABSOLUTE
    __Vectors                                0x08000000   Data           4  startup_stm32f4xx.o(RESET)
    __Vectors_End                            0x08000188   Data           0  startup_stm32f4xx.o(RESET)
    __main                                   0x08000189   Thumb Code     0  entry.o(.ARM.Collect$$$$00000000)
    _main_stk                                0x08000189   Thumb Code     0  entry2.o(.ARM.Collect$$$$00000001)
    _main_scatterload                        0x0800018d   Thumb Code     0  entry5.o(.ARM.Collect$$$$00000004)
    __main_after_scatterload                 0x08000191   Thumb Code     0  entry5.o(.ARM.Collect$$$$00000004)
    _main_clock                              0x08000191   Thumb Code     0  entry7b.o(.ARM.Collect$$$$00000008)
    _main_cpp_init                           0x08000191   Thumb Code     0  entry8b.o(.ARM.Collect$$$$0000000A)
    _main_init                               0x08000191   Thumb Code     0  entry9a.o(.ARM.Collect$$$$0000000B)
    __rt_final_cpp                           0x08000199   Thumb Code     0  entry10a.o(.ARM.Collect$$$$0000000D)
    __rt_final_exit                          0x08000199   Thumb Code     0  entry11a.o(.ARM.Collect$$$$0000000F)
    Reset_Handler                            0x0800019d   Thumb Code     8  startup_stm32f4xx.o(.text)
    ADC_IRQHandler                           0x080001b7   Thumb Code     0  startup_stm32f4xx.o(.text)
    CAN1_RX0_IRQHandler                      0x080001b7   Thumb Code     0  startup_stm32f4xx.o(.text)
    CAN1_RX1_IRQHandler                      0x080001b7   Thumb Code     0  startup_stm32f4xx.o(.text)
    CAN1_SCE_IRQHandler                      0x080001b7   Thumb Code     0  startup_stm32f4xx.o(.text)
    CAN1_TX_IRQHandler                       0x080001b7   Thumb Code     0  startup_stm32f4xx.o(.text)
    CAN2_RX0_IRQHandler                      0x080001b7   Thumb Code     0  startup_stm32f4xx.o(.text)
    CAN2_RX1_IRQHandler                      0x080001b7   Thumb Code     0  startup_stm32f4xx.o(.text)
    CAN2_SCE_IRQHandler                      0x080001b7   Thumb Code     0  startup_stm32f4xx.o(.text)
    CAN2_TX_IRQHandler                       0x080001b7   Thumb Code     0  startup_stm32f4xx.o(.text)
    CRYP_IRQHandler                          0x080001b7   Thumb Code     0  startup_stm32f4xx.o(.text)
    DCMI_IRQHandler                          0x080001b7   Thumb Code     0  startup_stm32f4xx.o(.text)
    DMA1_Stream0_IRQHandler                  0x080001b7   Thumb Code     0  startup_stm32f4xx.o(.text)
    DMA1_Stream1_IRQHandler                  0x080001b7   Thumb Code     0  startup_stm32f4xx.o(.text)
    DMA1_Stream2_IRQHandler                  0x080001b7   Thumb Code     0  startup_stm32f4xx.o(.text)
    DMA1_Stream3_IRQHandler                  0x080001b7   Thumb Code     0  startup_stm32f4xx.o(.text)
    DMA1_Stream4_IRQHandler                  0x080001b7   Thumb Code     0  startup_stm32f4xx.o(.text)
    DMA1_Stream5_IRQHandler                  0x080001b7   Thumb Code     0  startup_stm32f4xx.o(.text)
    DMA1_Stream6_IRQHandler                  0x080001b7   Thumb Code     0  startup_stm32f4xx.o(.text)
    DMA1_Stream7_IRQHandler                  0x080001b7   Thumb Code     0  startup_stm32f4xx.o(.text)
    DMA2_Stream0_IRQHandler                  0x080001b7   Thumb Code     0  startup_stm32f4xx.o(.text)
    DMA2_Stream1_IRQHandler                  0x080001b7   Thumb Code     0  startup_stm32f4xx.o(.text)
    DMA2_Stream2_IRQHandler                  0x080001b7   Thumb Code     0  startup_stm32f4xx.o(.text)
    DMA2_Stream3_IRQHandler                  0x080001b7   Thumb Code     0  startup_stm32f4xx.o(.text)
    DMA2_Stream4_IRQHandler                  0x080001b7   Thumb Code     0  startup_stm32f4xx.o(.text)
    DMA2_Stream5_IRQHandler                  0x080001b7   Thumb Code     0  startup_stm32f4xx.o(.text)
    DMA2_Stream6_IRQHandler                  0x080001b7   Thumb Code     0  startup_stm32f4xx.o(.text)
    DMA2_Stream7_IRQHandler                  0x080001b7   Thumb Code     0  startup_stm32f4xx.o(.text)
    ETH_IRQHandler                           0x080001b7   Thumb Code     0  startup_stm32f4xx.o(.text)
    ETH_WKUP_IRQHandler                      0x080001b7   Thumb Code     0  startup_stm32f4xx.o(.text)
    EXTI0_IRQHandler                         0x080001b7   Thumb Code     0  startup_stm32f4xx.o(.text)
    EXTI1_IRQHandler                         0x080001b7   Thumb Code     0  startup_stm32f4xx.o(.text)
    EXTI2_IRQHandler                         0x080001b7   Thumb Code     0  startup_stm32f4xx.o(.text)
    EXTI3_IRQHandler                         0x080001b7   Thumb Code     0  startup_stm32f4xx.o(.text)
    EXTI4_IRQHandler                         0x080001b7   Thumb Code     0  startup_stm32f4xx.o(.text)
    EXTI9_5_IRQHandler                       0x080001b7   Thumb Code     0  startup_stm32f4xx.o(.text)
    FLASH_IRQHandler                         0x080001b7   Thumb Code     0  startup_stm32f4xx.o(.text)
    FPU_IRQHandler                           0x080001b7   Thumb Code     0  startup_stm32f4xx.o(.text)
    FSMC_IRQHandler                          0x080001b7   Thumb Code     0  startup_stm32f4xx.o(.text)
    HASH_RNG_IRQHandler                      0x080001b7   Thumb Code     0  startup_stm32f4xx.o(.text)
    I2C1_ER_IRQHandler                       0x080001b7   Thumb Code     0  startup_stm32f4xx.o(.text)
    I2C1_EV_IRQHandler                       0x080001b7   Thumb Code     0  startup_stm32f4xx.o(.text)
    I2C2_ER_IRQHandler                       0x080001b7   Thumb Code     0  startup_stm32f4xx.o(.text)
    I2C2_EV_IRQHandler                       0x080001b7   Thumb Code     0  startup_stm32f4xx.o(.text)
    I2C3_ER_IRQHandler                       0x080001b7   Thumb Code     0  startup_stm32f4xx.o(.text)
    I2C3_EV_IRQHandler                       0x080001b7   Thumb Code     0  startup_stm32f4xx.o(.text)
    OTG_FS_IRQHandler                        0x080001b7   Thumb Code     0  startup_stm32f4xx.o(.text)
    OTG_FS_WKUP_IRQHandler                   0x080001b7   Thumb Code     0  startup_stm32f4xx.o(.text)
    OTG_HS_EP1_IN_IRQHandler                 0x080001b7   Thumb Code     0  startup_stm32f4xx.o(.text)
    OTG_HS_EP1_OUT_IRQHandler                0x080001b7   Thumb Code     0  startup_stm32f4xx.o(.text)
    OTG_HS_IRQHandler                        0x080001b7   Thumb Code     0  startup_stm32f4xx.o(.text)
    OTG_HS_WKUP_IRQHandler                   0x080001b7   Thumb Code     0  startup_stm32f4xx.o(.text)
    PVD_IRQHandler                           0x080001b7   Thumb Code     0  startup_stm32f4xx.o(.text)
    RCC_IRQHandler                           0x080001b7   Thumb Code     0  startup_stm32f4xx.o(.text)
    RTC_Alarm_IRQHandler                     0x080001b7   Thumb Code     0  startup_stm32f4xx.o(.text)
    RTC_WKUP_IRQHandler                      0x080001b7   Thumb Code     0  startup_stm32f4xx.o(.text)
    SDIO_IRQHandler                          0x080001b7   Thumb Code     0  startup_stm32f4xx.o(.text)
    SPI1_IRQHandler                          0x080001b7   Thumb Code     0  startup_stm32f4xx.o(.text)
    SPI2_IRQHandler                          0x080001b7   Thumb Code     0  startup_stm32f4xx.o(.text)
    SPI3_IRQHandler                          0x080001b7   Thumb Code     0  startup_stm32f4xx.o(.text)
    TAMP_STAMP_IRQHandler                    0x080001b7   Thumb Code     0  startup_stm32f4xx.o(.text)
    TIM1_BRK_TIM9_IRQHandler                 0x080001b7   Thumb Code     0  startup_stm32f4xx.o(.text)
    TIM1_CC_IRQHandler                       0x080001b7   Thumb Code     0  startup_stm32f4xx.o(.text)
    TIM1_TRG_COM_TIM11_IRQHandler            0x080001b7   Thumb Code     0  startup_stm32f4xx.o(.text)
    TIM1_UP_TIM10_IRQHandler                 0x080001b7   Thumb Code     0  startup_stm32f4xx.o(.text)
    TIM2_IRQHandler                          0x080001b7   Thumb Code     0  startup_stm32f4xx.o(.text)
    TIM3_IRQHandler                          0x080001b7   Thumb Code     0  startup_stm32f4xx.o(.text)
    TIM4_IRQHandler                          0x080001b7   Thumb Code     0  startup_stm32f4xx.o(.text)
    TIM5_IRQHandler                          0x080001b7   Thumb Code     0  startup_stm32f4xx.o(.text)
    TIM6_DAC_IRQHandler                      0x080001b7   Thumb Code     0  startup_stm32f4xx.o(.text)
    TIM7_IRQHandler                          0x080001b7   Thumb Code     0  startup_stm32f4xx.o(.text)
    TIM8_BRK_TIM12_IRQHandler                0x080001b7   Thumb Code     0  startup_stm32f4xx.o(.text)
    TIM8_CC_IRQHandler                       0x080001b7   Thumb Code     0  startup_stm32f4xx.o(.text)
    TIM8_TRG_COM_TIM14_IRQHandler            0x080001b7   Thumb Code     0  startup_stm32f4xx.o(.text)
    TIM8_UP_TIM13_IRQHandler                 0x080001b7   Thumb Code     0  startup_stm32f4xx.o(.text)
    UART4_IRQHandler                         0x080001b7   Thumb Code     0  startup_stm32f4xx.o(.text)
    UART5_IRQHandler                         0x080001b7   Thumb Code     0  startup_stm32f4xx.o(.text)
    USART1_IRQHandler                        0x080001b7   Thumb Code     0  startup_stm32f4xx.o(.text)
    USART2_IRQHandler                        0x080001b7   Thumb Code     0  startup_stm32f4xx.o(.text)
    USART3_IRQHandler                        0x080001b7   Thumb Code     0  startup_stm32f4xx.o(.text)
    USART6_IRQHandler                        0x080001b7   Thumb Code     0  startup_stm32f4xx.o(.text)
    WWDG_IRQHandler                          0x080001b7   Thumb Code     0  startup_stm32f4xx.o(.text)
    __aeabi_memcpy                           0x080001c1   Thumb Code    36  memcpya.o(.text)
    __aeabi_memcpy4                          0x080001c1   Thumb Code     0  memcpya.o(.text)
    __aeabi_memcpy8                          0x080001c1   Thumb Code     0  memcpya.o(.text)
    __aeabi_memset                           0x080001e5   Thumb Code    14  memseta.o(.text)
    __aeabi_memset4                          0x080001e5   Thumb Code     0  memseta.o(.text)
    __aeabi_memset8                          0x080001e5   Thumb Code     0  memseta.o(.text)
    __aeabi_memclr                           0x080001f3   Thumb Code     4  memseta.o(.text)
    __aeabi_memclr4                          0x080001f3   Thumb Code     0  memseta.o(.text)
    __aeabi_memclr8                          0x080001f3   Thumb Code     0  memseta.o(.text)
    _memset$wrapper                          0x080001f7   Thumb Code    18  memseta.o(.text)
    memcmp                                   0x08000209   Thumb Code    26  memcmp.o(.text)
    __scatterload                            0x08000225   Thumb Code    28  init.o(.text)
    __scatterload_rt2                        0x08000225   Thumb Code     0  init.o(.text)
    BusFault_Handler                         0x08000249   Thumb Code     2  stm32f4xx_it.o(i.BusFault_Handler)
    DebugMon_Handler                         0x0800024b   Thumb Code     2  stm32f4xx_it.o(i.DebugMon_Handler)
    ETH_BSP_Config                           0x0800024d   Thumb Code   134  stm32f4x7_eth_bsp.o(i.ETH_BSP_Config)
    ETH_CheckFrameReceived                   0x08000305   Thumb Code    96  stm32f4x7_eth.o(i.ETH_CheckFrameReceived)
    ETH_DMAReceptionCmd                      0x08000369   Thumb Code    22  stm32f4x7_eth.o(i.ETH_DMAReceptionCmd)
    ETH_DMARxDescChainInit                   0x08000385   Thumb Code    74  stm32f4x7_eth.o(i.ETH_DMARxDescChainInit)
    ETH_DMATransmissionCmd                   0x080003dd   Thumb Code    22  stm32f4x7_eth.o(i.ETH_DMATransmissionCmd)
    ETH_DMATxDescChainInit                   0x080003f9   Thumb Code    62  stm32f4x7_eth.o(i.ETH_DMATxDescChainInit)
    ETH_DMATxDescChecksumInsertionConfig     0x08000441   Thumb Code     8  stm32f4x7_eth.o(i.ETH_DMATxDescChecksumInsertionConfig)
    ETH_DeInit                               0x08000449   Thumb Code    24  stm32f4x7_eth.o(i.ETH_DeInit)
    ETH_FlushTransmitFIFO                    0x08000475   Thumb Code    12  stm32f4x7_eth.o(i.ETH_FlushTransmitFIFO)
    ETH_GetSoftwareResetStatus               0x080005e9   Thumb Code    14  stm32f4x7_eth.o(i.ETH_GetSoftwareResetStatus)
    ETH_Get_Received_Frame                   0x080005fd   Thumb Code    42  stm32f4x7_eth.o(i.ETH_Get_Received_Frame)
    ETH_Init                                 0x0800062d   Thumb Code   520  stm32f4x7_eth.o(i.ETH_Init)
    ETH_MACAddressConfig                     0x0800086d   Thumb Code    22  stm32f4x7_eth.o(i.ETH_MACAddressConfig)
    ETH_MACReceptionCmd                      0x08000901   Thumb Code    22  stm32f4x7_eth.o(i.ETH_MACReceptionCmd)
    ETH_MACTransmissionCmd                   0x0800091d   Thumb Code    22  stm32f4x7_eth.o(i.ETH_MACTransmissionCmd)
    ETH_Prepare_Transmit_Descriptors         0x08000939   Thumb Code   168  stm32f4x7_eth.o(i.ETH_Prepare_Transmit_Descriptors)
    ETH_ReadPHYRegister                      0x080009e9   Thumb Code    80  stm32f4x7_eth.o(i.ETH_ReadPHYRegister)
    ETH_SoftwareReset                        0x08000a41   Thumb Code    12  stm32f4x7_eth.o(i.ETH_SoftwareReset)
    ETH_Start                                0x08000a51   Thumb Code    34  stm32f4x7_eth.o(i.ETH_Start)
    ETH_StructInit                           0x08000a73   Thumb Code   136  stm32f4x7_eth.o(i.ETH_StructInit)
    ETH_WritePHYRegister                     0x08000afd   Thumb Code    76  stm32f4x7_eth.o(i.ETH_WritePHYRegister)
    EXTI15_10_IRQHandler                     0x08000b51   Thumb Code    34  stm32f4xx_it.o(i.EXTI15_10_IRQHandler)
    EXTI_ClearITPendingBit                   0x08000b75   Thumb Code     6  stm32f4xx_exti.o(i.EXTI_ClearITPendingBit)
    EXTI_GetITStatus                         0x08000b81   Thumb Code    28  stm32f4xx_exti.o(i.EXTI_GetITStatus)
    EXTI_Init                                0x08000ba1   Thumb Code   108  stm32f4xx_exti.o(i.EXTI_Init)
    Eth_Link_EXTIConfig                      0x08000c11   Thumb Code   110  stm32f4x7_eth_bsp.o(i.Eth_Link_EXTIConfig)
    Eth_Link_ITHandler                       0x08000c85   Thumb Code    22  stm32f4x7_eth_bsp.o(i.Eth_Link_ITHandler)
    Eth_Link_PHYITConfig                     0x08000ca1   Thumb Code    54  stm32f4x7_eth_bsp.o(i.Eth_Link_PHYITConfig)
    FLASH_EraseSector                        0x08000cd9   Thumb Code   104  stm32f4xx_flash.o(i.FLASH_EraseSector)
    FLASH_GetStatus                          0x08000d45   Thumb Code    46  stm32f4xx_flash.o(i.FLASH_GetStatus)
    FLASH_If_Erase                           0x08000d79   Thumb Code    80  flash_if.o(i.FLASH_If_Erase)
    FLASH_If_Init                            0x08000dcd   Thumb Code     4  flash_if.o(i.FLASH_If_Init)
    FLASH_If_Write                           0x08000dd1   Thumb Code    76  flash_if.o(i.FLASH_If_Write)
    FLASH_ProgramWord                        0x08000e21   Thumb Code    56  stm32f4xx_flash.o(i.FLASH_ProgramWord)
    FLASH_Unlock                             0x08000e5d   Thumb Code    22  stm32f4xx_flash.o(i.FLASH_Unlock)
    FLASH_WaitForLastOperation               0x08000e81   Thumb Code    30  stm32f4xx_flash.o(i.FLASH_WaitForLastOperation)
    GPIO_Init                                0x08000e9f   Thumb Code   120  stm32f4xx_gpio.o(i.GPIO_Init)
    GPIO_PinAFConfig                         0x08000f17   Thumb Code    32  stm32f4xx_gpio.o(i.GPIO_PinAFConfig)
    GPIO_ReadInputDataBit                    0x08000f37   Thumb Code    14  stm32f4xx_gpio.o(i.GPIO_ReadInputDataBit)
    GPIO_ResetBits                           0x08000f45   Thumb Code     4  stm32f4xx_gpio.o(i.GPIO_ResetBits)
    GPIO_SetBits                             0x08000f49   Thumb Code     4  stm32f4xx_gpio.o(i.GPIO_SetBits)
    HardFault_Handler                        0x08000f4d   Thumb Code     2  stm32f4xx_it.o(i.HardFault_Handler)
    IAP_tftpd_init                           0x08001099   Thumb Code    42  tftpserver.o(i.IAP_tftpd_init)
    LCD_DisplayChar                          0x0800119d   Thumb Code    26  stm324xg_eval_lcd.o(i.LCD_DisplayChar)
    LCD_DisplayStringLine                    0x080011bd   Thumb Code    52  stm324xg_eval_lcd.o(i.LCD_DisplayStringLine)
    LCD_DrawChar                             0x080011f5   Thumb Code   118  stm324xg_eval_lcd.o(i.LCD_DrawChar)
    LCD_GetFont                              0x08001271   Thumb Code     6  stm324xg_eval_lcd.o(i.LCD_GetFont)
    LCD_SetCursor                            0x0800127d   Thumb Code    24  stm324xg_eval_lcd.o(i.LCD_SetCursor)
    LCD_SetTextColor                         0x08001295   Thumb Code    12  stm324xg_eval_lcd.o(i.LCD_SetTextColor)
    LCD_WriteReg                             0x080012a5   Thumb Code    10  stm324xg_eval_lcd.o(i.LCD_WriteReg)
    LwIP_Init                                0x080012b1   Thumb Code    78  netconf.o(i.LwIP_Init)
    LwIP_Periodic_Handle                     0x08001311   Thumb Code    32  netconf.o(i.LwIP_Periodic_Handle)
    LwIP_Pkt_Handle                          0x08001335   Thumb Code     6  netconf.o(i.LwIP_Pkt_Handle)
    MemManage_Handler                        0x08001341   Thumb Code     2  stm32f4xx_it.o(i.MemManage_Handler)
    NMI_Handler                              0x08001343   Thumb Code     2  stm32f4xx_it.o(i.NMI_Handler)
    NVIC_Init                                0x08001345   Thumb Code    96  misc.o(i.NVIC_Init)
    NVIC_PriorityGroupConfig                 0x080013a9   Thumb Code    10  misc.o(i.NVIC_PriorityGroupConfig)
    PendSV_Handler                           0x080013bd   Thumb Code     2  stm32f4xx_it.o(i.PendSV_Handler)
    RCC_AHB1PeriphClockCmd                   0x080013c1   Thumb Code    18  stm32f4xx_rcc.o(i.RCC_AHB1PeriphClockCmd)
    RCC_AHB1PeriphResetCmd                   0x080013d9   Thumb Code    18  stm32f4xx_rcc.o(i.RCC_AHB1PeriphResetCmd)
    RCC_APB2PeriphClockCmd                   0x080013f1   Thumb Code    18  stm32f4xx_rcc.o(i.RCC_APB2PeriphClockCmd)
    RCC_GetClocksFreq                        0x08001409   Thumb Code   132  stm32f4xx_rcc.o(i.RCC_GetClocksFreq)
    STM_EVAL_PBInit                          0x0800149d   Thumb Code    50  stm324xg_eval.o(i.STM_EVAL_PBInit)
    STM_EVAL_PG2test                         0x080014d5   Thumb Code    46  stm324xg_eval.o(i.STM_EVAL_PG2test)
    SVC_Handler                              0x08001509   Thumb Code     2  stm32f4xx_it.o(i.SVC_Handler)
    SYSCFG_ETH_MediaInterfaceConfig          0x0800150d   Thumb Code     8  stm32f4xx_syscfg.o(i.SYSCFG_ETH_MediaInterfaceConfig)
    SYSCFG_EXTILineConfig                    0x08001519   Thumb Code    42  stm32f4xx_syscfg.o(i.SYSCFG_EXTILineConfig)
    SysTick_CLKSourceConfig                  0x080015fd   Thumb Code    24  misc.o(i.SysTick_CLKSourceConfig)
    SysTick_Handler                          0x08001615   Thumb Code     4  stm32f4xx_it.o(i.SysTick_Handler)
    SystemInit                               0x08001619   Thumb Code    74  system_stm32f4xx.o(i.SystemInit)
    Time_Update                              0x08001675   Thumb Code    10  main.o(i.Time_Update)
    UsageFault_Handler                       0x08001685   Thumb Code     2  stm32f4xx_it.o(i.UsageFault_Handler)
    __scatterload_copy                       0x08001687   Thumb Code    14  handlers.o(i.__scatterload_copy)
    __scatterload_null                       0x08001695   Thumb Code     2  handlers.o(i.__scatterload_null)
    __scatterload_zeroinit                   0x08001697   Thumb Code    14  handlers.o(i.__scatterload_zeroinit)
    autoip_arp_reply                         0x080016cd   Thumb Code   158  autoip.o(i.autoip_arp_reply)
    autoip_start                             0x0800176d   Thumb Code   138  autoip.o(i.autoip_start)
    etharp_arp_input                         0x08001849   Thumb Code   240  etharp.o(i.etharp_arp_input)
    etharp_ip_input                          0x0800193d   Thumb Code    44  etharp.o(i.etharp_ip_input)
    etharp_output                            0x08001969   Thumb Code   178  etharp.o(i.etharp_output)
    etharp_query                             0x08001a21   Thumb Code   256  etharp.o(i.etharp_query)
    etharp_raw                               0x08001b25   Thumb Code   178  etharp.o(i.etharp_raw)
    etharp_request                           0x08001bdd   Thumb Code    32  etharp.o(i.etharp_request)
    etharp_tmr                               0x08001c39   Thumb Code    78  etharp.o(i.etharp_tmr)
    ethernet_input                           0x08001c8d   Thumb Code    84  etharp.o(i.ethernet_input)
    ethernetif_init                          0x08001ce1   Thumb Code    30  ethernetif.o(i.ethernetif_init)
    ethernetif_input                         0x08001d09   Thumb Code    38  ethernetif.o(i.ethernetif_input)
    htonl                                    0x08001e8b   Thumb Code     4  inet.o(i.htonl)
    htons                                    0x08001e8f   Thumb Code     4  inet.o(i.htons)
    icmp_dest_unreach                        0x08001e93   Thumb Code     8  icmp.o(i.icmp_dest_unreach)
    icmp_input                               0x08001e9b   Thumb Code   276  icmp.o(i.icmp_input)
    icmp_time_exceeded                       0x08002015   Thumb Code     8  icmp.o(i.icmp_time_exceeded)
    inet_chksum                              0x0800201d   Thumb Code    12  inet_chksum.o(i.inet_chksum)
    inet_chksum_pbuf                         0x08002029   Thumb Code    72  inet_chksum.o(i.inet_chksum_pbuf)
    ip_addr_isbroadcast                      0x08002071   Thumb Code    48  ip_addr.o(i.ip_addr_isbroadcast)
    ip_frag                                  0x080020a1   Thumb Code   298  ip_frag.o(i.ip_frag)
    ip_input                                 0x080021d1   Thumb Code   334  ip.o(i.ip_input)
    ip_output                                0x08002329   Thumb Code    52  ip.o(i.ip_output)
    ip_output_if                             0x0800235d   Thumb Code   200  ip.o(i.ip_output_if)
    ip_reass                                 0x08002429   Thumb Code   428  ip_frag.o(i.ip_reass)
    ip_route                                 0x080027d1   Thumb Code    62  ip.o(i.ip_route)
    main                                     0x08002985   Thumb Code   168  main.o(i.main)
    mem_free                                 0x08002a3d   Thumb Code    40  mem.o(i.mem_free)
    mem_init                                 0x08002a69   Thumb Code    44  mem.o(i.mem_init)
    mem_malloc                               0x08002a9d   Thumb Code   162  mem.o(i.mem_malloc)
    mem_realloc                              0x08002b45   Thumb Code   190  mem.o(i.mem_realloc)
    memp_free                                0x08002c09   Thumb Code    18  memp.o(i.memp_free)
    memp_init                                0x08002c21   Thumb Code    78  memp.o(i.memp_init)
    memp_malloc                              0x08002c79   Thumb Code    28  memp.o(i.memp_malloc)
    netif_add                                0x08002c99   Thumb Code    70  netif.o(i.netif_add)
    netif_is_up                              0x08002ce5   Thumb Code    10  netif.o(i.netif_is_up)
    netif_set_addr                           0x08002cef   Thumb Code    28  netif.o(i.netif_set_addr)
    netif_set_default                        0x08002d0d   Thumb Code     6  netif.o(i.netif_set_default)
    netif_set_down                           0x08002d19   Thumb Code    18  netif.o(i.netif_set_down)
    netif_set_gw                             0x08002d2b   Thumb Code     8  netif.o(i.netif_set_gw)
    netif_set_ipaddr                         0x08002d33   Thumb Code     8  netif.o(i.netif_set_ipaddr)
    netif_set_netmask                        0x08002d3b   Thumb Code     8  netif.o(i.netif_set_netmask)
    netif_set_up                             0x08002d43   Thumb Code    28  netif.o(i.netif_set_up)
    ntohl                                    0x08002d5f   Thumb Code     4  inet.o(i.ntohl)
    ntohs                                    0x08002d63   Thumb Code     4  inet.o(i.ntohs)
    pbuf_alloc                               0x08002d67   Thumb Code   268  pbuf.o(i.pbuf_alloc)
    pbuf_cat                                 0x08002e73   Thumb Code    40  pbuf.o(i.pbuf_cat)
    pbuf_chain                               0x08002e9b   Thumb Code    18  pbuf.o(i.pbuf_chain)
    pbuf_clen                                0x08002ead   Thumb Code    18  pbuf.o(i.pbuf_clen)
    pbuf_copy                                0x08002ebf   Thumb Code   144  pbuf.o(i.pbuf_copy)
    pbuf_copy_partial                        0x08002f4f   Thumb Code   104  pbuf.o(i.pbuf_copy_partial)
    pbuf_free                                0x08002fb7   Thumb Code    68  pbuf.o(i.pbuf_free)
    pbuf_header                              0x08002ffb   Thumb Code    96  pbuf.o(i.pbuf_header)
    pbuf_realloc                             0x0800305b   Thumb Code    78  pbuf.o(i.pbuf_realloc)
    pbuf_ref                                 0x080030a9   Thumb Code    12  pbuf.o(i.pbuf_ref)
    raw_input                                0x08003109   Thumb Code   100  raw.o(i.raw_input)
    udp_bind                                 0x08003171   Thumb Code    86  udp.o(i.udp_bind)
    udp_disconnect                           0x080031cd   Thumb Code    20  udp.o(i.udp_disconnect)
    udp_input                                0x080031e5   Thumb Code   312  udp.o(i.udp_input)
    udp_new                                  0x08003321   Thumb Code    26  udp.o(i.udp_new)
    udp_recv                                 0x0800333b   Thumb Code     6  udp.o(i.udp_recv)
    udp_remove                               0x08003341   Thumb Code    40  udp.o(i.udp_remove)
    udp_sendto                               0x0800336d   Thumb Code    40  udp.o(i.udp_sendto)
    udp_sendto_if                            0x08003395   Thumb Code   176  udp.o(i.udp_sendto_if)
    ip_addr_any                              0x080034ec   Data           4  ip_addr.o(.constdata)
    ethbroadcast                             0x08003508   Data           6  etharp.o(.constdata)
    ethzero                                  0x0800350e   Data           6  etharp.o(.constdata)
    ASCII16x24_Table                         0x08003514   Data        4560  stm324xg_eval_lcd.o(.constdata)
    Region$$Table$$Base                      0x080046e4   Number         0  anon$$obj.o(Region$$Table)
    Region$$Table$$Limit                     0x08004704   Number         0  anon$$obj.o(Region$$Table)
    LocalTime                                0x2000000c   Data           4  main.o(.data)
    timingdelay                              0x20000010   Data           4  main.o(.data)
    Jump_To_Application                      0x20000014   Data           4  main.o(.data)
    JumpAddress                              0x20000018   Data           4  main.o(.data)
    ARPTimer                                 0x2000001c   Data           4  netconf.o(.data)
    EthLinkStatus                            0x20000020   Data           1  stm32f4x7_eth_bsp.o(.data)
    EthInitStatus                            0x20000024   Data           4  stm32f4x7_eth_bsp.o(.data)
    current_netif                            0x20000034   Data           4  ip.o(.data)
    current_header                           0x20000038   Data           4  ip.o(.data)
    udp_pcbs                                 0x2000003c   Data           4  udp.o(.data)
    netif_list                               0x20000054   Data           4  netif.o(.data)
    netif_default                            0x20000058   Data           4  netif.o(.data)
    DMATxDescToSet                           0x20000074   Data           4  stm32f4x7_eth.o(.data)
    DMARxDescToGet                           0x20000078   Data           4  stm32f4x7_eth.o(.data)
    DMA_RX_FRAME_infos                       0x2000007c   Data           4  stm32f4x7_eth.o(.data)
    Font16x24                                0x20000088   Data           8  stm324xg_eval_lcd.o(.data)
    netif                                    0x20000090   Data          52  netconf.o(.bss)
    DMARxDscrTab                             0x20003e5c   Data         160  stm32f4x7_eth.o(.bss)
    DMATxDscrTab                             0x20003efc   Data         160  stm32f4x7_eth.o(.bss)
    Rx_Buff                                  0x20003f9c   Data        7620  stm32f4x7_eth.o(.bss)
    Tx_Buff                                  0x20005d60   Data        7620  stm32f4x7_eth.o(.bss)
    RX_Frame_Descriptor                      0x20007b24   Data          12  stm32f4x7_eth.o(.bss)
    __initial_sp                             0x20007f30   Data           0  startup_stm32f4xx.o(STACK)



==============================================================================

Memory Map of the image

  Image Entry point : 0x08000189

  Load Region LR_IROM1 (Base: 0x08000000, Size: 0x00004794, Max: 0x00010000, ABSOLUTE)

    Execution Region ER_IROM1 (Base: 0x08000000, Size: 0x00004704, Max: 0x00010000, ABSOLUTE)

    Base Addr    Size         Type   Attr      Idx    E Section Name        Object

    0x08000000   0x00000188   Data   RO          139    RESET               startup_stm32f4xx.o
    0x08000188   0x00000000   Code   RO         4063  * .ARM.Collect$$$$00000000  mc_w.l(entry.o)
    0x08000188   0x00000004   Code   RO         4082    .ARM.Collect$$$$00000001  mc_w.l(entry2.o)
    0x0800018c   0x00000004   Code   RO         4085    .ARM.Collect$$$$00000004  mc_w.l(entry5.o)
    0x08000190   0x00000000   Code   RO         4087    .ARM.Collect$$$$00000008  mc_w.l(entry7b.o)
    0x08000190   0x00000000   Code   RO         4089    .ARM.Collect$$$$0000000A  mc_w.l(entry8b.o)
    0x08000190   0x00000008   Code   RO         4090    .ARM.Collect$$$$0000000B  mc_w.l(entry9a.o)
    0x08000198   0x00000000   Code   RO         4092    .ARM.Collect$$$$0000000D  mc_w.l(entry10a.o)
    0x08000198   0x00000000   Code   RO         4094    .ARM.Collect$$$$0000000F  mc_w.l(entry11a.o)
    0x08000198   0x00000004   Code   RO         4083    .ARM.Collect$$$$00002712  mc_w.l(entry2.o)
    0x0800019c   0x00000024   Code   RO          140    .text               startup_stm32f4xx.o
    0x080001c0   0x00000024   Code   RO         4066    .text               mc_w.l(memcpya.o)
    0x080001e4   0x00000024   Code   RO         4068    .text               mc_w.l(memseta.o)
    0x08000208   0x0000001a   Code   RO         4070    .text               mc_w.l(memcmp.o)
    0x08000222   0x00000002   PAD
    0x08000224   0x00000024   Code   RO         4099    .text               mc_w.l(init.o)
    0x08000248   0x00000002   Code   RO          495    i.BusFault_Handler  stm32f4xx_it.o
    0x0800024a   0x00000002   Code   RO          496    i.DebugMon_Handler  stm32f4xx_it.o
    0x0800024c   0x000000b8   Code   RO          444    i.ETH_BSP_Config    stm32f4x7_eth_bsp.o
    0x08000304   0x00000064   Code   RO         3166    i.ETH_CheckFrameReceived  stm32f4x7_eth.o
    0x08000368   0x0000001c   Code   RO         3170    i.ETH_DMAReceptionCmd  stm32f4x7_eth.o
    0x08000384   0x00000058   Code   RO         3171    i.ETH_DMARxDescChainInit  stm32f4x7_eth.o
    0x080003dc   0x0000001c   Code   RO         3173    i.ETH_DMATransmissionCmd  stm32f4x7_eth.o
    0x080003f8   0x00000048   Code   RO         3176    i.ETH_DMATxDescChainInit  stm32f4x7_eth.o
    0x08000440   0x00000008   Code   RO         3177    i.ETH_DMATxDescChecksumInsertionConfig  stm32f4x7_eth.o
    0x08000448   0x00000018   Code   RO         3182    i.ETH_DeInit        stm32f4x7_eth.o
    0x08000460   0x00000012   Code   RO         3183    i.ETH_Delay         stm32f4x7_eth.o
    0x08000472   0x00000002   PAD
    0x08000474   0x00000010   Code   RO         3185    i.ETH_FlushTransmitFIFO  stm32f4x7_eth.o
    0x08000484   0x00000164   Code   RO          445    i.ETH_GPIO_Config   stm32f4x7_eth_bsp.o
    0x080005e8   0x00000014   Code   RO         3211    i.ETH_GetSoftwareResetStatus  stm32f4x7_eth.o
    0x080005fc   0x00000030   Code   RO         3213    i.ETH_Get_Received_Frame  stm32f4x7_eth.o
    0x0800062c   0x00000240   Code   RO         3216    i.ETH_Init          stm32f4x7_eth.o
    0x0800086c   0x0000001c   Code   RO         3218    i.ETH_MACAddressConfig  stm32f4x7_eth.o
    0x08000888   0x00000078   Code   RO          446    i.ETH_MACDMA_Config  stm32f4x7_eth_bsp.o
    0x08000900   0x0000001c   Code   RO         3223    i.ETH_MACReceptionCmd  stm32f4x7_eth.o
    0x0800091c   0x0000001c   Code   RO         3224    i.ETH_MACTransmissionCmd  stm32f4x7_eth.o
    0x08000938   0x000000b0   Code   RO         3235    i.ETH_Prepare_Transmit_Descriptors  stm32f4x7_eth.o
    0x080009e8   0x00000058   Code   RO         3236    i.ETH_ReadPHYRegister  stm32f4x7_eth.o
    0x08000a40   0x00000010   Code   RO         3244    i.ETH_SoftwareReset  stm32f4x7_eth.o
    0x08000a50   0x00000022   Code   RO         3245    i.ETH_Start         stm32f4x7_eth.o
    0x08000a72   0x00000088   Code   RO         3246    i.ETH_StructInit    stm32f4x7_eth.o
    0x08000afa   0x00000002   PAD
    0x08000afc   0x00000054   Code   RO         3248    i.ETH_WritePHYRegister  stm32f4x7_eth.o
    0x08000b50   0x00000022   Code   RO          497    i.EXTI15_10_IRQHandler  stm32f4xx_it.o
    0x08000b72   0x00000002   PAD
    0x08000b74   0x0000000c   Code   RO         2216    i.EXTI_ClearITPendingBit  stm32f4xx_exti.o
    0x08000b80   0x00000020   Code   RO         2220    i.EXTI_GetITStatus  stm32f4xx_exti.o
    0x08000ba0   0x00000070   Code   RO         2221    i.EXTI_Init         stm32f4xx_exti.o
    0x08000c10   0x00000074   Code   RO          447    i.Eth_Link_EXTIConfig  stm32f4x7_eth_bsp.o
    0x08000c84   0x0000001c   Code   RO          448    i.Eth_Link_ITHandler  stm32f4x7_eth_bsp.o
    0x08000ca0   0x00000036   Code   RO          449    i.Eth_Link_PHYITConfig  stm32f4x7_eth_bsp.o
    0x08000cd6   0x00000002   PAD
    0x08000cd8   0x0000006c   Code   RO         2277    i.FLASH_EraseSector  stm32f4xx_flash.o
    0x08000d44   0x00000034   Code   RO         2279    i.FLASH_GetStatus   stm32f4xx_flash.o
    0x08000d78   0x00000054   Code   RO          279    i.FLASH_If_Erase    flash_if.o
    0x08000dcc   0x00000004   Code   RO          280    i.FLASH_If_Init     flash_if.o
    0x08000dd0   0x00000050   Code   RO          281    i.FLASH_If_Write    flash_if.o
    0x08000e20   0x0000003c   Code   RO         2299    i.FLASH_ProgramWord  stm32f4xx_flash.o
    0x08000e5c   0x00000024   Code   RO         2301    i.FLASH_Unlock      stm32f4xx_flash.o
    0x08000e80   0x0000001e   Code   RO         2302    i.FLASH_WaitForLastOperation  stm32f4xx_flash.o
    0x08000e9e   0x00000078   Code   RO         2588    i.GPIO_Init         stm32f4xx_gpio.o
    0x08000f16   0x00000020   Code   RO         2589    i.GPIO_PinAFConfig  stm32f4xx_gpio.o
    0x08000f36   0x0000000e   Code   RO         2592    i.GPIO_ReadInputDataBit  stm32f4xx_gpio.o
    0x08000f44   0x00000004   Code   RO         2595    i.GPIO_ResetBits    stm32f4xx_gpio.o
    0x08000f48   0x00000004   Code   RO         2596    i.GPIO_SetBits      stm32f4xx_gpio.o
    0x08000f4c   0x00000002   Code   RO          498    i.HardFault_Handler  stm32f4xx_it.o
    0x08000f4e   0x00000002   PAD
    0x08000f50   0x00000030   Code   RO          145    i.IAP_tftp_cleanup_wr  tftpserver.o
    0x08000f80   0x00000006   Code   RO          146    i.IAP_tftp_extract_block  tftpserver.o
    0x08000f86   0x00000002   PAD
    0x08000f88   0x00000074   Code   RO          147    i.IAP_tftp_process_write  tftpserver.o
    0x08000ffc   0x0000004c   Code   RO          148    i.IAP_tftp_recv_callback  tftpserver.o
    0x08001048   0x00000050   Code   RO          149    i.IAP_tftp_send_ack_packet  tftpserver.o
    0x08001098   0x00000038   Code   RO          150    i.IAP_tftpd_init    tftpserver.o
    0x080010d0   0x000000cc   Code   RO          151    i.IAP_wrq_recv_callback  tftpserver.o
    0x0800119c   0x00000020   Code   RO         3691    i.LCD_DisplayChar   stm324xg_eval_lcd.o
    0x080011bc   0x00000038   Code   RO         3694    i.LCD_DisplayStringLine  stm324xg_eval_lcd.o
    0x080011f4   0x0000007c   Code   RO         3695    i.LCD_DrawChar      stm324xg_eval_lcd.o
    0x08001270   0x0000000c   Code   RO         3706    i.LCD_GetFont       stm324xg_eval_lcd.o
    0x0800127c   0x00000018   Code   RO         3715    i.LCD_SetCursor     stm324xg_eval_lcd.o
    0x08001294   0x00000010   Code   RO         3718    i.LCD_SetTextColor  stm324xg_eval_lcd.o
    0x080012a4   0x0000000a   Code   RO         3723    i.LCD_WriteReg      stm324xg_eval_lcd.o
    0x080012ae   0x00000002   PAD
    0x080012b0   0x00000060   Code   RO          394    i.LwIP_Init         netconf.o
    0x08001310   0x00000024   Code   RO          395    i.LwIP_Periodic_Handle  netconf.o
    0x08001334   0x0000000c   Code   RO          396    i.LwIP_Pkt_Handle   netconf.o
    0x08001340   0x00000002   Code   RO          499    i.MemManage_Handler  stm32f4xx_it.o
    0x08001342   0x00000002   Code   RO          500    i.NMI_Handler       stm32f4xx_it.o
    0x08001344   0x00000064   Code   RO         2051    i.NVIC_Init         misc.o
    0x080013a8   0x00000014   Code   RO         2052    i.NVIC_PriorityGroupConfig  misc.o
    0x080013bc   0x00000002   Code   RO          501    i.PendSV_Handler    stm32f4xx_it.o
    0x080013be   0x00000002   PAD
    0x080013c0   0x00000018   Code   RO         2889    i.RCC_AHB1PeriphClockCmd  stm32f4xx_rcc.o
    0x080013d8   0x00000018   Code   RO         2891    i.RCC_AHB1PeriphResetCmd  stm32f4xx_rcc.o
    0x080013f0   0x00000018   Code   RO         2901    i.RCC_APB2PeriphClockCmd  stm32f4xx_rcc.o
    0x08001408   0x00000094   Code   RO         2910    i.RCC_GetClocksFreq  stm32f4xx_rcc.o
    0x0800149c   0x00000038   Code   RO         3962    i.STM_EVAL_PBInit   stm324xg_eval.o
    0x080014d4   0x00000034   Code   RO         3963    i.STM_EVAL_PG2test  stm324xg_eval.o
    0x08001508   0x00000002   Code   RO          502    i.SVC_Handler       stm32f4xx_it.o
    0x0800150a   0x00000002   PAD
    0x0800150c   0x0000000c   Code   RO         1823    i.SYSCFG_ETH_MediaInterfaceConfig  stm32f4xx_syscfg.o
    0x08001518   0x00000030   Code   RO         1824    i.SYSCFG_EXTILineConfig  stm32f4xx_syscfg.o
    0x08001548   0x000000b4   Code   RO            2    i.SetSysClock       system_stm32f4xx.o
    0x080015fc   0x00000018   Code   RO         2055    i.SysTick_CLKSourceConfig  misc.o
    0x08001614   0x00000004   Code   RO          503    i.SysTick_Handler   stm32f4xx_it.o
    0x08001618   0x0000005c   Code   RO            4    i.SystemInit        system_stm32f4xx.o
    0x08001674   0x00000010   Code   RO          347    i.Time_Update       main.o
    0x08001684   0x00000002   Code   RO          504    i.UsageFault_Handler  stm32f4xx_it.o
    0x08001686   0x0000000e   Code   RO         4107    i.__scatterload_copy  mc_w.l(handlers.o)
    0x08001694   0x00000002   Code   RO         4108    i.__scatterload_null  mc_w.l(handlers.o)
    0x08001696   0x0000000e   Code   RO         4109    i.__scatterload_zeroinit  mc_w.l(handlers.o)
    0x080016a4   0x00000028   Code   RO          717    i.autoip_arp_announce  autoip.o
    0x080016cc   0x0000009e   Code   RO          718    i.autoip_arp_reply  autoip.o
    0x0800176a   0x00000002   PAD
    0x0800176c   0x00000098   Code   RO          721    i.autoip_start      autoip.o
    0x08001804   0x00000044   Code   RO          722    i.autoip_start_probing  autoip.o
    0x08001848   0x000000f4   Code   RO         1502    i.etharp_arp_input  etharp.o
    0x0800193c   0x0000002c   Code   RO         1504    i.etharp_ip_input   etharp.o
    0x08001968   0x000000b8   Code   RO         1505    i.etharp_output     etharp.o
    0x08001a20   0x00000104   Code   RO         1506    i.etharp_query      etharp.o
    0x08001b24   0x000000b8   Code   RO         1507    i.etharp_raw        etharp.o
    0x08001bdc   0x00000024   Code   RO         1508    i.etharp_request    etharp.o
    0x08001c00   0x00000036   Code   RO         1509    i.etharp_send_ip    etharp.o
    0x08001c36   0x00000002   PAD
    0x08001c38   0x00000054   Code   RO         1510    i.etharp_tmr        etharp.o
    0x08001c8c   0x00000054   Code   RO         1511    i.ethernet_input    etharp.o
    0x08001ce0   0x00000028   Code   RO         1593    i.ethernetif_init   ethernetif.o
    0x08001d08   0x00000026   Code   RO         1594    i.ethernetif_input  ethernetif.o
    0x08001d2e   0x00000002   PAD
    0x08001d30   0x0000013c   Code   RO         1512    i.find_entry        etharp.o
    0x08001e6c   0x0000001e   Code   RO         1513    i.free_etharp_q     etharp.o
    0x08001e8a   0x00000004   Code   RO          830    i.htonl             inet.o
    0x08001e8e   0x00000004   Code   RO          831    i.htons             inet.o
    0x08001e92   0x00000008   Code   RO          787    i.icmp_dest_unreach  icmp.o
    0x08001e9a   0x00000114   Code   RO          788    i.icmp_input        icmp.o
    0x08001fae   0x00000066   Code   RO          789    i.icmp_send_response  icmp.o
    0x08002014   0x00000008   Code   RO          790    i.icmp_time_exceeded  icmp.o
    0x0800201c   0x0000000c   Code   RO          882    i.inet_chksum       inet_chksum.o
    0x08002028   0x00000048   Code   RO          883    i.inet_chksum_pbuf  inet_chksum.o
    0x08002070   0x00000030   Code   RO          974    i.ip_addr_isbroadcast  ip_addr.o
    0x080020a0   0x00000130   Code   RO          651    i.ip_frag           ip_frag.o
    0x080021d0   0x00000158   Code   RO          922    i.ip_input          ip.o
    0x08002328   0x00000034   Code   RO          923    i.ip_output         ip.o
    0x0800235c   0x000000cc   Code   RO          924    i.ip_output_if      ip.o
    0x08002428   0x000001b0   Code   RO          652    i.ip_reass          ip_frag.o
    0x080025d8   0x000000f0   Code   RO          653    i.ip_reass_chain_frag_into_datagram_and_validate  ip_frag.o
    0x080026c8   0x00000024   Code   RO          654    i.ip_reass_dequeue_datagram  ip_frag.o
    0x080026ec   0x00000070   Code   RO          655    i.ip_reass_free_complete_datagram  ip_frag.o
    0x0800275c   0x00000074   Code   RO          656    i.ip_reass_remove_oldest_datagram  ip_frag.o
    0x080027d0   0x00000048   Code   RO          925    i.ip_route          ip.o
    0x08002818   0x00000080   Code   RO         1595    i.low_level_init    ethernetif.o
    0x08002898   0x00000080   Code   RO         1596    i.low_level_input   ethernetif.o
    0x08002918   0x00000030   Code   RO         1597    i.low_level_output  ethernetif.o
    0x08002948   0x0000003c   Code   RO          885    i.lwip_standard_chksum  inet_chksum.o
    0x08002984   0x000000b8   Code   RO          348    i.main              main.o
    0x08002a3c   0x0000002c   Code   RO         1132    i.mem_free          mem.o
    0x08002a68   0x00000034   Code   RO         1133    i.mem_init          mem.o
    0x08002a9c   0x000000a8   Code   RO         1134    i.mem_malloc        mem.o
    0x08002b44   0x000000c4   Code   RO         1135    i.mem_realloc       mem.o
    0x08002c08   0x00000018   Code   RO         1179    i.memp_free         memp.o
    0x08002c20   0x00000058   Code   RO         1180    i.memp_init         memp.o
    0x08002c78   0x00000020   Code   RO         1181    i.memp_malloc       memp.o
    0x08002c98   0x0000004c   Code   RO         1222    i.netif_add         netif.o
    0x08002ce4   0x0000000a   Code   RO         1224    i.netif_is_up       netif.o
    0x08002cee   0x0000001c   Code   RO         1226    i.netif_set_addr    netif.o
    0x08002d0a   0x00000002   PAD
    0x08002d0c   0x0000000c   Code   RO         1227    i.netif_set_default  netif.o
    0x08002d18   0x00000012   Code   RO         1228    i.netif_set_down    netif.o
    0x08002d2a   0x00000008   Code   RO         1229    i.netif_set_gw      netif.o
    0x08002d32   0x00000008   Code   RO         1230    i.netif_set_ipaddr  netif.o
    0x08002d3a   0x00000008   Code   RO         1231    i.netif_set_netmask  netif.o
    0x08002d42   0x0000001c   Code   RO         1232    i.netif_set_up      netif.o
    0x08002d5e   0x00000004   Code   RO          835    i.ntohl             inet.o
    0x08002d62   0x00000004   Code   RO          836    i.ntohs             inet.o
    0x08002d66   0x0000010c   Code   RO         1304    i.pbuf_alloc        pbuf.o
    0x08002e72   0x00000028   Code   RO         1305    i.pbuf_cat          pbuf.o
    0x08002e9a   0x00000012   Code   RO         1306    i.pbuf_chain        pbuf.o
    0x08002eac   0x00000012   Code   RO         1307    i.pbuf_clen         pbuf.o
    0x08002ebe   0x00000090   Code   RO         1309    i.pbuf_copy         pbuf.o
    0x08002f4e   0x00000068   Code   RO         1310    i.pbuf_copy_partial  pbuf.o
    0x08002fb6   0x00000044   Code   RO         1312    i.pbuf_free         pbuf.o
    0x08002ffa   0x00000060   Code   RO         1313    i.pbuf_header       pbuf.o
    0x0800305a   0x0000004e   Code   RO         1314    i.pbuf_realloc      pbuf.o
    0x080030a8   0x0000000c   Code   RO         1315    i.pbuf_ref          pbuf.o
    0x080030b4   0x00000054   Code   RO         1136    i.plug_holes        mem.o
    0x08003108   0x00000068   Code   RO         1394    i.raw_input         raw.o
    0x08003170   0x0000005c   Code   RO         1001    i.udp_bind          udp.o
    0x080031cc   0x00000018   Code   RO         1003    i.udp_disconnect    udp.o
    0x080031e4   0x0000013c   Code   RO         1004    i.udp_input         udp.o
    0x08003320   0x0000001a   Code   RO         1005    i.udp_new           udp.o
    0x0800333a   0x00000006   Code   RO         1006    i.udp_recv          udp.o
    0x08003340   0x0000002c   Code   RO         1007    i.udp_remove        udp.o
    0x0800336c   0x00000028   Code   RO         1009    i.udp_sendto        udp.o
    0x08003394   0x000000b0   Code   RO         1010    i.udp_sendto_if     udp.o
    0x08003444   0x000000a8   Code   RO         1514    i.update_arp_entry  etharp.o
    0x080034ec   0x00000004   Data   RO          975    .constdata          ip_addr.o
    0x080034f0   0x00000018   Data   RO         1183    .constdata          memp.o
    0x08003508   0x0000000c   Data   RO         1516    .constdata          etharp.o
    0x08003514   0x000011d0   Data   RO         3727    .constdata          stm324xg_eval_lcd.o
    0x080046e4   0x00000020   Data   RO         4105    Region$$Table       anon$$obj.o


    Execution Region RW_IRAM1 (Base: 0x20000000, Size: 0x00007f30, Max: 0x00020000, ABSOLUTE)

    Base Addr    Size         Type   Attr      Idx    E Section Name        Object

    0x20000000   0x0000000c   Data   RW          152    .data               tftpserver.o
    0x2000000c   0x00000010   Data   RW          349    .data               main.o
    0x2000001c   0x00000004   Data   RW          399    .data               netconf.o
    0x20000020   0x00000008   Data   RW          450    .data               stm32f4x7_eth_bsp.o
    0x20000028   0x00000008   Data   RW          659    .data               ip_frag.o
    0x20000030   0x0000000c   Data   RW          926    .data               ip.o
    0x2000003c   0x00000004   Data   RW         1011    .data               udp.o
    0x20000040   0x00000010   Data   RW         1138    .data               mem.o
    0x20000050   0x0000000c   Data   RW         1233    .data               netif.o
    0x2000005c   0x00000004   Data   RW         1400    .data               raw.o
    0x20000060   0x00000001   Data   RW         1517    .data               etharp.o
    0x20000061   0x00000010   Data   RW         2933    .data               stm32f4xx_rcc.o
    0x20000071   0x00000003   PAD
    0x20000074   0x0000000c   Data   RW         3254    .data               stm32f4x7_eth.o
    0x20000080   0x00000010   Data   RW         3731    .data               stm324xg_eval_lcd.o
    0x20000090   0x00000034   Zero   RW          397    .bss                netconf.o
    0x200000c4   0x000005e0   Zero   RW          658    .bss                ip_frag.o
    0x200006a4   0x00001014   Zero   RW         1137    .bss                mem.o
    0x200016b8   0x000026db   Zero   RW         1182    .bss                memp.o
    0x20003d93   0x00000001   PAD
    0x20003d94   0x000000c8   Zero   RW         1515    .bss                etharp.o
    0x20003e5c   0x000000a0   Zero   RW         3249    .bss                stm32f4x7_eth.o
    0x20003efc   0x000000a0   Zero   RW         3250    .bss                stm32f4x7_eth.o
    0x20003f9c   0x00001dc4   Zero   RW         3251    .bss                stm32f4x7_eth.o
    0x20005d60   0x00001dc4   Zero   RW         3252    .bss                stm32f4x7_eth.o
    0x20007b24   0x0000000c   Zero   RW         3253    .bss                stm32f4x7_eth.o
    0x20007b30   0x00000400   Zero   RW          137    STACK               startup_stm32f4xx.o


==============================================================================

Image component sizes


      Code (inc. data)   RO Data    RW Data    ZI Data      Debug   Object Name

       418         22          0          0          0      10116   autoip.o
      1688         44         12          1        200      16165   etharp.o
       382         38          0          0          0       5718   ethernetif.o
       168          8          0          0          0       2582   flash_if.o
       394          0          0          0          0       4306   icmp.o
        16          0          0          0          0       3730   inet.o
       144          0          0          0          0       6521   inet_chksum.o
         0          0          0          0          0       1552   init.o
       672         24          0         12          0       9072   ip.o
        48          0          4          0          0       6225   ip_addr.o
      1240         34          0          8       1504      10753   ip_frag.o
       200         22          0         16          0      40153   main.o
       544         30          0         16       4116       6037   mem.o
       144         20         24          0       9947       3958   memp.o
       144         14          0          0          0       2801   misc.o
       144         28          0          4         52       5280   netconf.o
       196         12          0         12          0       9128   netif.o
       846          0          0          0          0      10165   pbuf.o
       104          4          0          4          0       2100   raw.o
        36          8        392          0       1024        888   startup_stm32f4xx.o
       108         12          0          0          0       1541   stm324xg_eval.o
       274         26       4560         16          0       8720   stm324xg_eval_lcd.o
      1644        158          0         12      15572      18642   stm32f4x7_eth.o
       858         92          0          8          0      23600   stm32f4x7_eth_bsp.o
       156         14          0          0          0       2944   stm32f4xx_exti.o
       286         28          0          0          0       4698   stm32f4xx_flash.o
       174          0          0          0          0       4563   stm32f4xx_gpio.o
        54          0          0          0          0       5681   stm32f4xx_it.o
       220         34          0         16          0       5463   stm32f4xx_rcc.o
        60         10          0          0          0       1582   stm32f4xx_syscfg.o
       272         36          0          0          0     243385   system_stm32f4xx.o
       586         50          0         12          0      20218   tftpserver.o
       724         18          0          4          0       9990   udp.o

    ----------------------------------------------------------------------
     12970        786       5024        144      32416     508277   Object Totals
         0          0         32          0          0          0   (incl. Generated)
        26          0          0          3          1          0   (incl. Padding)

    ----------------------------------------------------------------------

      Code (inc. data)   RO Data    RW Data    ZI Data      Debug   Library Member Name

         0          0          0          0          0          0   entry.o
         0          0          0          0          0          0   entry10a.o
         0          0          0          0          0          0   entry11a.o
         8          4          0          0          0          0   entry2.o
         4          0          0          0          0          0   entry5.o
         0          0          0          0          0          0   entry7b.o
         0          0          0          0          0          0   entry8b.o
         8          4          0          0          0          0   entry9a.o
        30          0          0          0          0          0   handlers.o
        36          8          0          0          0         68   init.o
        26          0          0          0          0         80   memcmp.o
        36          0          0          0          0         68   memcpya.o
        36          0          0          0          0        108   memseta.o

    ----------------------------------------------------------------------
       186         16          0          0          0        324   Library Totals
         2          0          0          0          0          0   (incl. Padding)

    ----------------------------------------------------------------------

      Code (inc. data)   RO Data    RW Data    ZI Data      Debug   Library Name

       184         16          0          0          0        324   mc_w.l

    ----------------------------------------------------------------------
       186         16          0          0          0        324   Library Totals

    ----------------------------------------------------------------------

==============================================================================


      Code (inc. data)   RO Data    RW Data    ZI Data      Debug   

     13156        802       5024        144      32416     493201   Grand Totals
     13156        802       5024        144      32416     493201   ELF Image Totals
     13156        802       5024        144          0          0   ROM Totals

==============================================================================

    Total RO  Size (Code + RO Data)                18180 (  17.75kB)
    Total RW  Size (RW Data + ZI Data)             32560 (  31.80kB)
    Total ROM Size (Code + RO Data + RW Data)      18324 (  17.89kB)

==============================================================================

