<html>
<body>
<pre>
<h1>礦ision Build Log</h1>
<h2>Tool Versions:</h2>
IDE-Version: μVision V5.21.1.0
Copyright (C) 2016 ARM Ltd and ARM Germany GmbH. All rights reserved.
License Information: 12 Microsoft, Microsoft, LIC=TIV74-F0HJT-721L9-4M5JL-39TM3-PDGM3
 
Tool Versions:
Toolchain:       MDK-ARM Plus  Version: 5.21a
Toolchain Path:  C:\Keil_v5\ARM\ARMCC\Bin
C Compiler:      Armcc.exe V5.06 update 3 (build 300)
Assembler:       Armasm.exe V5.06 update 3 (build 300)
Linker/Locator:  ArmLink.exe V5.06 update 3 (build 300)
Library Manager: ArmAr.exe V5.06 update 3 (build 300)
Hex Converter:   FromElf.exe V5.06 update 3 (build 300)
CPU DLL:         SARMCM3.DLL V5.21a
Dialog DLL:      DCM.DLL V1.13.8.0
Target DLL:      Segger\JL2CM3.dll V2.99.23.0
Dialog DLL:      TCM.DLL V1.14.14.0
 
<h2>Project:</h2>
C:\资料\通过网口下载程序2016616ok说明\通过网口下载程序2016616ok说明\stm32f4x7_eth_iap_l1\STM32F4x7_ETH_IAP_V1.0.0\Project\MDK-ARM\Project.uvprojx
Project File Date:  10/29/2016

<h2>Output:</h2>
*** Using Compiler 'V5.06 update 3 (build 300)', folder: 'C:\Keil_v5\ARM\ARMCC\Bin'
Build target 'STM324xG_EVAL'
assembling startup_stm32f4xx.s...
compiling httpserver.c...
compiling main.c...
compiling flash_if.c...
compiling netconf.c...
compiling system_stm32f4xx.c...
compiling tftpserver.c...
compiling stm32f4x7_eth_bsp.c...
compiling tcpip.c...
compiling stm32f4xx_it.c...
compiling api_lib.c...
compiling api_msg.c...
compiling err.c...
compiling netbuf.c...
compiling netdb.c...
compiling sockets.c...
compiling netifapi.c...
compiling ip_frag.c...
compiling autoip.c...
compiling igmp.c...
compiling icmp.c...
compiling inet_chksum.c...
compiling ip.c...
compiling inet.c...
compiling ip_addr.c...
compiling udp.c...
compiling dhcp.c...
compiling dns.c...
compiling init.c...
compiling mem.c...
..\..\Utilities\Third_Party\lwip_v1.3.2\src\core\mem.c(184): warning:  #550-D: variable "mem_sem" was set but never used
  static sys_sem_t mem_sem;
..\..\Utilities\Third_Party\lwip_v1.3.2\src\core\mem.c: 1 warning, 0 errors
compiling netif.c...
compiling memp.c...
compiling raw.c...
compiling stats.c...
compiling pbuf.c...
compiling sys.c...
compiling tcp.c...
compiling tcp_in.c...
compiling tcp_out.c...
compiling etharp.c...
compiling stm32f4xx_syscfg.c...
compiling stm32f4xx_sdio.c...
compiling stm32f4xx_usart.c...
compiling ethernetif.c...
compiling misc.c...
compiling stm32f4xx_dma.c...
compiling stm32f4xx_exti.c...
compiling stm32f4xx_fsmc.c...
compiling stm32f4xx_flash.c...
compiling stm32f4xx_gpio.c...
compiling stm32f4xx_i2c.c...
compiling stm32f4xx_rcc.c...
compiling stm32f4x7_eth.c...
compiling stm324xg_eval.c...
..\..\Utilities\STM32_EVAL\STM3240_41_G_EVAL\stm324xg_eval.c(247): warning:  #177-D: variable "EXTI_InitStructure" was declared but never referenced
    EXTI_InitTypeDef EXTI_InitStructure;
..\..\Utilities\STM32_EVAL\STM3240_41_G_EVAL\stm324xg_eval.c(248): warning:  #177-D: variable "NVIC_InitStructure" was declared but never referenced
    NVIC_InitTypeDef NVIC_InitStructure;
..\..\Utilities\STM32_EVAL\STM3240_41_G_EVAL\stm324xg_eval.c(267): warning:  #177-D: variable "EXTI_InitStructure" was declared but never referenced
    EXTI_InitTypeDef EXTI_InitStructure;
..\..\Utilities\STM32_EVAL\STM3240_41_G_EVAL\stm324xg_eval.c(268): warning:  #177-D: variable "NVIC_InitStructure" was declared but never referenced
    NVIC_InitTypeDef NVIC_InitStructure;
..\..\Utilities\STM32_EVAL\STM3240_41_G_EVAL\stm324xg_eval.c: 4 warnings, 0 errors
compiling stm324xg_eval_lcd.c...
linking...
Program Size: Code=13156 RO-data=5024 RW-data=144 ZI-data=32416  
FromELF: creating hex file...
After Build - User command #1: fromelf.exe --bin -o "C:\资料\通过网口下载程序2016616ok说明\通过网口下载程序2016616ok说明\stm32f4x7_eth_iap_l1\STM32F4x7_ETH_IAP_V1.0.0\Project\MDK-ARM\STM324xG_EVAL\test.bin" "C:\资料\通过网口下载程序2016616ok说明\通过网口下载程序2016616ok说明\stm32f4x7_eth_iap_l1\STM32F4x7_ETH_IAP_V1.0.0\Project\MDK-ARM\STM324xG_EVAL\test.axf"
".\STM324xG_EVAL\test.axf" - 0 Error(s), 5 Warning(s).

<h2>Collection of Component include folders:</h2>
  C:\资料\通过网口下载程序2016616ok说明\通过网口下载程序2016616ok说明\stm32f4x7_eth_iap_l1\STM32F4x7_ETH_IAP_V1.0.0\Project\MDK-ARM\RTE
  C:\Keil_v5\ARM\PACK\Keil\STM32F4xx_DFP\2.9.0\Drivers\CMSIS\Device\ST\STM32F4xx\Include

<h2>Collection of Component Files used:</h2>
Build Time Elapsed:  00:00:16
</pre>
</body>
</html>
